<?xml version="1.0" encoding="ISO-8859-1" ?>
<link_info>
   <banner>MSP430 Linker PC v20.2.5.LTS</banner>
   <copyright>Copyright (c) 2003-2018 Texas Instruments Incorporated</copyright>
   <link_time>0x618a0e19</link_time>
   <link_errors>0x0</link_errors>
   <output_file>NMPFirmware.out</output_file>
   <entry_point>
      <name>_c_int00_noargs</name>
      <address>0xda64</address>
   </entry_point>
   <input_file_list>
      <input_file id="fl-2">
         <path>.\src\</path>
         <kind>object</kind>
         <file>aht10.obj</file>
         <name>aht10.obj</name>
      </input_file>
      <input_file id="fl-3">
         <path>.\src\</path>
         <kind>object</kind>
         <file>clocks.obj</file>
         <name>clocks.obj</name>
      </input_file>
      <input_file id="fl-4">
         <path>.\src\</path>
         <kind>object</kind>
         <file>gpio_devices.obj</file>
         <name>gpio_devices.obj</name>
      </input_file>
      <input_file id="fl-5">
         <path>.\src\</path>
         <kind>object</kind>
         <file>main.obj</file>
         <name>main.obj</name>
      </input_file>
      <input_file id="fl-6">
         <path>.\src\</path>
         <kind>object</kind>
         <file>pc_comm.obj</file>
         <name>pc_comm.obj</name>
      </input_file>
      <input_file id="fl-b">
         <kind>object</kind>
         <file>&lt;internal&gt;</file>
         <name>&lt;internal&gt;</name>
      </input_file>
      <input_file id="fl-21">
         <path>C:\ti\ccs1040\ccs\tools\compiler\ti-cgt-msp430_20.2.5.LTS\lib\</path>
         <kind>archive</kind>
         <file>rts430_eabi.lib</file>
         <name>sprintf.c.obj</name>
      </input_file>
      <input_file id="fl-22">
         <path>C:\ti\ccs1040\ccs\tools\compiler\ti-cgt-msp430_20.2.5.LTS\lib\</path>
         <kind>archive</kind>
         <file>rts430_eabi.lib</file>
         <name>epilog.asm.obj</name>
      </input_file>
      <input_file id="fl-23">
         <path>C:\ti\ccs1040\ccs\tools\compiler\ti-cgt-msp430_20.2.5.LTS\lib\</path>
         <kind>archive</kind>
         <file>rts430_eabi.lib</file>
         <name>fs_add.asm.obj</name>
      </input_file>
      <input_file id="fl-24">
         <path>C:\ti\ccs1040\ccs\tools\compiler\ti-cgt-msp430_20.2.5.LTS\lib\</path>
         <kind>archive</kind>
         <file>rts430_eabi.lib</file>
         <name>fs_itof.asm.obj</name>
      </input_file>
      <input_file id="fl-25">
         <path>C:\ti\ccs1040\ccs\tools\compiler\ti-cgt-msp430_20.2.5.LTS\lib\</path>
         <kind>archive</kind>
         <file>rts430_eabi.lib</file>
         <name>fs_mpy.asm.obj</name>
      </input_file>
      <input_file id="fl-26">
         <path>C:\ti\ccs1040\ccs\tools\compiler\ti-cgt-msp430_20.2.5.LTS\lib\</path>
         <kind>archive</kind>
         <file>rts430_eabi.lib</file>
         <name>fs_toi.asm.obj</name>
      </input_file>
      <input_file id="fl-27">
         <path>C:\ti\ccs1040\ccs\tools\compiler\ti-cgt-msp430_20.2.5.LTS\lib\</path>
         <kind>archive</kind>
         <file>rts430_eabi.lib</file>
         <name>fs_ultof.asm.obj</name>
      </input_file>
      <input_file id="fl-28">
         <path>C:\ti\ccs1040\ccs\tools\compiler\ti-cgt-msp430_20.2.5.LTS\lib\</path>
         <kind>archive</kind>
         <file>rts430_eabi.lib</file>
         <name>int00.asm.obj</name>
      </input_file>
      <input_file id="fl-29">
         <path>C:\ti\ccs1040\ccs\tools\compiler\ti-cgt-msp430_20.2.5.LTS\lib\</path>
         <kind>archive</kind>
         <file>rts430_eabi.lib</file>
         <name>int02.asm.obj</name>
      </input_file>
      <input_file id="fl-2a">
         <path>C:\ti\ccs1040\ccs\tools\compiler\ti-cgt-msp430_20.2.5.LTS\lib\</path>
         <kind>archive</kind>
         <file>rts430_eabi.lib</file>
         <name>int03.asm.obj</name>
      </input_file>
      <input_file id="fl-2b">
         <path>C:\ti\ccs1040\ccs\tools\compiler\ti-cgt-msp430_20.2.5.LTS\lib\</path>
         <kind>archive</kind>
         <file>rts430_eabi.lib</file>
         <name>int05.asm.obj</name>
      </input_file>
      <input_file id="fl-2c">
         <path>C:\ti\ccs1040\ccs\tools\compiler\ti-cgt-msp430_20.2.5.LTS\lib\</path>
         <kind>archive</kind>
         <file>rts430_eabi.lib</file>
         <name>int06.asm.obj</name>
      </input_file>
      <input_file id="fl-2d">
         <path>C:\ti\ccs1040\ccs\tools\compiler\ti-cgt-msp430_20.2.5.LTS\lib\</path>
         <kind>archive</kind>
         <file>rts430_eabi.lib</file>
         <name>int08.asm.obj</name>
      </input_file>
      <input_file id="fl-2e">
         <path>C:\ti\ccs1040\ccs\tools\compiler\ti-cgt-msp430_20.2.5.LTS\lib\</path>
         <kind>archive</kind>
         <file>rts430_eabi.lib</file>
         <name>int10.asm.obj</name>
      </input_file>
      <input_file id="fl-2f">
         <path>C:\ti\ccs1040\ccs\tools\compiler\ti-cgt-msp430_20.2.5.LTS\lib\</path>
         <kind>archive</kind>
         <file>rts430_eabi.lib</file>
         <name>int11.asm.obj</name>
      </input_file>
      <input_file id="fl-30">
         <path>C:\ti\ccs1040\ccs\tools\compiler\ti-cgt-msp430_20.2.5.LTS\lib\</path>
         <kind>archive</kind>
         <file>rts430_eabi.lib</file>
         <name>int12.asm.obj</name>
      </input_file>
      <input_file id="fl-31">
         <path>C:\ti\ccs1040\ccs\tools\compiler\ti-cgt-msp430_20.2.5.LTS\lib\</path>
         <kind>archive</kind>
         <file>rts430_eabi.lib</file>
         <name>int13.asm.obj</name>
      </input_file>
      <input_file id="fl-32">
         <path>C:\ti\ccs1040\ccs\tools\compiler\ti-cgt-msp430_20.2.5.LTS\lib\</path>
         <kind>archive</kind>
         <file>rts430_eabi.lib</file>
         <name>int14.asm.obj</name>
      </input_file>
      <input_file id="fl-33">
         <path>C:\ti\ccs1040\ccs\tools\compiler\ti-cgt-msp430_20.2.5.LTS\lib\</path>
         <kind>archive</kind>
         <file>rts430_eabi.lib</file>
         <name>isr_trap.asm.obj</name>
      </input_file>
      <input_file id="fl-34">
         <path>C:\ti\ccs1040\ccs\tools\compiler\ti-cgt-msp430_20.2.5.LTS\lib\</path>
         <kind>archive</kind>
         <file>rts430_eabi.lib</file>
         <name>boot.c.obj</name>
      </input_file>
      <input_file id="fl-35">
         <path>C:\ti\ccs1040\ccs\tools\compiler\ti-cgt-msp430_20.2.5.LTS\lib\</path>
         <kind>archive</kind>
         <file>rts430_eabi.lib</file>
         <name>autoinit.c.obj</name>
      </input_file>
      <input_file id="fl-36">
         <path>C:\ti\ccs1040\ccs\tools\compiler\ti-cgt-msp430_20.2.5.LTS\lib\</path>
         <kind>archive</kind>
         <file>rts430_eabi.lib</file>
         <name>copy_zero_init.c.obj</name>
      </input_file>
      <input_file id="fl-37">
         <path>C:\ti\ccs1040\ccs\tools\compiler\ti-cgt-msp430_20.2.5.LTS\lib\</path>
         <kind>archive</kind>
         <file>rts430_eabi.lib</file>
         <name>cpy_tbl.c.obj</name>
      </input_file>
      <input_file id="fl-38">
         <path>C:\ti\ccs1040\ccs\tools\compiler\ti-cgt-msp430_20.2.5.LTS\lib\</path>
         <kind>archive</kind>
         <file>rts430_eabi.lib</file>
         <name>mpu_init.c.obj</name>
      </input_file>
      <input_file id="fl-39">
         <path>C:\ti\ccs1040\ccs\tools\compiler\ti-cgt-msp430_20.2.5.LTS\lib\</path>
         <kind>archive</kind>
         <file>rts430_eabi.lib</file>
         <name>pre_init.c.obj</name>
      </input_file>
      <input_file id="fl-3a">
         <path>C:\ti\ccs1040\ccs\tools\compiler\ti-cgt-msp430_20.2.5.LTS\lib\</path>
         <kind>archive</kind>
         <file>rts430_eabi.lib</file>
         <name>startup.c.obj</name>
      </input_file>
      <input_file id="fl-3b">
         <path>C:\ti\ccs1040\ccs\tools\compiler\ti-cgt-msp430_20.2.5.LTS\lib\</path>
         <kind>archive</kind>
         <file>rts430_eabi.lib</file>
         <name>copy_decompress_none.c.obj</name>
      </input_file>
      <input_file id="fl-3c">
         <path>C:\ti\ccs1040\ccs\tools\compiler\ti-cgt-msp430_20.2.5.LTS\lib\</path>
         <kind>archive</kind>
         <file>rts430_eabi.lib</file>
         <name>copy_decompress_lzss.c.obj</name>
      </input_file>
      <input_file id="fl-3d">
         <path>C:\ti\ccs1040\ccs\tools\compiler\ti-cgt-msp430_20.2.5.LTS\lib\</path>
         <kind>archive</kind>
         <file>rts430_eabi.lib</file>
         <name>cvtfd.c.obj</name>
      </input_file>
      <input_file id="fl-3e">
         <path>C:\ti\ccs1040\ccs\tools\compiler\ti-cgt-msp430_20.2.5.LTS\lib\</path>
         <kind>archive</kind>
         <file>rts430_eabi.lib</file>
         <name>mpyd.c.obj</name>
      </input_file>
      <input_file id="fl-3f">
         <path>C:\ti\ccs1040\ccs\tools\compiler\ti-cgt-msp430_20.2.5.LTS\lib\</path>
         <kind>archive</kind>
         <file>rts430_eabi.lib</file>
         <name>subd.c.obj</name>
      </input_file>
      <input_file id="fl-40">
         <path>C:\ti\ccs1040\ccs\tools\compiler\ti-cgt-msp430_20.2.5.LTS\lib\</path>
         <kind>archive</kind>
         <file>rts430_eabi.lib</file>
         <name>cvtdf.c.obj</name>
      </input_file>
      <input_file id="fl-41">
         <path>C:\ti\ccs1040\ccs\tools\compiler\ti-cgt-msp430_20.2.5.LTS\lib\</path>
         <kind>archive</kind>
         <file>rts430_eabi.lib</file>
         <name>exit.c.obj</name>
      </input_file>
      <input_file id="fl-42">
         <path>C:\ti\ccs1040\ccs\tools\compiler\ti-cgt-msp430_20.2.5.LTS\lib\</path>
         <kind>archive</kind>
         <file>rts430_eabi.lib</file>
         <name>_lock.c.obj</name>
      </input_file>
      <input_file id="fl-43">
         <path>C:\ti\ccs1040\ccs\tools\compiler\ti-cgt-msp430_20.2.5.LTS\lib\</path>
         <kind>archive</kind>
         <file>rts430_eabi.lib</file>
         <name>args_main.c.obj</name>
      </input_file>
      <input_file id="fl-44">
         <path>C:\ti\ccs1040\ccs\tools\compiler\ti-cgt-msp430_20.2.5.LTS\lib\</path>
         <kind>archive</kind>
         <file>rts430_eabi.lib</file>
         <name>memcpy.c.obj</name>
      </input_file>
      <input_file id="fl-45">
         <path>C:\ti\ccs1040\ccs\tools\compiler\ti-cgt-msp430_20.2.5.LTS\lib\</path>
         <kind>archive</kind>
         <file>rts430_eabi.lib</file>
         <name>strcmp.c.obj</name>
      </input_file>
      <input_file id="fl-46">
         <path>C:\ti\ccs1040\ccs\tools\compiler\ti-cgt-msp430_20.2.5.LTS\lib\</path>
         <kind>archive</kind>
         <file>rts430_eabi.lib</file>
         <name>strlen.c.obj</name>
      </input_file>
      <input_file id="fl-47">
         <path>C:\ti\ccs1040\ccs\tools\compiler\ti-cgt-msp430_20.2.5.LTS\lib\</path>
         <kind>archive</kind>
         <file>rts430_eabi.lib</file>
         <name>_printfi_min.c.obj</name>
      </input_file>
      <input_file id="fl-48">
         <path>C:\ti\ccs1040\ccs\tools\compiler\ti-cgt-msp430_20.2.5.LTS\lib\</path>
         <kind>archive</kind>
         <file>rts430_eabi.lib</file>
         <name>asr16.asm.obj</name>
      </input_file>
      <input_file id="fl-49">
         <path>C:\ti\ccs1040\ccs\tools\compiler\ti-cgt-msp430_20.2.5.LTS\lib\</path>
         <kind>archive</kind>
         <file>rts430_eabi.lib</file>
         <name>asr32.asm.obj</name>
      </input_file>
      <input_file id="fl-4a">
         <path>C:\ti\ccs1040\ccs\tools\compiler\ti-cgt-msp430_20.2.5.LTS\lib\</path>
         <kind>archive</kind>
         <file>rts430_eabi.lib</file>
         <name>div16u.asm.obj</name>
      </input_file>
      <input_file id="fl-4b">
         <path>C:\ti\ccs1040\ccs\tools\compiler\ti-cgt-msp430_20.2.5.LTS\lib\</path>
         <kind>archive</kind>
         <file>rts430_eabi.lib</file>
         <name>lsl16.asm.obj</name>
      </input_file>
      <input_file id="fl-4c">
         <path>C:\ti\ccs1040\ccs\tools\compiler\ti-cgt-msp430_20.2.5.LTS\lib\</path>
         <kind>archive</kind>
         <file>rts430_eabi.lib</file>
         <name>lsl32.asm.obj</name>
      </input_file>
      <input_file id="fl-4d">
         <path>C:\ti\ccs1040\ccs\tools\compiler\ti-cgt-msp430_20.2.5.LTS\lib\</path>
         <kind>archive</kind>
         <file>rts430_eabi.lib</file>
         <name>lsr16.asm.obj</name>
      </input_file>
      <input_file id="fl-4e">
         <path>C:\ti\ccs1040\ccs\tools\compiler\ti-cgt-msp430_20.2.5.LTS\lib\</path>
         <kind>archive</kind>
         <file>rts430_eabi.lib</file>
         <name>mult16.asm.obj</name>
      </input_file>
      <input_file id="fl-4f">
         <path>C:\ti\ccs1040\ccs\tools\compiler\ti-cgt-msp430_20.2.5.LTS\lib\</path>
         <kind>archive</kind>
         <file>rts430_eabi.lib</file>
         <name>exit_gvars.c.obj</name>
      </input_file>
      <input_file id="fl-50">
         <path>C:\ti\ccs1040\ccs\tools\compiler\ti-cgt-msp430_20.2.5.LTS\lib\</path>
         <kind>archive</kind>
         <file>rts430_eabi.lib</file>
         <name>lsr64.c.obj</name>
      </input_file>
      <input_file id="fl-51">
         <path>C:\ti\ccs1040\ccs\tools\compiler\ti-cgt-msp430_20.2.5.LTS\lib\</path>
         <kind>archive</kind>
         <file>rts430_eabi.lib</file>
         <name>addd.c.obj</name>
      </input_file>
      <input_file id="fl-52">
         <path>C:\ti\ccs1040\ccs\tools\compiler\ti-cgt-msp430_20.2.5.LTS\lib\</path>
         <kind>archive</kind>
         <file>rts430_eabi.lib</file>
         <name>frcmpyd.c.obj</name>
      </input_file>
      <input_file id="fl-53">
         <path>C:\ti\ccs1040\ccs\tools\compiler\ti-cgt-msp430_20.2.5.LTS\lib\</path>
         <kind>archive</kind>
         <file>rts430_eabi.lib</file>
         <name>memccpy.c.obj</name>
      </input_file>
      <input_file id="fl-54">
         <path>C:\ti\ccs1040\ccs\tools\compiler\ti-cgt-msp430_20.2.5.LTS\lib\</path>
         <kind>archive</kind>
         <file>rts430_eabi.lib</file>
         <name>memset.c.obj</name>
      </input_file>
      <input_file id="fl-55">
         <path>C:\ti\ccs1040\ccs\tools\compiler\ti-cgt-msp430_20.2.5.LTS\lib\</path>
         <kind>archive</kind>
         <file>rts430_eabi.lib</file>
         <name>mult3264.asm.obj</name>
      </input_file>
      <input_file id="fl-56">
         <path>C:\ti\ccs1040\ccs\tools\compiler\ti-cgt-msp430_20.2.5.LTS\lib\</path>
         <kind>archive</kind>
         <file>rts430_eabi.lib</file>
         <name>mult64.asm.obj</name>
      </input_file>
      <input_file id="fl-57">
         <path>C:\ti\ccs1040\ccs\tools\compiler\ti-cgt-msp430_20.2.5.LTS\lib\</path>
         <kind>archive</kind>
         <file>rts430_eabi.lib</file>
         <name>asr64.c.obj</name>
      </input_file>
      <input_file id="fl-58">
         <path>C:\ti\ccs1040\ccs\tools\compiler\ti-cgt-msp430_20.2.5.LTS\lib\</path>
         <kind>archive</kind>
         <file>rts430_eabi.lib</file>
         <name>lsl64.c.obj</name>
      </input_file>
      <input_file id="fl-59">
         <path>C:\ti\ccs1040\ccs\tools\compiler\ti-cgt-msp430_20.2.5.LTS\lib\</path>
         <kind>archive</kind>
         <file>rts430_eabi.lib</file>
         <name>mult1632.asm.obj</name>
      </input_file>
      <input_file id="fl-5a">
         <path>C:\ti\ccs1040\ccs\tools\compiler\ti-cgt-msp430_20.2.5.LTS\lib\</path>
         <kind>archive</kind>
         <file>rts430_eabi.lib</file>
         <name>mult32.asm.obj</name>
      </input_file>
   </input_file_list>
   <object_component_list>
      <object_component id="oc-146">
         <name>.common:uca0_rx_buffer</name>
         <uninitialized>true</uninitialized>
         <run_address>0x200</run_address>
         <size>0x82</size>
      </object_component>
      <object_component id="oc-2cc">
         <name>.data:AHT10_CALIBRATE</name>
         <load_address>0x282</load_address>
         <run_address>0x282</run_address>
         <size>0x3</size>
         <input_file_ref idref="fl-2"/>
      </object_component>
      <object_component id="oc-2cf">
         <name>.data:AHT10_NORMAL</name>
         <load_address>0x28a</load_address>
         <run_address>0x28a</run_address>
         <size>0x3</size>
         <input_file_ref idref="fl-2"/>
      </object_component>
      <object_component id="oc-27f">
         <name>.data:AHT10_MEASURE</name>
         <load_address>0x286</load_address>
         <run_address>0x286</run_address>
         <size>0x3</size>
         <input_file_ref idref="fl-2"/>
      </object_component>
      <object_component id="oc-143">
         <name>.data</name>
         <load_address>0x28e</load_address>
         <run_address>0x28e</run_address>
         <size>0x2</size>
         <input_file_ref idref="fl-6"/>
      </object_component>
      <object_component id="oc-b1">
         <name>.stack</name>
         <uninitialized>true</uninitialized>
         <run_address>0x3b0</run_address>
         <size>0x2</size>
         <input_file_ref idref="fl-34"/>
      </object_component>
      <object_component id="oc-413">
         <name>.stack</name>
         <uninitialized>true</uninitialized>
         <run_address>0x3b0</run_address>
         <size>0x0</size>
      </object_component>
      <object_component id="oc-32d">
         <name>.text:__mspabi_addd</name>
         <load_address>0xc000</load_address>
         <run_address>0xc000</run_address>
         <size>0x736</size>
         <input_file_ref idref="fl-51"/>
      </object_component>
      <object_component id="oc-299">
         <name>.text:__mspabi_mpyd</name>
         <load_address>0xc736</load_address>
         <run_address>0xc736</run_address>
         <size>0x2c0</size>
         <input_file_ref idref="fl-3e"/>
      </object_component>
      <object_component id="oc-320">
         <name>.text:__TI_frcmpyd</name>
         <load_address>0xc9f6</load_address>
         <run_address>0xc9f6</run_address>
         <size>0x172</size>
         <input_file_ref idref="fl-52"/>
      </object_component>
      <object_component id="oc-218">
         <name>.text</name>
         <load_address>0xcb68</load_address>
         <run_address>0xcb68</run_address>
         <size>0x132</size>
         <input_file_ref idref="fl-23"/>
      </object_component>
      <object_component id="oc-1a1">
         <name>.text:pc_comm_process</name>
         <load_address>0xcc9a</load_address>
         <run_address>0xcc9a</run_address>
         <size>0x120</size>
         <input_file_ref idref="fl-6"/>
      </object_component>
      <object_component id="oc-33d">
         <name>.text:_setfield</name>
         <load_address>0xcdba</load_address>
         <run_address>0xcdba</run_address>
         <size>0x116</size>
         <input_file_ref idref="fl-47"/>
      </object_component>
      <object_component id="oc-370">
         <name>.text:__mpyll</name>
         <load_address>0xced0</load_address>
         <run_address>0xced0</run_address>
         <size>0x114</size>
         <input_file_ref idref="fl-56"/>
      </object_component>
      <object_component id="oc-2bc">
         <name>.text:__TI_printfi_minimal</name>
         <load_address>0xcfe4</load_address>
         <run_address>0xcfe4</run_address>
         <size>0xec</size>
         <input_file_ref idref="fl-47"/>
      </object_component>
      <object_component id="oc-395">
         <name>.text:_pproc_diouxp</name>
         <load_address>0xd0d0</load_address>
         <run_address>0xd0d0</run_address>
         <size>0xca</size>
         <input_file_ref idref="fl-47"/>
      </object_component>
      <object_component id="oc-21d">
         <name>.text</name>
         <load_address>0xd19a</load_address>
         <run_address>0xd19a</run_address>
         <size>0xc4</size>
         <input_file_ref idref="fl-25"/>
      </object_component>
      <object_component id="oc-2a5">
         <name>.text:__mspabi_cvtdf</name>
         <load_address>0xd25e</load_address>
         <run_address>0xd25e</run_address>
         <size>0xb4</size>
         <input_file_ref idref="fl-40"/>
      </object_component>
      <object_component id="oc-208">
         <name>.text:aht10_read_temp</name>
         <load_address>0xd312</load_address>
         <run_address>0xd312</run_address>
         <size>0x88</size>
         <input_file_ref idref="fl-2"/>
      </object_component>
      <object_component id="oc-34">
         <name>.text:decompress:lzss:__TI_decompress_lzss</name>
         <load_address>0xd39a</load_address>
         <run_address>0xd39a</run_address>
         <size>0x7c</size>
         <input_file_ref idref="fl-3c"/>
      </object_component>
      <object_component id="oc-293">
         <name>.text:__mspabi_cvtfd</name>
         <load_address>0xd416</load_address>
         <run_address>0xd416</run_address>
         <size>0x70</size>
         <input_file_ref idref="fl-3d"/>
      </object_component>
      <object_component id="oc-e1">
         <name>.text:pc_comm_rx_isr</name>
         <load_address>0xd486</load_address>
         <run_address>0xd486</run_address>
         <size>0x6c</size>
         <input_file_ref idref="fl-6"/>
      </object_component>
      <object_component id="oc-20e">
         <name>.text</name>
         <load_address>0xd4f2</load_address>
         <run_address>0xd4f2</run_address>
         <size>0x68</size>
         <input_file_ref idref="fl-26"/>
      </object_component>
      <object_component id="oc-ba">
         <name>.text</name>
         <load_address>0xd55a</load_address>
         <run_address>0xd55a</run_address>
         <size>0x4c</size>
         <input_file_ref idref="fl-4d"/>
      </object_component>
      <object_component id="oc-383">
         <name>.text:__mspabi_srall</name>
         <load_address>0xd5a6</load_address>
         <run_address>0xd5a6</run_address>
         <size>0x4a</size>
         <input_file_ref idref="fl-57"/>
      </object_component>
      <object_component id="oc-288">
         <name>.text:i2c_b0_rx</name>
         <load_address>0xd5f0</load_address>
         <run_address>0xd5f0</run_address>
         <size>0x4a</size>
         <input_file_ref idref="fl-2"/>
      </object_component>
      <object_component id="oc-282">
         <name>.text:i2c_b0_tx</name>
         <load_address>0xd63a</load_address>
         <run_address>0xd63a</run_address>
         <size>0x48</size>
         <input_file_ref idref="fl-2"/>
      </object_component>
      <object_component id="oc-37a">
         <name>.text:__mspabi_srlll</name>
         <load_address>0xd682</load_address>
         <run_address>0xd682</run_address>
         <size>0x46</size>
         <input_file_ref idref="fl-50"/>
      </object_component>
      <object_component id="oc-36a">
         <name>.text:__mspabi_sllll</name>
         <load_address>0xd6c8</load_address>
         <run_address>0xd6c8</run_address>
         <size>0x44</size>
         <input_file_ref idref="fl-58"/>
      </object_component>
      <object_component id="oc-1b4">
         <name>.text:__TI_auto_init_nobinit_nopinit:__TI_auto_init_nobinit_nopinit</name>
         <load_address>0xd70c</load_address>
         <run_address>0xd70c</run_address>
         <size>0x42</size>
         <input_file_ref idref="fl-35"/>
      </object_component>
      <object_component id="oc-314">
         <name>.text:l_asr_const</name>
         <load_address>0xd74e</load_address>
         <run_address>0xd74e</run_address>
         <size>0x3e</size>
         <input_file_ref idref="fl-49"/>
      </object_component>
      <object_component id="oc-334">
         <name>.text:l_lsl_const</name>
         <load_address>0xd78c</load_address>
         <run_address>0xd78c</run_address>
         <size>0x3e</size>
         <input_file_ref idref="fl-4c"/>
      </object_component>
      <object_component id="oc-195">
         <name>.text:init_gpio</name>
         <load_address>0xd7ca</load_address>
         <run_address>0xd7ca</run_address>
         <size>0x3c</size>
         <input_file_ref idref="fl-4"/>
      </object_component>
      <object_component id="oc-19b">
         <name>.text:init_pc_uart</name>
         <load_address>0xd806</load_address>
         <run_address>0xd806</run_address>
         <size>0x3a</size>
         <input_file_ref idref="fl-6"/>
      </object_component>
      <object_component id="oc-222">
         <name>.text:sprintf</name>
         <load_address>0xd840</load_address>
         <run_address>0xd840</run_address>
         <size>0x38</size>
         <input_file_ref idref="fl-21"/>
      </object_component>
      <object_component id="oc-213">
         <name>.text</name>
         <load_address>0xd878</load_address>
         <run_address>0xd878</run_address>
         <size>0x36</size>
         <input_file_ref idref="fl-24"/>
      </object_component>
      <object_component id="oc-28e">
         <name>.text</name>
         <load_address>0xd8ae</load_address>
         <run_address>0xd8ae</run_address>
         <size>0x32</size>
         <input_file_ref idref="fl-27"/>
      </object_component>
      <object_component id="oc-29f">
         <name>.text:__mspabi_subd</name>
         <load_address>0xd8e0</load_address>
         <run_address>0xd8e0</run_address>
         <size>0x2e</size>
         <input_file_ref idref="fl-3f"/>
      </object_component>
      <object_component id="oc-30f">
         <name>.text</name>
         <load_address>0xd90e</load_address>
         <run_address>0xd90e</run_address>
         <size>0x2c</size>
         <input_file_ref idref="fl-48"/>
      </object_component>
      <object_component id="oc-b5">
         <name>.text</name>
         <load_address>0xd93a</load_address>
         <run_address>0xd93a</run_address>
         <size>0x2c</size>
         <input_file_ref idref="fl-4b"/>
      </object_component>
      <object_component id="oc-2c6">
         <name>.text:i2c_b0_init</name>
         <load_address>0xd966</load_address>
         <run_address>0xd966</run_address>
         <size>0x28</size>
         <input_file_ref idref="fl-2"/>
      </object_component>
      <object_component id="oc-1f5">
         <name>.text:send_string_to_pc</name>
         <load_address>0xd98e</load_address>
         <run_address>0xd98e</run_address>
         <size>0x28</size>
         <input_file_ref idref="fl-6"/>
      </object_component>
      <object_component id="oc-234">
         <name>.text:aht10_init</name>
         <load_address>0xd9b6</load_address>
         <run_address>0xd9b6</run_address>
         <size>0x26</size>
         <input_file_ref idref="fl-2"/>
      </object_component>
      <object_component id="oc-3aa">
         <name>.text</name>
         <load_address>0xd9dc</load_address>
         <run_address>0xd9dc</run_address>
         <size>0x26</size>
         <input_file_ref idref="fl-5a"/>
      </object_component>
      <object_component id="oc-3af">
         <name>.text:__mpyul</name>
         <load_address>0xda02</load_address>
         <run_address>0xda02</run_address>
         <size>0x22</size>
         <input_file_ref idref="fl-59"/>
      </object_component>
      <object_component id="oc-39b">
         <name>.text:memccpy</name>
         <load_address>0xda24</load_address>
         <run_address>0xda24</run_address>
         <size>0x22</size>
         <input_file_ref idref="fl-53"/>
      </object_component>
      <object_component id="oc-375">
         <name>.text:__mpyull</name>
         <load_address>0xda46</load_address>
         <run_address>0xda46</run_address>
         <size>0x1e</size>
         <input_file_ref idref="fl-55"/>
      </object_component>
      <object_component id="oc-ff">
         <name>.text:_c_int00_noargs</name>
         <load_address>0xda64</load_address>
         <run_address>0xda64</run_address>
         <size>0x1c</size>
         <input_file_ref idref="fl-34"/>
      </object_component>
      <object_component id="oc-2b0">
         <name>.text:_outs</name>
         <load_address>0xda80</load_address>
         <run_address>0xda80</run_address>
         <size>0x1a</size>
         <input_file_ref idref="fl-21"/>
      </object_component>
      <object_component id="oc-159">
         <name>.text:main</name>
         <load_address>0xda9a</load_address>
         <run_address>0xda9a</run_address>
         <size>0x18</size>
         <input_file_ref idref="fl-5"/>
      </object_component>
      <object_component id="oc-202">
         <name>.text:strcmp</name>
         <load_address>0xdab2</load_address>
         <run_address>0xdab2</run_address>
         <size>0x18</size>
         <input_file_ref idref="fl-45"/>
      </object_component>
      <object_component id="oc-306">
         <name>.text:i2c_b0_is_error</name>
         <load_address>0xdaca</load_address>
         <run_address>0xdaca</run_address>
         <size>0x16</size>
         <input_file_ref idref="fl-2"/>
      </object_component>
      <object_component id="oc-3bc">
         <name>.text</name>
         <load_address>0xdae0</load_address>
         <run_address>0xdae0</run_address>
         <size>0x16</size>
         <input_file_ref idref="fl-4a"/>
      </object_component>
      <object_component id="oc-ed">
         <name>.text:decompress:ZI:__TI_zero_init_nomemset:__TI_zero_init_nomemset</name>
         <load_address>0xdaf6</load_address>
         <run_address>0xdaf6</run_address>
         <size>0x14</size>
         <input_file_ref idref="fl-36"/>
      </object_component>
      <object_component id="oc-38e">
         <name>.text:memset</name>
         <load_address>0xdb0a</load_address>
         <run_address>0xdb0a</run_address>
         <size>0x14</size>
         <input_file_ref idref="fl-54"/>
      </object_component>
      <object_component id="oc-2f4">
         <name>.text</name>
         <load_address>0xdb1e</load_address>
         <run_address>0xdb1e</run_address>
         <size>0x14</size>
         <input_file_ref idref="fl-4e"/>
      </object_component>
      <object_component id="oc-2b6">
         <name>.text:_outc</name>
         <load_address>0xdb32</load_address>
         <run_address>0xdb32</run_address>
         <size>0x12</size>
         <input_file_ref idref="fl-21"/>
      </object_component>
      <object_component id="oc-3a">
         <name>.text:decompress:none:__TI_decompress_none</name>
         <load_address>0xdb44</load_address>
         <run_address>0xdb44</run_address>
         <size>0x12</size>
         <input_file_ref idref="fl-3b"/>
      </object_component>
      <object_component id="oc-18f">
         <name>.text:init_clocks</name>
         <load_address>0xdb56</load_address>
         <run_address>0xdb56</run_address>
         <size>0x12</size>
         <input_file_ref idref="fl-3"/>
      </object_component>
      <object_component id="oc-cf">
         <name>.text:memcpy</name>
         <load_address>0xdb68</load_address>
         <run_address>0xdb68</run_address>
         <size>0x12</size>
         <input_file_ref idref="fl-44"/>
      </object_component>
      <object_component id="oc-bf">
         <name>.text</name>
         <load_address>0xdb7a</load_address>
         <run_address>0xdb7a</run_address>
         <size>0x10</size>
         <input_file_ref idref="fl-22"/>
      </object_component>
      <object_component id="oc-275">
         <name>.text:strlen</name>
         <load_address>0xdb8a</load_address>
         <run_address>0xdb8a</run_address>
         <size>0xe</size>
         <input_file_ref idref="fl-46"/>
      </object_component>
      <object_component id="oc-1fc">
         <name>.text:send_byte_to_pc</name>
         <load_address>0xdb98</load_address>
         <run_address>0xdb98</run_address>
         <size>0xc</size>
         <input_file_ref idref="fl-6"/>
      </object_component>
      <object_component id="oc-dc">
         <name>.text:_isr:__TI_ISR_TRAP</name>
         <load_address>0xdba4</load_address>
         <run_address>0xdba4</run_address>
         <size>0x8</size>
         <input_file_ref idref="fl-33"/>
      </object_component>
      <object_component id="oc-e7">
         <name>.text:blink_power_led</name>
         <load_address>0xdbac</load_address>
         <run_address>0xdbac</run_address>
         <size>0x8</size>
         <input_file_ref idref="fl-4"/>
      </object_component>
      <object_component id="oc-228">
         <name>.text:disable_sensors</name>
         <load_address>0xdbb4</load_address>
         <run_address>0xdbb4</run_address>
         <size>0x8</size>
         <input_file_ref idref="fl-4"/>
      </object_component>
      <object_component id="oc-22e">
         <name>.text:enable_sensors</name>
         <load_address>0xdbbc</load_address>
         <run_address>0xdbbc</run_address>
         <size>0x8</size>
         <input_file_ref idref="fl-4"/>
      </object_component>
      <object_component id="oc-1a8">
         <name>.text:abort</name>
         <load_address>0xdbc4</load_address>
         <run_address>0xdbc4</run_address>
         <size>0x6</size>
         <input_file_ref idref="fl-41"/>
      </object_component>
      <object_component id="oc-153">
         <name>.text:_system_pre_init</name>
         <load_address>0xdbca</load_address>
         <run_address>0xdbca</run_address>
         <size>0x4</size>
         <input_file_ref idref="fl-39"/>
      </object_component>
      <object_component id="oc-24d">
         <name>.text:_system_post_cinit</name>
         <load_address>0xdbce</load_address>
         <run_address>0xdbce</run_address>
         <size>0x2</size>
         <input_file_ref idref="fl-3a"/>
      </object_component>
      <object_component id="oc-412">
         <name>.cinit..data.load</name>
         <load_address>0xdd26</load_address>
         <run_address>0xdd26</run_address>
         <size>0x11</size>
      </object_component>
      <object_component id="oc-40f">
         <name>__TI_handler_table</name>
         <load_address>0xdd38</load_address>
         <run_address>0xdd38</run_address>
         <size>0x6</size>
      </object_component>
      <object_component id="oc-411">
         <name>.cinit..bss.load</name>
         <load_address>0xdd3e</load_address>
         <run_address>0xdd3e</run_address>
         <size>0x4</size>
      </object_component>
      <object_component id="oc-410">
         <name>__TI_cinit_table</name>
         <load_address>0xdd42</load_address>
         <run_address>0xdd42</run_address>
         <size>0x8</size>
      </object_component>
      <object_component id="oc-1f4">
         <name>.const:.string</name>
         <load_address>0xdbd0</load_address>
         <run_address>0xdbd0</run_address>
         <size>0x142</size>
         <input_file_ref idref="fl-6"/>
      </object_component>
      <object_component id="oc-394">
         <name>.const:.string</name>
         <load_address>0xdd12</load_address>
         <run_address>0xdd12</run_address>
         <size>0x14</size>
         <input_file_ref idref="fl-47"/>
      </object_component>
      <object_component id="oc-3d1">
         <name>.binit</name>
         <load_address>0xc000</load_address>
         <run_address>0xc000</run_address>
         <size>0x0</size>
      </object_component>
      <object_component id="oc-40">
         <name>.int00</name>
         <load_address>0xffe0</load_address>
         <run_address>0xffe0</run_address>
         <size>0x2</size>
         <input_file_ref idref="fl-28"/>
      </object_component>
      <object_component id="oc-41">
         <name>.int02</name>
         <load_address>0xffe4</load_address>
         <run_address>0xffe4</run_address>
         <size>0x2</size>
         <input_file_ref idref="fl-29"/>
      </object_component>
      <object_component id="oc-42">
         <name>.int03</name>
         <load_address>0xffe6</load_address>
         <run_address>0xffe6</run_address>
         <size>0x2</size>
         <input_file_ref idref="fl-2a"/>
      </object_component>
      <object_component id="oc-43">
         <name>.int05</name>
         <load_address>0xffea</load_address>
         <run_address>0xffea</run_address>
         <size>0x2</size>
         <input_file_ref idref="fl-2b"/>
      </object_component>
      <object_component id="oc-44">
         <name>.int06</name>
         <load_address>0xffec</load_address>
         <run_address>0xffec</run_address>
         <size>0x2</size>
         <input_file_ref idref="fl-2c"/>
      </object_component>
      <object_component id="oc-45">
         <name>.int07</name>
         <load_address>0xffee</load_address>
         <run_address>0xffee</run_address>
         <size>0x2</size>
         <input_file_ref idref="fl-6"/>
      </object_component>
      <object_component id="oc-46">
         <name>.int08</name>
         <load_address>0xfff0</load_address>
         <run_address>0xfff0</run_address>
         <size>0x2</size>
         <input_file_ref idref="fl-2d"/>
      </object_component>
      <object_component id="oc-47">
         <name>.int09</name>
         <load_address>0xfff2</load_address>
         <run_address>0xfff2</run_address>
         <size>0x2</size>
         <input_file_ref idref="fl-4"/>
      </object_component>
      <object_component id="oc-48">
         <name>.int10</name>
         <load_address>0xfff4</load_address>
         <run_address>0xfff4</run_address>
         <size>0x2</size>
         <input_file_ref idref="fl-2e"/>
      </object_component>
      <object_component id="oc-49">
         <name>.int11</name>
         <load_address>0xfff6</load_address>
         <run_address>0xfff6</run_address>
         <size>0x2</size>
         <input_file_ref idref="fl-2f"/>
      </object_component>
      <object_component id="oc-4a">
         <name>.int12</name>
         <load_address>0xfff8</load_address>
         <run_address>0xfff8</run_address>
         <size>0x2</size>
         <input_file_ref idref="fl-30"/>
      </object_component>
      <object_component id="oc-4b">
         <name>.int13</name>
         <load_address>0xfffa</load_address>
         <run_address>0xfffa</run_address>
         <size>0x2</size>
         <input_file_ref idref="fl-31"/>
      </object_component>
      <object_component id="oc-4c">
         <name>.int14</name>
         <load_address>0xfffc</load_address>
         <run_address>0xfffc</run_address>
         <size>0x2</size>
         <input_file_ref idref="fl-32"/>
      </object_component>
      <object_component id="oc-b4">
         <name>.reset</name>
         <load_address>0xfffe</load_address>
         <run_address>0xfffe</run_address>
         <size>0x2</size>
         <input_file_ref idref="fl-34"/>
      </object_component>
      <object_component id="oc-1f1">
         <name>.debug_info</name>
         <load_address>0x0</load_address>
         <run_address>0x0</run_address>
         <size>0x291</size>
         <input_file_ref idref="fl-2"/>
      </object_component>
      <object_component id="oc-2cd">
         <name>.debug_info</name>
         <load_address>0x291</load_address>
         <run_address>0x291</run_address>
         <size>0xd7</size>
         <input_file_ref idref="fl-2"/>
      </object_component>
      <object_component id="oc-2d0">
         <name>.debug_info</name>
         <load_address>0x368</load_address>
         <run_address>0x368</run_address>
         <size>0xd1</size>
         <input_file_ref idref="fl-2"/>
      </object_component>
      <object_component id="oc-280">
         <name>.debug_info</name>
         <load_address>0x439</load_address>
         <run_address>0x439</run_address>
         <size>0xd3</size>
         <input_file_ref idref="fl-2"/>
      </object_component>
      <object_component id="oc-308">
         <name>.debug_info</name>
         <load_address>0x50c</load_address>
         <run_address>0x50c</run_address>
         <size>0x10f</size>
         <input_file_ref idref="fl-2"/>
      </object_component>
      <object_component id="oc-284">
         <name>.debug_info</name>
         <load_address>0x61b</load_address>
         <run_address>0x61b</run_address>
         <size>0x1a3</size>
         <input_file_ref idref="fl-2"/>
      </object_component>
      <object_component id="oc-28a">
         <name>.debug_info</name>
         <load_address>0x7be</load_address>
         <run_address>0x7be</run_address>
         <size>0x1ab</size>
         <input_file_ref idref="fl-2"/>
      </object_component>
      <object_component id="oc-2c7">
         <name>.debug_info</name>
         <load_address>0x969</load_address>
         <run_address>0x969</run_address>
         <size>0x103</size>
         <input_file_ref idref="fl-2"/>
      </object_component>
      <object_component id="oc-209">
         <name>.debug_info</name>
         <load_address>0xa6c</load_address>
         <run_address>0xa6c</run_address>
         <size>0x1b1</size>
         <input_file_ref idref="fl-2"/>
      </object_component>
      <object_component id="oc-236">
         <name>.debug_info</name>
         <load_address>0xc1d</load_address>
         <run_address>0xc1d</run_address>
         <size>0x133</size>
         <input_file_ref idref="fl-2"/>
      </object_component>
      <object_component id="oc-182">
         <name>.debug_info</name>
         <load_address>0xd50</load_address>
         <run_address>0xd50</run_address>
         <size>0x26b</size>
         <input_file_ref idref="fl-2"/>
      </object_component>
      <object_component id="oc-1ec">
         <name>.debug_info</name>
         <load_address>0xfbb</load_address>
         <run_address>0xfbb</run_address>
         <size>0x8b</size>
         <input_file_ref idref="fl-2"/>
      </object_component>
      <object_component id="oc-1e7">
         <name>.debug_info</name>
         <load_address>0x1046</load_address>
         <run_address>0x1046</run_address>
         <size>0x282</size>
         <input_file_ref idref="fl-2"/>
      </object_component>
      <object_component id="oc-270">
         <name>.debug_info</name>
         <load_address>0x12c8</load_address>
         <run_address>0x12c8</run_address>
         <size>0xbb</size>
         <input_file_ref idref="fl-2"/>
      </object_component>
      <object_component id="oc-190">
         <name>.debug_info</name>
         <load_address>0x1383</load_address>
         <run_address>0x1383</run_address>
         <size>0x106</size>
         <input_file_ref idref="fl-3"/>
      </object_component>
      <object_component id="oc-ca">
         <name>.debug_info</name>
         <load_address>0x1489</load_address>
         <run_address>0x1489</run_address>
         <size>0x84</size>
         <input_file_ref idref="fl-3"/>
      </object_component>
      <object_component id="oc-197">
         <name>.debug_info</name>
         <load_address>0x150d</load_address>
         <run_address>0x150d</run_address>
         <size>0x114</size>
         <input_file_ref idref="fl-4"/>
      </object_component>
      <object_component id="oc-231">
         <name>.debug_info</name>
         <load_address>0x1621</load_address>
         <run_address>0x1621</run_address>
         <size>0x11e</size>
         <input_file_ref idref="fl-4"/>
      </object_component>
      <object_component id="oc-22b">
         <name>.debug_info</name>
         <load_address>0x173f</load_address>
         <run_address>0x173f</run_address>
         <size>0x120</size>
         <input_file_ref idref="fl-4"/>
      </object_component>
      <object_component id="oc-ea">
         <name>.debug_info</name>
         <load_address>0x185f</load_address>
         <run_address>0x185f</run_address>
         <size>0x121</size>
         <input_file_ref idref="fl-4"/>
      </object_component>
      <object_component id="oc-15c">
         <name>.debug_info</name>
         <load_address>0x1980</load_address>
         <run_address>0x1980</run_address>
         <size>0x13b</size>
         <input_file_ref idref="fl-5"/>
      </object_component>
      <object_component id="oc-147">
         <name>.debug_info</name>
         <load_address>0x1abb</load_address>
         <run_address>0x1abb</run_address>
         <size>0x428</size>
         <input_file_ref idref="fl-6"/>
      </object_component>
      <object_component id="oc-144">
         <name>.debug_info</name>
         <load_address>0x1ee3</load_address>
         <run_address>0x1ee3</run_address>
         <size>0xdf</size>
         <input_file_ref idref="fl-6"/>
      </object_component>
      <object_component id="oc-1f7">
         <name>.debug_info</name>
         <load_address>0x1fc2</load_address>
         <run_address>0x1fc2</run_address>
         <size>0x15b</size>
         <input_file_ref idref="fl-6"/>
      </object_component>
      <object_component id="oc-1fd">
         <name>.debug_info</name>
         <load_address>0x211d</load_address>
         <run_address>0x211d</run_address>
         <size>0x133</size>
         <input_file_ref idref="fl-6"/>
      </object_component>
      <object_component id="oc-e2">
         <name>.debug_info</name>
         <load_address>0x2250</load_address>
         <run_address>0x2250</run_address>
         <size>0x110</size>
         <input_file_ref idref="fl-6"/>
      </object_component>
      <object_component id="oc-1a2">
         <name>.debug_info</name>
         <load_address>0x2360</load_address>
         <run_address>0x2360</run_address>
         <size>0x2f2</size>
         <input_file_ref idref="fl-6"/>
      </object_component>
      <object_component id="oc-19d">
         <name>.debug_info</name>
         <load_address>0x2652</load_address>
         <run_address>0x2652</run_address>
         <size>0x13b</size>
         <input_file_ref idref="fl-6"/>
      </object_component>
      <object_component id="oc-136">
         <name>.debug_info</name>
         <load_address>0x278d</load_address>
         <run_address>0x278d</run_address>
         <size>0x2c</size>
         <input_file_ref idref="fl-6"/>
      </object_component>
      <object_component id="oc-345">
         <name>.debug_info</name>
         <load_address>0x27b9</load_address>
         <run_address>0x27b9</run_address>
         <size>0x2c</size>
         <input_file_ref idref="fl-6"/>
      </object_component>
      <object_component id="oc-187">
         <name>.debug_info</name>
         <load_address>0x27e5</load_address>
         <run_address>0x27e5</run_address>
         <size>0x35</size>
         <input_file_ref idref="fl-6"/>
      </object_component>
      <object_component id="oc-2c3">
         <name>.debug_info</name>
         <load_address>0x281a</load_address>
         <run_address>0x281a</run_address>
         <size>0x20b</size>
         <input_file_ref idref="fl-21"/>
      </object_component>
      <object_component id="oc-226">
         <name>.debug_info</name>
         <load_address>0x2a25</load_address>
         <run_address>0x2a25</run_address>
         <size>0x1c2</size>
         <input_file_ref idref="fl-21"/>
      </object_component>
      <object_component id="oc-2b4">
         <name>.debug_info</name>
         <load_address>0x2be7</load_address>
         <run_address>0x2be7</run_address>
         <size>0x198</size>
         <input_file_ref idref="fl-21"/>
      </object_component>
      <object_component id="oc-2ba">
         <name>.debug_info</name>
         <load_address>0x2d7f</load_address>
         <run_address>0x2d7f</run_address>
         <size>0x16d</size>
         <input_file_ref idref="fl-21"/>
      </object_component>
      <object_component id="oc-3a4">
         <name>.debug_info</name>
         <load_address>0x2eec</load_address>
         <run_address>0x2eec</run_address>
         <size>0x2c</size>
         <input_file_ref idref="fl-21"/>
      </object_component>
      <object_component id="oc-c0">
         <name>.debug_info</name>
         <load_address>0x2f18</load_address>
         <run_address>0x2f18</run_address>
         <size>0x12e</size>
         <input_file_ref idref="fl-22"/>
      </object_component>
      <object_component id="oc-21b">
         <name>.debug_info</name>
         <load_address>0x3046</load_address>
         <run_address>0x3046</run_address>
         <size>0x121</size>
         <input_file_ref idref="fl-23"/>
      </object_component>
      <object_component id="oc-216">
         <name>.debug_info</name>
         <load_address>0x3167</load_address>
         <run_address>0x3167</run_address>
         <size>0x12a</size>
         <input_file_ref idref="fl-24"/>
      </object_component>
      <object_component id="oc-220">
         <name>.debug_info</name>
         <load_address>0x3291</load_address>
         <run_address>0x3291</run_address>
         <size>0x121</size>
         <input_file_ref idref="fl-25"/>
      </object_component>
      <object_component id="oc-20f">
         <name>.debug_info</name>
         <load_address>0x33b2</load_address>
         <run_address>0x33b2</run_address>
         <size>0x135</size>
         <input_file_ref idref="fl-26"/>
      </object_component>
      <object_component id="oc-290">
         <name>.debug_info</name>
         <load_address>0x34e7</load_address>
         <run_address>0x34e7</run_address>
         <size>0x127</size>
         <input_file_ref idref="fl-27"/>
      </object_component>
      <object_component id="oc-de">
         <name>.debug_info</name>
         <load_address>0x360e</load_address>
         <run_address>0x360e</run_address>
         <size>0x10f</size>
         <input_file_ref idref="fl-33"/>
      </object_component>
      <object_component id="oc-b2">
         <name>.debug_info</name>
         <load_address>0x371d</load_address>
         <run_address>0x371d</run_address>
         <size>0x100</size>
         <input_file_ref idref="fl-34"/>
      </object_component>
      <object_component id="oc-101">
         <name>.debug_info</name>
         <load_address>0x381d</load_address>
         <run_address>0x381d</run_address>
         <size>0x17a</size>
         <input_file_ref idref="fl-34"/>
      </object_component>
      <object_component id="oc-254">
         <name>.debug_info</name>
         <load_address>0x3997</load_address>
         <run_address>0x3997</run_address>
         <size>0x3de</size>
         <input_file_ref idref="fl-35"/>
      </object_component>
      <object_component id="oc-1b6">
         <name>.debug_info</name>
         <load_address>0x3d75</load_address>
         <run_address>0x3d75</run_address>
         <size>0x1e0</size>
         <input_file_ref idref="fl-35"/>
      </object_component>
      <object_component id="oc-2ea">
         <name>.debug_info</name>
         <load_address>0x3f55</load_address>
         <run_address>0x3f55</run_address>
         <size>0x39</size>
         <input_file_ref idref="fl-35"/>
      </object_component>
      <object_component id="oc-2fb">
         <name>.debug_info</name>
         <load_address>0x3f8e</load_address>
         <run_address>0x3f8e</run_address>
         <size>0x2c</size>
         <input_file_ref idref="fl-35"/>
      </object_component>
      <object_component id="oc-25f">
         <name>.debug_info</name>
         <load_address>0x3fba</load_address>
         <run_address>0x3fba</run_address>
         <size>0x2c</size>
         <input_file_ref idref="fl-35"/>
      </object_component>
      <object_component id="oc-2ef">
         <name>.debug_info</name>
         <load_address>0x3fe6</load_address>
         <run_address>0x3fe6</run_address>
         <size>0xcd</size>
         <input_file_ref idref="fl-35"/>
      </object_component>
      <object_component id="oc-151">
         <name>.debug_info</name>
         <load_address>0x40b3</load_address>
         <run_address>0x40b3</run_address>
         <size>0x175</size>
         <input_file_ref idref="fl-36"/>
      </object_component>
      <object_component id="oc-ee">
         <name>.debug_info</name>
         <load_address>0x4228</load_address>
         <run_address>0x4228</run_address>
         <size>0x1d2</size>
         <input_file_ref idref="fl-36"/>
      </object_component>
      <object_component id="oc-14c">
         <name>.debug_info</name>
         <load_address>0x43fa</load_address>
         <run_address>0x43fa</run_address>
         <size>0x46</size>
         <input_file_ref idref="fl-36"/>
      </object_component>
      <object_component id="oc-157">
         <name>.debug_info</name>
         <load_address>0x4440</load_address>
         <run_address>0x4440</run_address>
         <size>0x153</size>
         <input_file_ref idref="fl-39"/>
      </object_component>
      <object_component id="oc-24e">
         <name>.debug_info</name>
         <load_address>0x4593</load_address>
         <run_address>0x4593</run_address>
         <size>0x150</size>
         <input_file_ref idref="fl-3a"/>
      </object_component>
      <object_component id="oc-db">
         <name>.debug_info</name>
         <load_address>0x46e3</load_address>
         <run_address>0x46e3</run_address>
         <size>0x180</size>
         <input_file_ref idref="fl-3b"/>
      </object_component>
      <object_component id="oc-3c">
         <name>.debug_info</name>
         <load_address>0x4863</load_address>
         <run_address>0x4863</run_address>
         <size>0x1ea</size>
         <input_file_ref idref="fl-3b"/>
      </object_component>
      <object_component id="oc-d6">
         <name>.debug_info</name>
         <load_address>0x4a4d</load_address>
         <run_address>0x4a4d</run_address>
         <size>0x46</size>
         <input_file_ref idref="fl-3b"/>
      </object_component>
      <object_component id="oc-13b">
         <name>.debug_info</name>
         <load_address>0x4a93</load_address>
         <run_address>0x4a93</run_address>
         <size>0x2c</size>
         <input_file_ref idref="fl-3b"/>
      </object_component>
      <object_component id="oc-133">
         <name>.debug_info</name>
         <load_address>0x4abf</load_address>
         <run_address>0x4abf</run_address>
         <size>0x176</size>
         <input_file_ref idref="fl-3c"/>
      </object_component>
      <object_component id="oc-37">
         <name>.debug_info</name>
         <load_address>0x4c35</load_address>
         <run_address>0x4c35</run_address>
         <size>0x292</size>
         <input_file_ref idref="fl-3c"/>
      </object_component>
      <object_component id="oc-c5">
         <name>.debug_info</name>
         <load_address>0x4ec7</load_address>
         <run_address>0x4ec7</run_address>
         <size>0x60</size>
         <input_file_ref idref="fl-3c"/>
      </object_component>
      <object_component id="oc-175">
         <name>.debug_info</name>
         <load_address>0x4f27</load_address>
         <run_address>0x4f27</run_address>
         <size>0x46</size>
         <input_file_ref idref="fl-3c"/>
      </object_component>
      <object_component id="oc-12e">
         <name>.debug_info</name>
         <load_address>0x4f6d</load_address>
         <run_address>0x4f6d</run_address>
         <size>0x39</size>
         <input_file_ref idref="fl-3c"/>
      </object_component>
      <object_component id="oc-31a">
         <name>.debug_info</name>
         <load_address>0x4fa6</load_address>
         <run_address>0x4fa6</run_address>
         <size>0x165</size>
         <input_file_ref idref="fl-3d"/>
      </object_component>
      <object_component id="oc-294">
         <name>.debug_info</name>
         <load_address>0x510b</load_address>
         <run_address>0x510b</run_address>
         <size>0x1d4</size>
         <input_file_ref idref="fl-3d"/>
      </object_component>
      <object_component id="oc-31b">
         <name>.debug_info</name>
         <load_address>0x52df</load_address>
         <run_address>0x52df</run_address>
         <size>0xdb</size>
         <input_file_ref idref="fl-3d"/>
      </object_component>
      <object_component id="oc-327">
         <name>.debug_info</name>
         <load_address>0x53ba</load_address>
         <run_address>0x53ba</run_address>
         <size>0x197</size>
         <input_file_ref idref="fl-3e"/>
      </object_component>
      <object_component id="oc-29a">
         <name>.debug_info</name>
         <load_address>0x5551</load_address>
         <run_address>0x5551</run_address>
         <size>0x2d2</size>
         <input_file_ref idref="fl-3e"/>
      </object_component>
      <object_component id="oc-328">
         <name>.debug_info</name>
         <load_address>0x5823</load_address>
         <run_address>0x5823</run_address>
         <size>0x94</size>
         <input_file_ref idref="fl-3e"/>
      </object_component>
      <object_component id="oc-2a0">
         <name>.debug_info</name>
         <load_address>0x58b7</load_address>
         <run_address>0x58b7</run_address>
         <size>0x18d</size>
         <input_file_ref idref="fl-3f"/>
      </object_component>
      <object_component id="oc-33a">
         <name>.debug_info</name>
         <load_address>0x5a44</load_address>
         <run_address>0x5a44</run_address>
         <size>0x165</size>
         <input_file_ref idref="fl-40"/>
      </object_component>
      <object_component id="oc-2a6">
         <name>.debug_info</name>
         <load_address>0x5ba9</load_address>
         <run_address>0x5ba9</run_address>
         <size>0x208</size>
         <input_file_ref idref="fl-40"/>
      </object_component>
      <object_component id="oc-1ac">
         <name>.debug_info</name>
         <load_address>0x5db1</load_address>
         <run_address>0x5db1</run_address>
         <size>0x122</size>
         <input_file_ref idref="fl-41"/>
      </object_component>
      <object_component id="oc-135">
         <name>.debug_info</name>
         <load_address>0x5ed3</load_address>
         <run_address>0x5ed3</run_address>
         <size>0x181</size>
         <input_file_ref idref="fl-44"/>
      </object_component>
      <object_component id="oc-d2">
         <name>.debug_info</name>
         <load_address>0x6054</load_address>
         <run_address>0x6054</run_address>
         <size>0x17a</size>
         <input_file_ref idref="fl-44"/>
      </object_component>
      <object_component id="oc-27e">
         <name>.debug_info</name>
         <load_address>0x61ce</load_address>
         <run_address>0x61ce</run_address>
         <size>0x162</size>
         <input_file_ref idref="fl-45"/>
      </object_component>
      <object_component id="oc-204">
         <name>.debug_info</name>
         <load_address>0x6330</load_address>
         <run_address>0x6330</run_address>
         <size>0x273</size>
         <input_file_ref idref="fl-45"/>
      </object_component>
      <object_component id="oc-301">
         <name>.debug_info</name>
         <load_address>0x65a3</load_address>
         <run_address>0x65a3</run_address>
         <size>0x162</size>
         <input_file_ref idref="fl-46"/>
      </object_component>
      <object_component id="oc-279">
         <name>.debug_info</name>
         <load_address>0x6705</load_address>
         <run_address>0x6705</run_address>
         <size>0x230</size>
         <input_file_ref idref="fl-46"/>
      </object_component>
      <object_component id="oc-344">
         <name>.debug_info</name>
         <load_address>0x6935</load_address>
         <run_address>0x6935</run_address>
         <size>0x2e2</size>
         <input_file_ref idref="fl-47"/>
      </object_component>
      <object_component id="oc-396">
         <name>.debug_info</name>
         <load_address>0x6c17</load_address>
         <run_address>0x6c17</run_address>
         <size>0x2c7</size>
         <input_file_ref idref="fl-47"/>
      </object_component>
      <object_component id="oc-33e">
         <name>.debug_info</name>
         <load_address>0x6ede</load_address>
         <run_address>0x6ede</run_address>
         <size>0x28f</size>
         <input_file_ref idref="fl-47"/>
      </object_component>
      <object_component id="oc-2bd">
         <name>.debug_info</name>
         <load_address>0x716d</load_address>
         <run_address>0x716d</run_address>
         <size>0x316</size>
         <input_file_ref idref="fl-47"/>
      </object_component>
      <object_component id="oc-34a">
         <name>.debug_info</name>
         <load_address>0x7483</load_address>
         <run_address>0x7483</run_address>
         <size>0x86</size>
         <input_file_ref idref="fl-47"/>
      </object_component>
      <object_component id="oc-3c2">
         <name>.debug_info</name>
         <load_address>0x7509</load_address>
         <run_address>0x7509</run_address>
         <size>0x39</size>
         <input_file_ref idref="fl-47"/>
      </object_component>
      <object_component id="oc-311">
         <name>.debug_info</name>
         <load_address>0x7542</load_address>
         <run_address>0x7542</run_address>
         <size>0x120</size>
         <input_file_ref idref="fl-48"/>
      </object_component>
      <object_component id="oc-315">
         <name>.debug_info</name>
         <load_address>0x7662</load_address>
         <run_address>0x7662</run_address>
         <size>0x126</size>
         <input_file_ref idref="fl-49"/>
      </object_component>
      <object_component id="oc-3bd">
         <name>.debug_info</name>
         <load_address>0x7788</load_address>
         <run_address>0x7788</run_address>
         <size>0x121</size>
         <input_file_ref idref="fl-4a"/>
      </object_component>
      <object_component id="oc-b6">
         <name>.debug_info</name>
         <load_address>0x78a9</load_address>
         <run_address>0x78a9</run_address>
         <size>0x120</size>
         <input_file_ref idref="fl-4b"/>
      </object_component>
      <object_component id="oc-335">
         <name>.debug_info</name>
         <load_address>0x79c9</load_address>
         <run_address>0x79c9</run_address>
         <size>0x126</size>
         <input_file_ref idref="fl-4c"/>
      </object_component>
      <object_component id="oc-bb">
         <name>.debug_info</name>
         <load_address>0x7aef</load_address>
         <run_address>0x7aef</run_address>
         <size>0x120</size>
         <input_file_ref idref="fl-4d"/>
      </object_component>
      <object_component id="oc-2f7">
         <name>.debug_info</name>
         <load_address>0x7c0f</load_address>
         <run_address>0x7c0f</run_address>
         <size>0x121</size>
         <input_file_ref idref="fl-4e"/>
      </object_component>
      <object_component id="oc-37b">
         <name>.debug_info</name>
         <load_address>0x7d30</load_address>
         <run_address>0x7d30</run_address>
         <size>0x193</size>
         <input_file_ref idref="fl-50"/>
      </object_component>
      <object_component id="oc-38a">
         <name>.debug_info</name>
         <load_address>0x7ec3</load_address>
         <run_address>0x7ec3</run_address>
         <size>0x164</size>
         <input_file_ref idref="fl-51"/>
      </object_component>
      <object_component id="oc-32e">
         <name>.debug_info</name>
         <load_address>0x8027</load_address>
         <run_address>0x8027</run_address>
         <size>0x35e</size>
         <input_file_ref idref="fl-51"/>
      </object_component>
      <object_component id="oc-321">
         <name>.debug_info</name>
         <load_address>0x8385</load_address>
         <run_address>0x8385</run_address>
         <size>0x239</size>
         <input_file_ref idref="fl-52"/>
      </object_component>
      <object_component id="oc-3c8">
         <name>.debug_info</name>
         <load_address>0x85be</load_address>
         <run_address>0x85be</run_address>
         <size>0x17f</size>
         <input_file_ref idref="fl-53"/>
      </object_component>
      <object_component id="oc-39d">
         <name>.debug_info</name>
         <load_address>0x873d</load_address>
         <run_address>0x873d</run_address>
         <size>0x1b8</size>
         <input_file_ref idref="fl-53"/>
      </object_component>
      <object_component id="oc-3bb">
         <name>.debug_info</name>
         <load_address>0x88f5</load_address>
         <run_address>0x88f5</run_address>
         <size>0x16d</size>
         <input_file_ref idref="fl-54"/>
      </object_component>
      <object_component id="oc-390">
         <name>.debug_info</name>
         <load_address>0x8a62</load_address>
         <run_address>0x8a62</run_address>
         <size>0x275</size>
         <input_file_ref idref="fl-54"/>
      </object_component>
      <object_component id="oc-377">
         <name>.debug_info</name>
         <load_address>0x8cd7</load_address>
         <run_address>0x8cd7</run_address>
         <size>0x139</size>
         <input_file_ref idref="fl-55"/>
      </object_component>
      <object_component id="oc-373">
         <name>.debug_info</name>
         <load_address>0x8e10</load_address>
         <run_address>0x8e10</run_address>
         <size>0x20b</size>
         <input_file_ref idref="fl-56"/>
      </object_component>
      <object_component id="oc-384">
         <name>.debug_info</name>
         <load_address>0x901b</load_address>
         <run_address>0x901b</run_address>
         <size>0x193</size>
         <input_file_ref idref="fl-57"/>
      </object_component>
      <object_component id="oc-36d">
         <name>.debug_info</name>
         <load_address>0x91ae</load_address>
         <run_address>0x91ae</run_address>
         <size>0x193</size>
         <input_file_ref idref="fl-58"/>
      </object_component>
      <object_component id="oc-3b2">
         <name>.debug_info</name>
         <load_address>0x9341</load_address>
         <run_address>0x9341</run_address>
         <size>0x125</size>
         <input_file_ref idref="fl-59"/>
      </object_component>
      <object_component id="oc-3ad">
         <name>.debug_info</name>
         <load_address>0x9466</load_address>
         <run_address>0x9466</run_address>
         <size>0x121</size>
         <input_file_ref idref="fl-5a"/>
      </object_component>
      <object_component id="oc-414">
         <name>.debug_info</name>
         <load_address>0x9587</load_address>
         <run_address>0x9587</run_address>
         <size>0x93</size>
      </object_component>
      <object_component id="oc-26f">
         <name>.debug_line</name>
         <load_address>0x0</load_address>
         <run_address>0x0</run_address>
         <size>0x5b</size>
         <input_file_ref idref="fl-2"/>
      </object_component>
      <object_component id="oc-353">
         <name>.debug_line</name>
         <load_address>0x5b</load_address>
         <run_address>0x5b</run_address>
         <size>0x32</size>
         <input_file_ref idref="fl-2"/>
      </object_component>
      <object_component id="oc-355">
         <name>.debug_line</name>
         <load_address>0x8d</load_address>
         <run_address>0x8d</run_address>
         <size>0x32</size>
         <input_file_ref idref="fl-2"/>
      </object_component>
      <object_component id="oc-305">
         <name>.debug_line</name>
         <load_address>0xbf</load_address>
         <run_address>0xbf</run_address>
         <size>0x32</size>
         <input_file_ref idref="fl-2"/>
      </object_component>
      <object_component id="oc-307">
         <name>.debug_line</name>
         <load_address>0xf1</load_address>
         <run_address>0xf1</run_address>
         <size>0x4f</size>
         <input_file_ref idref="fl-2"/>
      </object_component>
      <object_component id="oc-283">
         <name>.debug_line</name>
         <load_address>0x140</load_address>
         <run_address>0x140</run_address>
         <size>0x64</size>
         <input_file_ref idref="fl-2"/>
      </object_component>
      <object_component id="oc-289">
         <name>.debug_line</name>
         <load_address>0x1a4</load_address>
         <run_address>0x1a4</run_address>
         <size>0x5f</size>
         <input_file_ref idref="fl-2"/>
      </object_component>
      <object_component id="oc-2ca">
         <name>.debug_line</name>
         <load_address>0x203</load_address>
         <run_address>0x203</run_address>
         <size>0x4b</size>
         <input_file_ref idref="fl-2"/>
      </object_component>
      <object_component id="oc-20c">
         <name>.debug_line</name>
         <load_address>0x24e</load_address>
         <run_address>0x24e</run_address>
         <size>0x4f</size>
         <input_file_ref idref="fl-2"/>
      </object_component>
      <object_component id="oc-235">
         <name>.debug_line</name>
         <load_address>0x29d</load_address>
         <run_address>0x29d</run_address>
         <size>0x4a</size>
         <input_file_ref idref="fl-2"/>
      </object_component>
      <object_component id="oc-185">
         <name>.debug_line</name>
         <load_address>0x2e7</load_address>
         <run_address>0x2e7</run_address>
         <size>0x72</size>
         <input_file_ref idref="fl-2"/>
      </object_component>
      <object_component id="oc-1ef">
         <name>.debug_line</name>
         <load_address>0x359</load_address>
         <run_address>0x359</run_address>
         <size>0x20</size>
         <input_file_ref idref="fl-2"/>
      </object_component>
      <object_component id="oc-1ea">
         <name>.debug_line</name>
         <load_address>0x379</load_address>
         <run_address>0x379</run_address>
         <size>0x76</size>
         <input_file_ref idref="fl-2"/>
      </object_component>
      <object_component id="oc-273">
         <name>.debug_line</name>
         <load_address>0x3ef</load_address>
         <run_address>0x3ef</run_address>
         <size>0x73</size>
         <input_file_ref idref="fl-2"/>
      </object_component>
      <object_component id="oc-193">
         <name>.debug_line</name>
         <load_address>0x462</load_address>
         <run_address>0x462</run_address>
         <size>0x48</size>
         <input_file_ref idref="fl-3"/>
      </object_component>
      <object_component id="oc-cd">
         <name>.debug_line</name>
         <load_address>0x4aa</load_address>
         <run_address>0x4aa</run_address>
         <size>0x20</size>
         <input_file_ref idref="fl-3"/>
      </object_component>
      <object_component id="oc-199">
         <name>.debug_line</name>
         <load_address>0x4ca</load_address>
         <run_address>0x4ca</run_address>
         <size>0x57</size>
         <input_file_ref idref="fl-4"/>
      </object_component>
      <object_component id="oc-233">
         <name>.debug_line</name>
         <load_address>0x521</load_address>
         <run_address>0x521</run_address>
         <size>0x4c</size>
         <input_file_ref idref="fl-4"/>
      </object_component>
      <object_component id="oc-22d">
         <name>.debug_line</name>
         <load_address>0x56d</load_address>
         <run_address>0x56d</run_address>
         <size>0x4c</size>
         <input_file_ref idref="fl-4"/>
      </object_component>
      <object_component id="oc-e8">
         <name>.debug_line</name>
         <load_address>0x5b9</load_address>
         <run_address>0x5b9</run_address>
         <size>0x4c</size>
         <input_file_ref idref="fl-4"/>
      </object_component>
      <object_component id="oc-15e">
         <name>.debug_line</name>
         <load_address>0x605</load_address>
         <run_address>0x605</run_address>
         <size>0x4a</size>
         <input_file_ref idref="fl-5"/>
      </object_component>
      <object_component id="oc-181">
         <name>.debug_line</name>
         <load_address>0x64f</load_address>
         <run_address>0x64f</run_address>
         <size>0x175</size>
         <input_file_ref idref="fl-6"/>
      </object_component>
      <object_component id="oc-17f">
         <name>.debug_line</name>
         <load_address>0x7c4</load_address>
         <run_address>0x7c4</run_address>
         <size>0x34</size>
         <input_file_ref idref="fl-6"/>
      </object_component>
      <object_component id="oc-1f6">
         <name>.debug_line</name>
         <load_address>0x7f8</load_address>
         <run_address>0x7f8</run_address>
         <size>0x56</size>
         <input_file_ref idref="fl-6"/>
      </object_component>
      <object_component id="oc-200">
         <name>.debug_line</name>
         <load_address>0x84e</load_address>
         <run_address>0x84e</run_address>
         <size>0x4d</size>
         <input_file_ref idref="fl-6"/>
      </object_component>
      <object_component id="oc-e5">
         <name>.debug_line</name>
         <load_address>0x89b</load_address>
         <run_address>0x89b</run_address>
         <size>0x66</size>
         <input_file_ref idref="fl-6"/>
      </object_component>
      <object_component id="oc-1a6">
         <name>.debug_line</name>
         <load_address>0x901</load_address>
         <run_address>0x901</run_address>
         <size>0x75</size>
         <input_file_ref idref="fl-6"/>
      </object_component>
      <object_component id="oc-19c">
         <name>.debug_line</name>
         <load_address>0x976</load_address>
         <run_address>0x976</run_address>
         <size>0x50</size>
         <input_file_ref idref="fl-6"/>
      </object_component>
      <object_component id="oc-139">
         <name>.debug_line</name>
         <load_address>0x9c6</load_address>
         <run_address>0x9c6</run_address>
         <size>0x6e</size>
         <input_file_ref idref="fl-6"/>
      </object_component>
      <object_component id="oc-348">
         <name>.debug_line</name>
         <load_address>0xa34</load_address>
         <run_address>0xa34</run_address>
         <size>0x6e</size>
         <input_file_ref idref="fl-6"/>
      </object_component>
      <object_component id="oc-18a">
         <name>.debug_line</name>
         <load_address>0xaa2</load_address>
         <run_address>0xaa2</run_address>
         <size>0x77</size>
         <input_file_ref idref="fl-6"/>
      </object_component>
      <object_component id="oc-350">
         <name>.debug_line</name>
         <load_address>0xb19</load_address>
         <run_address>0xb19</run_address>
         <size>0x2d</size>
         <input_file_ref idref="fl-21"/>
      </object_component>
      <object_component id="oc-225">
         <name>.debug_line</name>
         <load_address>0xb46</load_address>
         <run_address>0xb46</run_address>
         <size>0x47</size>
         <input_file_ref idref="fl-21"/>
      </object_component>
      <object_component id="oc-2b2">
         <name>.debug_line</name>
         <load_address>0xb8d</load_address>
         <run_address>0xb8d</run_address>
         <size>0x42</size>
         <input_file_ref idref="fl-21"/>
      </object_component>
      <object_component id="oc-2b8">
         <name>.debug_line</name>
         <load_address>0xbcf</load_address>
         <run_address>0xbcf</run_address>
         <size>0x3d</size>
         <input_file_ref idref="fl-21"/>
      </object_component>
      <object_component id="oc-3a7">
         <name>.debug_line</name>
         <load_address>0xc0c</load_address>
         <run_address>0xc0c</run_address>
         <size>0x91</size>
         <input_file_ref idref="fl-21"/>
      </object_component>
      <object_component id="oc-c3">
         <name>.debug_line</name>
         <load_address>0xc9d</load_address>
         <run_address>0xc9d</run_address>
         <size>0x40</size>
         <input_file_ref idref="fl-22"/>
      </object_component>
      <object_component id="oc-219">
         <name>.debug_line</name>
         <load_address>0xcdd</load_address>
         <run_address>0xcdd</run_address>
         <size>0xbb</size>
         <input_file_ref idref="fl-23"/>
      </object_component>
      <object_component id="oc-214">
         <name>.debug_line</name>
         <load_address>0xd98</load_address>
         <run_address>0xd98</run_address>
         <size>0x55</size>
         <input_file_ref idref="fl-24"/>
      </object_component>
      <object_component id="oc-21f">
         <name>.debug_line</name>
         <load_address>0xded</load_address>
         <run_address>0xded</run_address>
         <size>0x94</size>
         <input_file_ref idref="fl-25"/>
      </object_component>
      <object_component id="oc-212">
         <name>.debug_line</name>
         <load_address>0xe81</load_address>
         <run_address>0xe81</run_address>
         <size>0x68</size>
         <input_file_ref idref="fl-26"/>
      </object_component>
      <object_component id="oc-292">
         <name>.debug_line</name>
         <load_address>0xee9</load_address>
         <run_address>0xee9</run_address>
         <size>0x54</size>
         <input_file_ref idref="fl-27"/>
      </object_component>
      <object_component id="oc-dd">
         <name>.debug_line</name>
         <load_address>0xf3d</load_address>
         <run_address>0xf3d</run_address>
         <size>0x3d</size>
         <input_file_ref idref="fl-33"/>
      </object_component>
      <object_component id="oc-12a">
         <name>.debug_line</name>
         <load_address>0xf7a</load_address>
         <run_address>0xf7a</run_address>
         <size>0x2a</size>
         <input_file_ref idref="fl-34"/>
      </object_component>
      <object_component id="oc-104">
         <name>.debug_line</name>
         <load_address>0xfa4</load_address>
         <run_address>0xfa4</run_address>
         <size>0x46</size>
         <input_file_ref idref="fl-34"/>
      </object_component>
      <object_component id="oc-2e9">
         <name>.debug_line</name>
         <load_address>0xfea</load_address>
         <run_address>0xfea</run_address>
         <size>0xbf</size>
         <input_file_ref idref="fl-35"/>
      </object_component>
      <object_component id="oc-1b5">
         <name>.debug_line</name>
         <load_address>0x10a9</load_address>
         <run_address>0x10a9</run_address>
         <size>0x73</size>
         <input_file_ref idref="fl-35"/>
      </object_component>
      <object_component id="oc-2ed">
         <name>.debug_line</name>
         <load_address>0x111c</load_address>
         <run_address>0x111c</run_address>
         <size>0x2e</size>
         <input_file_ref idref="fl-35"/>
      </object_component>
      <object_component id="oc-2fe">
         <name>.debug_line</name>
         <load_address>0x114a</load_address>
         <run_address>0x114a</run_address>
         <size>0x9a</size>
         <input_file_ref idref="fl-35"/>
      </object_component>
      <object_component id="oc-262">
         <name>.debug_line</name>
         <load_address>0x11e4</load_address>
         <run_address>0x11e4</run_address>
         <size>0x97</size>
         <input_file_ref idref="fl-35"/>
      </object_component>
      <object_component id="oc-2f2">
         <name>.debug_line</name>
         <load_address>0x127b</load_address>
         <run_address>0x127b</run_address>
         <size>0x93</size>
         <input_file_ref idref="fl-35"/>
      </object_component>
      <object_component id="oc-18d">
         <name>.debug_line</name>
         <load_address>0x130e</load_address>
         <run_address>0x130e</run_address>
         <size>0x20</size>
         <input_file_ref idref="fl-36"/>
      </object_component>
      <object_component id="oc-f1">
         <name>.debug_line</name>
         <load_address>0x132e</load_address>
         <run_address>0x132e</run_address>
         <size>0x4f</size>
         <input_file_ref idref="fl-36"/>
      </object_component>
      <object_component id="oc-14f">
         <name>.debug_line</name>
         <load_address>0x137d</load_address>
         <run_address>0x137d</run_address>
         <size>0x34</size>
         <input_file_ref idref="fl-36"/>
      </object_component>
      <object_component id="oc-155">
         <name>.debug_line</name>
         <load_address>0x13b1</load_address>
         <run_address>0x13b1</run_address>
         <size>0x3e</size>
         <input_file_ref idref="fl-39"/>
      </object_component>
      <object_component id="oc-252">
         <name>.debug_line</name>
         <load_address>0x13ef</load_address>
         <run_address>0x13ef</run_address>
         <size>0x3a</size>
         <input_file_ref idref="fl-3a"/>
[...]
      </symbol>
      <symbol id="sm-239">
         <name>__TI_int05</name>
         <value>0xffea</value>
         <object_component_ref idref="oc-43"/>
      </symbol>
      <symbol id="sm-23c">
         <name>__TI_int06</name>
         <value>0xffec</value>
         <object_component_ref idref="oc-44"/>
      </symbol>
      <symbol id="sm-23f">
         <name>__TI_int08</name>
         <value>0xfff0</value>
         <object_component_ref idref="oc-46"/>
      </symbol>
      <symbol id="sm-242">
         <name>__TI_int10</name>
         <value>0xfff4</value>
         <object_component_ref idref="oc-48"/>
      </symbol>
      <symbol id="sm-245">
         <name>__TI_int11</name>
         <value>0xfff6</value>
         <object_component_ref idref="oc-49"/>
      </symbol>
      <symbol id="sm-248">
         <name>__TI_int12</name>
         <value>0xfff8</value>
         <object_component_ref idref="oc-4a"/>
      </symbol>
      <symbol id="sm-24b">
         <name>__TI_int13</name>
         <value>0xfffa</value>
         <object_component_ref idref="oc-4b"/>
      </symbol>
      <symbol id="sm-24e">
         <name>__TI_int14</name>
         <value>0xfffc</value>
         <object_component_ref idref="oc-4c"/>
      </symbol>
      <symbol id="sm-256">
         <name>__TI_ISR_TRAP</name>
         <value>0xdba4</value>
         <object_component_ref idref="oc-dc"/>
      </symbol>
      <symbol id="sm-266">
         <name>_stack</name>
         <value>0x3b0</value>
         <object_component_ref idref="oc-b1"/>
      </symbol>
      <symbol id="sm-267">
         <name>_c_int00_noargs</name>
         <value>0xda64</value>
         <object_component_ref idref="oc-ff"/>
      </symbol>
      <symbol id="sm-268">
         <name>_reset_vector</name>
         <value>0xfffe</value>
         <object_component_ref idref="oc-b4"/>
      </symbol>
      <symbol id="sm-28a">
         <name>__TI_auto_init_nobinit_nopinit</name>
         <value>0xd70c</value>
         <object_component_ref idref="oc-1b4"/>
      </symbol>
      <symbol id="sm-29d">
         <name>__TI_zero_init_nomemset</name>
         <value>0xdaf6</value>
         <object_component_ref idref="oc-ed"/>
      </symbol>
      <symbol id="sm-2a8">
         <name>_system_pre_init</name>
         <value>0xdbca</value>
         <object_component_ref idref="oc-153"/>
      </symbol>
      <symbol id="sm-2b1">
         <name>_system_post_cinit</name>
         <value>0xdbce</value>
         <object_component_ref idref="oc-24d"/>
      </symbol>
      <symbol id="sm-2c7">
         <name>__TI_decompress_none</name>
         <value>0xdb44</value>
         <object_component_ref idref="oc-3a"/>
      </symbol>
      <symbol id="sm-2ea">
         <name>__TI_decompress_lzss</name>
         <value>0xd39a</value>
         <object_component_ref idref="oc-34"/>
      </symbol>
      <symbol id="sm-300">
         <name>__mspabi_cvtfd</name>
         <value>0xd416</value>
         <object_component_ref idref="oc-293"/>
      </symbol>
      <symbol id="sm-32b">
         <name>__mspabi_mpyd</name>
         <value>0xc736</value>
         <object_component_ref idref="oc-299"/>
      </symbol>
      <symbol id="sm-334">
         <name>__mspabi_subd</name>
         <value>0xd8e0</value>
         <object_component_ref idref="oc-29f"/>
      </symbol>
      <symbol id="sm-349">
         <name>__mspabi_cvtdf</name>
         <value>0xd25e</value>
         <object_component_ref idref="oc-2a5"/>
      </symbol>
      <symbol id="sm-353">
         <name>C$$EXIT</name>
         <value>0xdbc4</value>
         <object_component_ref idref="oc-1a8"/>
      </symbol>
      <symbol id="sm-354">
         <name>abort</name>
         <value>0xdbc4</value>
         <object_component_ref idref="oc-1a8"/>
      </symbol>
      <symbol id="sm-364">
         <name>memcpy</name>
         <value>0xdb68</value>
         <object_component_ref idref="oc-cf"/>
      </symbol>
      <symbol id="sm-372">
         <name>strcmp</name>
         <value>0xdab2</value>
         <object_component_ref idref="oc-202"/>
      </symbol>
      <symbol id="sm-37f">
         <name>strlen</name>
         <value>0xdb8a</value>
         <object_component_ref idref="oc-275"/>
      </symbol>
      <symbol id="sm-3c8">
         <name>__TI_printfi_minimal</name>
         <value>0xcfe4</value>
         <object_component_ref idref="oc-2bc"/>
      </symbol>
      <symbol id="sm-3d0">
         <name>__mspabi_srai</name>
         <value>0xd90e</value>
         <object_component_ref idref="oc-30f"/>
      </symbol>
      <symbol id="sm-3d1">
         <name>__mspabi_srai_8</name>
         <value>0xd928</value>
         <object_component_ref idref="oc-30f"/>
      </symbol>
      <symbol id="sm-3d2">
         <name>__mspabi_srai_9</name>
         <value>0xd926</value>
         <object_component_ref idref="oc-30f"/>
      </symbol>
      <symbol id="sm-3d3">
         <name>__mspabi_srai_6</name>
         <value>0xd92c</value>
         <object_component_ref idref="oc-30f"/>
      </symbol>
      <symbol id="sm-3d4">
         <name>__mspabi_srai_7</name>
         <value>0xd92a</value>
         <object_component_ref idref="oc-30f"/>
      </symbol>
      <symbol id="sm-3d5">
         <name>__mspabi_srai_4</name>
         <value>0xd930</value>
         <object_component_ref idref="oc-30f"/>
      </symbol>
      <symbol id="sm-3d6">
         <name>__mspabi_srai_5</name>
         <value>0xd92e</value>
         <object_component_ref idref="oc-30f"/>
      </symbol>
      <symbol id="sm-3d7">
         <name>__mspabi_srai_2</name>
         <value>0xd934</value>
         <object_component_ref idref="oc-30f"/>
      </symbol>
      <symbol id="sm-3d8">
         <name>__mspabi_srai_3</name>
         <value>0xd932</value>
         <object_component_ref idref="oc-30f"/>
      </symbol>
      <symbol id="sm-3d9">
         <name>__mspabi_srai_1</name>
         <value>0xd936</value>
         <object_component_ref idref="oc-30f"/>
      </symbol>
      <symbol id="sm-3da">
         <name>__mspabi_srai_15</name>
         <value>0xd91a</value>
         <object_component_ref idref="oc-30f"/>
      </symbol>
      <symbol id="sm-3db">
         <name>__mspabi_srai_14</name>
         <value>0xd91c</value>
         <object_component_ref idref="oc-30f"/>
      </symbol>
      <symbol id="sm-3dc">
         <name>__mspabi_srai_13</name>
         <value>0xd91e</value>
         <object_component_ref idref="oc-30f"/>
      </symbol>
      <symbol id="sm-3dd">
         <name>__mspabi_srai_12</name>
         <value>0xd920</value>
         <object_component_ref idref="oc-30f"/>
      </symbol>
      <symbol id="sm-3de">
         <name>__mspabi_srai_11</name>
         <value>0xd922</value>
         <object_component_ref idref="oc-30f"/>
      </symbol>
      <symbol id="sm-3df">
         <name>__mspabi_srai_10</name>
         <value>0xd924</value>
         <object_component_ref idref="oc-30f"/>
      </symbol>
      <symbol id="sm-3e7">
         <name>__mspabi_sral_15</name>
         <value>0xd74e</value>
         <object_component_ref idref="oc-314"/>
      </symbol>
      <symbol id="sm-3e8">
         <name>__mspabi_sral_14</name>
         <value>0xd752</value>
         <object_component_ref idref="oc-314"/>
      </symbol>
      <symbol id="sm-3e9">
         <name>__mspabi_sral_13</name>
         <value>0xd756</value>
         <object_component_ref idref="oc-314"/>
      </symbol>
      <symbol id="sm-3ea">
         <name>__mspabi_sral_12</name>
         <value>0xd75a</value>
         <object_component_ref idref="oc-314"/>
      </symbol>
      <symbol id="sm-3eb">
         <name>__mspabi_sral_11</name>
         <value>0xd75e</value>
         <object_component_ref idref="oc-314"/>
      </symbol>
      <symbol id="sm-3ec">
         <name>__mspabi_sral_10</name>
         <value>0xd762</value>
         <object_component_ref idref="oc-314"/>
      </symbol>
      <symbol id="sm-3ed">
         <name>__mspabi_sral_8</name>
         <value>0xd76a</value>
         <object_component_ref idref="oc-314"/>
      </symbol>
      <symbol id="sm-3ee">
         <name>__mspabi_sral_9</name>
         <value>0xd766</value>
         <object_component_ref idref="oc-314"/>
      </symbol>
      <symbol id="sm-3ef">
         <name>__mspabi_sral_6</name>
         <value>0xd772</value>
         <object_component_ref idref="oc-314"/>
      </symbol>
      <symbol id="sm-3f0">
         <name>__mspabi_sral_7</name>
         <value>0xd76e</value>
         <object_component_ref idref="oc-314"/>
      </symbol>
      <symbol id="sm-3f1">
         <name>__mspabi_sral_4</name>
         <value>0xd77a</value>
         <object_component_ref idref="oc-314"/>
      </symbol>
      <symbol id="sm-3f2">
         <name>__mspabi_sral_5</name>
         <value>0xd776</value>
         <object_component_ref idref="oc-314"/>
      </symbol>
      <symbol id="sm-3f3">
         <name>__mspabi_sral_2</name>
         <value>0xd782</value>
         <object_component_ref idref="oc-314"/>
      </symbol>
      <symbol id="sm-3f4">
         <name>__mspabi_sral_3</name>
         <value>0xd77e</value>
         <object_component_ref idref="oc-314"/>
      </symbol>
      <symbol id="sm-3f5">
         <name>__mspabi_sral_1</name>
         <value>0xd786</value>
         <object_component_ref idref="oc-314"/>
      </symbol>
      <symbol id="sm-3ff">
         <name>__mspabi_remu</name>
         <value>0xdae0</value>
         <object_component_ref idref="oc-3bc"/>
      </symbol>
      <symbol id="sm-400">
         <name>__mspabi_divu</name>
         <value>0xdae0</value>
         <object_component_ref idref="oc-3bc"/>
      </symbol>
      <symbol id="sm-408">
         <name>__mspabi_slli</name>
         <value>0xd93a</value>
         <object_component_ref idref="oc-b5"/>
      </symbol>
      <symbol id="sm-409">
         <name>__mspabi_slli_9</name>
         <value>0xd952</value>
         <object_component_ref idref="oc-b5"/>
      </symbol>
      <symbol id="sm-40a">
         <name>__mspabi_slli_8</name>
         <value>0xd954</value>
         <object_component_ref idref="oc-b5"/>
      </symbol>
      <symbol id="sm-40b">
         <name>__mspabi_slli_7</name>
         <value>0xd956</value>
         <object_component_ref idref="oc-b5"/>
      </symbol>
      <symbol id="sm-40c">
         <name>__mspabi_slli_6</name>
         <value>0xd958</value>
         <object_component_ref idref="oc-b5"/>
      </symbol>
      <symbol id="sm-40d">
         <name>__mspabi_slli_5</name>
         <value>0xd95a</value>
         <object_component_ref idref="oc-b5"/>
      </symbol>
      <symbol id="sm-40e">
         <name>__mspabi_slli_4</name>
         <value>0xd95c</value>
         <object_component_ref idref="oc-b5"/>
      </symbol>
      <symbol id="sm-40f">
         <name>__mspabi_slli_3</name>
         <value>0xd95e</value>
         <object_component_ref idref="oc-b5"/>
      </symbol>
      <symbol id="sm-410">
         <name>__mspabi_slli_2</name>
         <value>0xd960</value>
         <object_component_ref idref="oc-b5"/>
      </symbol>
      <symbol id="sm-411">
         <name>__mspabi_slli_1</name>
         <value>0xd962</value>
         <object_component_ref idref="oc-b5"/>
      </symbol>
      <symbol id="sm-412">
         <name>__mspabi_slli_15</name>
         <value>0xd946</value>
         <object_component_ref idref="oc-b5"/>
      </symbol>
      <symbol id="sm-413">
         <name>__mspabi_slli_14</name>
         <value>0xd948</value>
         <object_component_ref idref="oc-b5"/>
      </symbol>
      <symbol id="sm-414">
         <name>__mspabi_slli_13</name>
         <value>0xd94a</value>
         <object_component_ref idref="oc-b5"/>
      </symbol>
      <symbol id="sm-415">
         <name>__mspabi_slli_12</name>
         <value>0xd94c</value>
         <object_component_ref idref="oc-b5"/>
      </symbol>
      <symbol id="sm-416">
         <name>__mspabi_slli_11</name>
         <value>0xd94e</value>
         <object_component_ref idref="oc-b5"/>
      </symbol>
      <symbol id="sm-417">
         <name>__mspabi_slli_10</name>
         <value>0xd950</value>
         <object_component_ref idref="oc-b5"/>
      </symbol>
      <symbol id="sm-41f">
         <name>__mspabi_slll_9</name>
         <value>0xd7a4</value>
         <object_component_ref idref="oc-334"/>
      </symbol>
      <symbol id="sm-420">
         <name>__mspabi_slll_8</name>
         <value>0xd7a8</value>
         <object_component_ref idref="oc-334"/>
      </symbol>
      <symbol id="sm-421">
         <name>__mspabi_slll_7</name>
         <value>0xd7ac</value>
         <object_component_ref idref="oc-334"/>
      </symbol>
      <symbol id="sm-422">
         <name>__mspabi_slll_6</name>
         <value>0xd7b0</value>
         <object_component_ref idref="oc-334"/>
      </symbol>
      <symbol id="sm-423">
         <name>__mspabi_slll_5</name>
         <value>0xd7b4</value>
         <object_component_ref idref="oc-334"/>
      </symbol>
      <symbol id="sm-424">
         <name>__mspabi_slll_4</name>
         <value>0xd7b8</value>
         <object_component_ref idref="oc-334"/>
      </symbol>
      <symbol id="sm-425">
         <name>__mspabi_slll_3</name>
         <value>0xd7bc</value>
         <object_component_ref idref="oc-334"/>
      </symbol>
      <symbol id="sm-426">
         <name>__mspabi_slll_2</name>
         <value>0xd7c0</value>
         <object_component_ref idref="oc-334"/>
      </symbol>
      <symbol id="sm-427">
         <name>__mspabi_slll_1</name>
         <value>0xd7c4</value>
         <object_component_ref idref="oc-334"/>
      </symbol>
      <symbol id="sm-428">
         <name>__mspabi_slll_15</name>
         <value>0xd78c</value>
         <object_component_ref idref="oc-334"/>
      </symbol>
      <symbol id="sm-429">
         <name>__mspabi_slll_14</name>
         <value>0xd790</value>
         <object_component_ref idref="oc-334"/>
      </symbol>
      <symbol id="sm-42a">
         <name>__mspabi_slll_13</name>
         <value>0xd794</value>
         <object_component_ref idref="oc-334"/>
      </symbol>
      <symbol id="sm-42b">
         <name>__mspabi_slll_12</name>
         <value>0xd798</value>
         <object_component_ref idref="oc-334"/>
      </symbol>
      <symbol id="sm-42c">
         <name>__mspabi_slll_11</name>
         <value>0xd79c</value>
         <object_component_ref idref="oc-334"/>
      </symbol>
      <symbol id="sm-42d">
         <name>__mspabi_slll_10</name>
         <value>0xd7a0</value>
         <object_component_ref idref="oc-334"/>
      </symbol>
      <symbol id="sm-435">
         <name>__mspabi_srli_8</name>
         <value>0xd584</value>
         <object_component_ref idref="oc-ba"/>
      </symbol>
      <symbol id="sm-436">
         <name>__mspabi_srli_9</name>
         <value>0xd580</value>
         <object_component_ref idref="oc-ba"/>
      </symbol>
      <symbol id="sm-437">
         <name>__mspabi_srli_6</name>
         <value>0xd58c</value>
         <object_component_ref idref="oc-ba"/>
      </symbol>
      <symbol id="sm-438">
         <name>__mspabi_srli_7</name>
         <value>0xd588</value>
         <object_component_ref idref="oc-ba"/>
      </symbol>
      <symbol id="sm-439">
         <name>__mspabi_srli_4</name>
         <value>0xd594</value>
         <object_component_ref idref="oc-ba"/>
      </symbol>
      <symbol id="sm-43a">
         <name>__mspabi_srli_5</name>
         <value>0xd590</value>
         <object_component_ref idref="oc-ba"/>
      </symbol>
      <symbol id="sm-43b">
         <name>__mspabi_srli_2</name>
         <value>0xd59c</value>
         <object_component_ref idref="oc-ba"/>
      </symbol>
      <symbol id="sm-43c">
         <name>__mspabi_srli_3</name>
         <value>0xd598</value>
         <object_component_ref idref="oc-ba"/>
      </symbol>
      <symbol id="sm-43d">
         <name>__mspabi_srli_1</name>
         <value>0xd5a0</value>
         <object_component_ref idref="oc-ba"/>
      </symbol>
      <symbol id="sm-43e">
         <name>__mspabi_srli</name>
         <value>0xd55a</value>
         <object_component_ref idref="oc-ba"/>
      </symbol>
      <symbol id="sm-43f">
         <name>__mspabi_srli_15</name>
         <value>0xd568</value>
         <object_component_ref idref="oc-ba"/>
      </symbol>
      <symbol id="sm-440">
         <name>__mspabi_srli_14</name>
         <value>0xd56c</value>
         <object_component_ref idref="oc-ba"/>
      </symbol>
      <symbol id="sm-441">
         <name>__mspabi_srli_13</name>
         <value>0xd570</value>
         <object_component_ref idref="oc-ba"/>
      </symbol>
      <symbol id="sm-442">
         <name>__mspabi_srli_12</name>
         <value>0xd574</value>
         <object_component_ref idref="oc-ba"/>
      </symbol>
      <symbol id="sm-443">
         <name>__mspabi_srli_11</name>
         <value>0xd578</value>
         <object_component_ref idref="oc-ba"/>
      </symbol>
      <symbol id="sm-444">
         <name>__mspabi_srli_10</name>
         <value>0xd57c</value>
         <object_component_ref idref="oc-ba"/>
      </symbol>
      <symbol id="sm-44e">
         <name>__mspabi_mpyi_sw</name>
         <value>0xdb1e</value>
         <object_component_ref idref="oc-2f4"/>
      </symbol>
      <symbol id="sm-44f">
         <name>__mspabi_mpyi</name>
         <value>0xdb1e</value>
         <object_component_ref idref="oc-2f4"/>
      </symbol>
      <symbol id="sm-45d">
         <name>__mspabi_srlll</name>
         <value>0xd682</value>
         <object_component_ref idref="oc-37a"/>
      </symbol>
      <symbol id="sm-497">
         <name>__mspabi_addd</name>
         <value>0xc000</value>
         <object_component_ref idref="oc-32d"/>
      </symbol>
      <symbol id="sm-4a2">
         <name>__TI_frcmpyd</name>
         <value>0xc9f6</value>
         <object_component_ref idref="oc-320"/>
      </symbol>
      <symbol id="sm-4b1">
         <name>memccpy</name>
         <value>0xda24</value>
         <object_component_ref idref="oc-39b"/>
      </symbol>
      <symbol id="sm-4bf">
         <name>memset</name>
         <value>0xdb0a</value>
         <object_component_ref idref="oc-38e"/>
      </symbol>
      <symbol id="sm-4c7">
         <name>__mspabi_mpyull_sw</name>
         <value>0xda46</value>
         <object_component_ref idref="oc-375"/>
      </symbol>
      <symbol id="sm-4c8">
         <name>__mspabi_mpyull</name>
         <value>0xda46</value>
         <object_component_ref idref="oc-375"/>
      </symbol>
      <symbol id="sm-4d0">
         <name>__mspabi_mpyll</name>
         <value>0xced0</value>
         <object_component_ref idref="oc-370"/>
      </symbol>
      <symbol id="sm-4d1">
         <name>__mspabi_mpyll_sw</name>
         <value>0xced0</value>
         <object_component_ref idref="oc-370"/>
      </symbol>
      <symbol id="sm-4de">
         <name>__mspabi_srall</name>
         <value>0xd5a6</value>
         <object_component_ref idref="oc-383"/>
      </symbol>
      <symbol id="sm-4eb">
         <name>__mspabi_sllll</name>
         <value>0xd6c8</value>
         <object_component_ref idref="oc-36a"/>
      </symbol>
      <symbol id="sm-4f6">
         <name>__mspabi_mpyul_sw</name>
         <value>0xda02</value>
         <object_component_ref idref="oc-3af"/>
      </symbol>
      <symbol id="sm-4f7">
         <name>__mspabi_mpyul</name>
         <value>0xda02</value>
         <object_component_ref idref="oc-3af"/>
      </symbol>
      <symbol id="sm-501">
         <name>__mspabi_mpyl_sw</name>
         <value>0xd9dc</value>
         <object_component_ref idref="oc-3aa"/>
      </symbol>
      <symbol id="sm-502">
         <name>__mspabi_mpyl</name>
         <value>0xd9dc</value>
         <object_component_ref idref="oc-3aa"/>
      </symbol>
   </symbol_table>
   <title>Link successful</title>
</link_info>
