******************************************************************************
                  TI ARM Linker PC v20.2.5                     
******************************************************************************
>> Linked Sun Oct 24 17:03:28 2021

OUTPUT FILE NAME:   <i2cbmi160_MSP_EXP432P401R_tirtos_ccs.out>
ENTRY POINT SYMBOL: "_c_int00"  address: 0000a251


MEMORY CONFIGURATION

         name            origin    length      used     unused   attr    fill
----------------------  --------  ---------  --------  --------  ----  --------
  MAIN                  00000000   00040000  0000d4e6  00032b1a  R  X
  INFO                  00200000   00004000  00000000  00004000  R  X
  SRAM_CODE             01000000   00010000  0000a524  00005adc  RW X
  SRAM_DATA             20000000   00010000  0000a524  00005adc  RW  


SEGMENT ALLOCATION MAP

run origin  load origin   length   init length attrs members
----------  ----------- ---------- ----------- ----- -------
00000000    00000000    0000d4f0   0000d4f0    r-x
  00000000    00000000    0000003c   0000003c    r-- .resetVecs
  00000040    00000040    0000cc92   0000cc92    r-x .text
  0000ccd4    0000ccd4    000005d8   000005d8    r-- .const
  0000d2b0    0000d2b0    00000240   00000240    r-- .cinit
20000140    20000140    00008000   00000000    r--
  20000140    20000140    00008000   00000000    r-- .priheap
20008140    20008140    00001fe7   00000000    rw-
  20008140    20008140    000019b9   00000000    rw- .bss
  20009afc    20009afc    0000062b   00000000    rw- .data
2000fc00    2000fc00    00000400   00000000    rw-
  2000fc00    2000fc00    00000400   00000000    rw- .stack


SECTION ALLOCATION MAP

 output                                  attributes/
section   page    origin      length       input sections
--------  ----  ----------  ----------   ----------------
.text      0    00000040    0000cc92     
                  00000040    00000c18     sail.lib : bmi160.obj (.text:bmi160_read_fifo_header_data_user_defined_length)
                  00000c58    00000ab0     bmi160_support.obj (.text:bmi160_config_running_mode)
                  00001708    000004ac     sail.lib : bmi160.obj (.text:bmi160_read_bmm150_mag_trim)
                  00001bb4    00000004     msp432p4xx_driverlib.lib : cpu.o (.text:CPU_wfi)
                  00001bb8    00000468     sysbios.aem4f : BIOS.obj (.text:xdc_runtime_System_doPrint__I)
                  00002020    000003c8     sail.lib : bmi160.obj (.text:bmi160_second_if_mag_compensate_xyz)
                  000023e8    00000360              : bmi160.obj (.text:bmi160_bmm150_mag_interface_init)
                  00002748    0000035c              : bmi160.obj (.text:bmi160_set_bmm150_mag_presetmode)
                  00002aa4    000002fc              : bmi160.obj (.text:bmi160_set_accel_output_data_rate)
                  00002da0    000002f8     drivers_msp432p401x.aem4f : PowerMSP432.oem4f (.text:Power_sleep)
                  00003098    000002d8     sail.lib : bmi160.obj (.text:bmi160_set_intr_enable_0)
                  00003370    000002d8              : bmi160.obj (.text:bmi160_set_intr_enable_1)
                  00003648    000002d0     drivers_msp432p401x.aem4f : UARTMSP432.oem4f (.text:UARTMSP432_open)
                  00003918    0000028a     msp432p4xx_driverlib.lib : pcm.o (.text:__PCM_setPowerStateAdvanced)
                  00003ba2    00000002     ti_drivers_config.obj (.text:Board_initHook)
                  00003ba4    00000288     sail.lib : bmi160.obj (.text:bmi160_bst_yamaha_yas537_fifo_xyz_data)
                  00003e2c    00000288     drivers_msp432p401x.aem4f : PowerMSP432.oem4f (.text:initPerfControl)
                  000040b4    00000278     bmi160_support.obj (.text:bmiInterruptHandlerTask)
                  0000432c    00000250     sail.lib : bmi160.obj (.text:bmi160_accel_foc_trigger_xyz)
                  0000457c    000001f8     drivers_msp432p401x.aem4f : I2CMSP432.oem4f (.text:I2CMSP432_open)
                  00004774    000001b6     rtsv7M4_T_le_v4SPD16_eabi.lib : fd_add_t2.asm.obj (.text)
                  0000492a    00000002     display.aem4f : DisplayUart.oem4f (.text:DisplayUartMin_clear)
                  0000492c    000001b4     bmi160_support.obj (.text:bmi160_initialize_sensor)
                  00004ae0    0000018c     sail.lib : bmi160.obj (.text:bmi160_set_foc_gyro_enable)
                  00004c6c    00000188     release_pem4f.oem4f (.text:xdc_runtime_System_printfExtend__I)
                  00004df4    00000184     drivers_msp432p401x.aem4f : I2CMSP432.oem4f (.text:I2CMSP432_hwiIntFxn)
                  00004f78    00000170                               : GPIOMSP432.oem4f (.text:GPIO_setConfig)
                  000050e8    0000015c     msp432p4xx_driverlib.lib : pcm.o (.text:__PCM_setPowerModeAdvanced)
                  00005244    00000158     sail.lib : bmi160.obj (.text:bmi160_set_intr_enable_2)
                  0000539c    00000150              : bmi160.obj (.text:bmi160_bmm150_mag_set_power_mode)
                  000054ec    00000140              : bmi160.obj (.text:bmi160_set_bmm150_mag_and_secondary_if_power_mode)
                  0000562c    00000004     dpl_msp432p401x.aem4f : ClockP_tirtos.oem4f (.text:ClockP_setTimeout)
                  00005630    00000130     sysbios.aem4f : BIOS.obj (.text:ti_sysbios_knl_Semaphore_pend__E)
                  00005760    0000011c     msp432p4xx_driverlib.lib : uart.o (.text:UART_initModule)
                  0000587c    0000011c     drivers_msp432p401x.aem4f : I2CMSP432.oem4f (.text:primeTransfer)
                  00005998    00000108     msp432p4xx_driverlib.lib : pcm.o (.text:__PCM_setCoreVoltageLevelAdvanced)
                  00005aa0    00000108     bmi160_support.obj (.text:displayTask)
                  00005ba8    00000108     sysbios.aem4f : BIOS.obj (.text:ti_sysbios_knl_Task_postInit__I)
                  00005cb0    00000108                   : BIOS.obj (.text:xdc_runtime_Startup_startMods__I)
                  00005db8    00000104                   : BIOS.obj (.text:ti_sysbios_knl_Task_Instance_finalize__E)
                  00005ebc    000000fc     rtsv7M4_T_le_v4SPD16_eabi.lib : fd_mul_t2.asm.obj (.text)
                  00005fb8    000000f8     sail.lib : bmi160.obj (.text:bmi160_set_intr_fifo_wm)
                  000060b0    000000f8              : bmi160.obj (.text:bmi160_set_intr_level)
                  000061a8    000000f8              : bmi160.obj (.text:bmi160_set_output_enable)
                  000062a0    000000f8     sysbios.aem4f : BIOS.obj (.text:ti_sysbios_family_arm_msp432_init_Boot_configureClocksHigh)
                  00006398    000000f0     drivers_msp432p401x.aem4f : I2CMSP432.oem4f (.text:I2CMSP432_transfer)
                  00006488    000000f0     i2cbmi160.obj (.text:mainThread)
                  00006578    000000f0     sysbios.aem4f : BIOS.obj (.text:pthread_create)
                  00006668    000000f0                   : m3_Hwi_asm.obj (.text:ti_sysbios_family_arm_m3_Hwi_dispatch__I)
                  00006758    000000e4     msp432p4xx_driverlib.lib : cs.o (.text:CS_startHFXTWithTimeout)
                  0000683c    000000e0                              : cs.o (.text:CS_startLFXTWithTimeout)
                  0000691c    00000004     dpl_msp432p401x.aem4f : ClockP_tirtos.oem4f (.text:ClockP_start)
                  00006920    000000e0     sysbios.aem4f : BIOS.obj (.text:ti_sysbios_knl_Task_Instance_init__E)
                  00006a00    000000dc     drivers_msp432p401x.aem4f : UARTMSP432.oem4f (.text:UARTMSP432_readPolling)
                  00006adc    000000dc     msp432p4xx_driverlib.lib : cs.o (.text:_CSGetHFXTFrequency)
                  00006bb8    000000d4     sail.lib : bmi160.obj (.text:bmi160_bmm150_mag_wakeup)
                  00006c8c    000000d0              : bmi160.obj (.text:bmi160_set_gyro_output_data_rate)
                  00006d5c    00000004     dpl_msp432p401x.aem4f : ClockP_tirtos.oem4f (.text:ClockP_stop)
                  00006d60    000000d0     sysbios.aem4f : BIOS.obj (.text:ti_sysbios_heaps_HeapMem_alloc__E)
                  00006e30    000000ca     drivers_msp432p401x.aem4f : UARTMSP432.oem4f (.text:UARTMSP432_hwiIntFxn)
                  00006efa    00000002     display.aem4f : DisplayUart.oem4f (.text:DisplayUartMin_clearLines)
                  00006efc    000000c4     sail.lib : bmi160.obj (.text:bmi160_bmm150_mag_compensate_X)
                  00006fc0    000000c4              : bmi160.obj (.text:bmi160_bmm150_mag_compensate_Y)
                  00007084    00000004     dpl_msp432p401x.aem4f : HwiP_tirtos.oem4f (.text:HwiP_disable)
                  00007088    000000c4     sysbios.aem4f : BIOS.obj (.text:ti_sysbios_knl_Task_sleep__E)
                  0000714c    000000c0     sail.lib : bmi160.obj (.text:bmi160_read_mag_xyzr)
                  0000720c    000000bc              : bmi160.obj (.text:bmi160_get_gyro_offset_compensation_yaxis)
                  000072c8    000000bc              : bmi160.obj (.text:bmi160_get_gyro_offset_compensation_zaxis)
                  00007384    000000b8              : bmi160.obj (.text:bmi160_get_gyro_offset_compensation_xaxis)
                  0000743c    000000b8     drivers_msp432p401x.aem4f : UARTMSP432.oem4f (.text:initHw)
                  000074f4    000000b8                               : UARTMSP432.oem4f (.text:readTaskCallback)
                  000075ac    00000004     dpl_msp432p401x.aem4f : SemaphoreP_tirtos.oem4f (.text:SemaphoreP_post)
                  000075b0    000000b8     sysbios.aem4f : BIOS.obj (.text:ti_sysbios_family_arm_m3_Hwi_Instance_init__E)
                  00007668    000000b4     drivers_msp432p401x.aem4f : UARTMSP432.oem4f (.text:UARTMSP432_control)
                  0000771c    000000b4                               : UARTMSP432.oem4f (.text:UARTMSP432_writePolling)
                  000077d0    000000ac                               : GPIOMSP432.oem4f (.text:GPIO_init)
                  0000787c    000000ac                               : I2CMSP432.oem4f (.text:I2CMSP432_cancel)
                  00007928    000000aa     sysbios.aem4f : BIOS.obj (.text:xdc_runtime_Core_createObject__I)
                  000079d2    000000a8     drivers_msp432p401x.aem4f : UARTMSP432.oem4f (.text:UARTMSP432_write)
                  00007a7a    00000002     display.aem4f : DisplayUart.oem4f (.text:DisplayUartMin_init)
                  00007a7c    000000a8     sail.lib : bmi160.obj (.text:bmi160_set_mag_output_data_rate)
                  00007b24    000000a8     drivers_msp432p401x.aem4f : UARTMSP432.oem4f (.text:readTaskBlocking)
                  00007bcc    00000004     dpl_msp432p401x.aem4f : SystemP_tirtos.oem4f (.text:SystemP_vsnprintf)
                  00007bd0    000000a8     sysbios.aem4f : BIOS.obj (.text:ti_sysbios_family_arm_msp432_Timer_periodicStub__E)
                  00007c78    000000a4     sail.lib : bmi160.obj (.text:bmi160_set_mag_manual_enable)
                  00007d1c    00000004     release_pem4f.oem4f (.text:ti_sysbios_BIOS_RtsGateProxy_enter__E)
                  00007d20    000000a4     sysbios.aem4f : BIOS.obj (.text:ti_sysbios_knl_Task_setPri__E)
                  00007dc4    000000a0     auto_init.aem4f : auto_init.oem4f (.text)
                  00007e64    000000a0     sail.lib : bmi160.obj (.text:invalid_magnetic_field)
                  00007f04    000000a0     drivers_msp432p401x.aem4f : UARTMSP432.oem4f (.text:readIsrTextCallback)
                  00007fa4    0000009c                               : PowerMSP432.oem4f (.text:Power_init)
                  00008040    0000009c     rtsv7M4_T_le_v4SPD16_eabi.lib : memcpy_t2.asm.obj (.text)
                  000080dc    00000004     release_pem4f.oem4f (.text:ti_sysbios_BIOS_RtsGateProxy_leave__E)
                  000080e0    00000094     sysbios.aem4f : BIOS.obj (.text:_pthread_removeThreadKeys)
                  00008174    00000094     sail.lib : bmi160.obj (.text:bmi160_bmm150_mag_compensate_Z)
                  00008208    00000094              : bmi160.obj (.text:bmi160_set_mag_interface_normal)
                  0000829c    00000004     release_pem4f.oem4f (.text:ti_sysbios_family_arm_m3_Hwi_delete)
                  000082a0    00000094     sysbios.aem4f : BIOS.obj (.text:ti_sysbios_family_arm_m3_Hwi_initNVIC__E)
                  00008334    00000004     release_pem4f.oem4f (.text:ti_sysbios_family_arm_m3_TaskSupport_Module__startupDone__S)
                  00008338    00000094     sysbios.aem4f : BIOS.obj (.text:ti_sysbios_knl_Task_exit__E)
                  000083cc    00000092     drivers_msp432p401x.aem4f : UARTMSP432.oem4f (.text:UARTMSP432_close)
                  0000845e    00000092                               : UARTMSP432.oem4f (.text:writeData)
                  000084f0    00000090     bmi160_support.obj (.text:BMI160_I2C_bus_write)
                  00008580    00000090     sail.lib : bmi160.obj (.text:bmi160_set_accel_bw)
                  00008610    00000090              : bmi160.obj (.text:bmi160_set_accel_under_sampling_parameter)
                  000086a0    00000090              : bmi160.obj (.text:bmi160_set_fifo_accel_enable)
                  00008730    00000090              : bmi160.obj (.text:bmi160_set_fifo_gyro_enable)
                  000087c0    00000090              : bmi160.obj (.text:bmi160_set_fifo_header_enable)
                  00008850    00000090              : bmi160.obj (.text:bmi160_set_fifo_mag_enable)
                  000088e0    00000090              : bmi160.obj (.text:bmi160_set_fifo_time_enable)
                  00008970    00000090              : bmi160.obj (.text:bmi160_set_gyro_bw)
                  00008a00    00000090              : bmi160.obj (.text:bmi160_set_gyro_sleep_state)
                  00008a90    00000090              : bmi160.obj (.text:bmi160_set_gyro_sleep_trigger)
                  00008b20    00000090              : bmi160.obj (.text:bmi160_set_gyro_wakeup_intr)
                  00008bb0    00000090              : bmi160.obj (.text:bmi160_set_gyro_wakeup_trigger)
                  00008c40    00000090              : bmi160.obj (.text:bmi160_set_if_mode)
                  00008cd0    00000090              : bmi160.obj (.text:bmi160_set_paging_enable)
                  00008d60    00000090              : bmi160.obj (.text:bmi160_set_target_page)
                  00008df0    00000090     sysbios.aem4f : BIOS.obj (.text:ti_sysbios_knl_Task_Module_startup__E)
                  00008e80    0000008c     drivers_msp432p401x.aem4f : UARTMSP432.oem4f (.text:readIsrTextBlocking)
                  00008f0c    0000008c     sysbios.aem4f : m3_TaskSupport_asm.obj (.text:ti_sysbios_family_arm_m3_TaskSupport_buildTaskStack)
                  00008f98    0000008c                   : BIOS.obj (.text:xdc_runtime_Memory_alloc__E)
                  00009024    00000086     rtsv7M4_T_le_v4SPD16_eabi.lib : fd_cmp_t2.asm.obj (.text:__aeabi_cdcmple)
                  000090aa    00000086                                   : fd_cmp_t2.asm.obj (.text:__aeabi_cdrcmple)
                  00009130    00000086     sysbios.aem4f : BIOS.obj (.text:xdc_runtime_Core_constructObject__I)
                  000091b6    00000002     drivers_msp432p401x.aem4f : I2CMSP432.oem4f (.text:I2CMSP432_init)
                  000091b8    00000084     msp432p4xx_driverlib.lib : pcm.o (.text:PCM_gotoLPM3)
                  0000923c    00000084     drivers_msp432p401x.aem4f : PowerMSP432.oem4f (.text:restartHFXT)
                  000092c0    00000084     sysbios.aem4f : BIOS.obj (.text:ti_sysbios_family_arm_m3_Hwi_postInit__I)
                  00009344    00000004     release_pem4f.oem4f (.text:ti_sysbios_heaps_HeapMem_Module_GateProxy_enter__E)
                  00009348    00000084     sysbios.aem4f : BIOS.obj (.text:ti_sysbios_heaps_HeapMem_free__E)
                  000093cc    00000080     bmi160_support.obj (.text:bmi160_interrupt_configuration)
                  0000944c    00000080     sail.lib : bmi160.obj (.text:bmi160_set_accel_offset_enable)
                  000094cc    00000080              : bmi160.obj (.text:bmi160_set_gyro_offset_enable)
                  0000954c    00000080              : bmi160.obj (.text:bmi160_set_i2c_device_addr)
                  000095cc    00000080              : bmi160.obj (.text:bmi160_set_pullup_configuration)
                  0000964c    00000004     release_pem4f.oem4f (.text:ti_sysbios_heaps_HeapMem_Module_GateProxy_leave__E)
                  00009650    00000080     sysbios.aem4f : BIOS.obj (.text:ti_sysbios_knl_Clock_workFunc__E)
                  000096d0    0000007a     rtsv7M4_T_le_v4SPD16_eabi.lib : memset_t2.asm.obj (.text)
                  0000974a    00000002     dpl_msp432p401x.aem4f : PowerMSP432_tirtos.oem4f (.text:PowerMSP432_initPolicy)
                  0000974c    00000078     sail.lib : bmi160.obj (.text:bmi160_read_accel_xyz)
                  000097c4    00000078              : bmi160.obj (.text:bmi160_read_gyro_xyz)
                  0000983c    00000076     drivers_msp432p401x.aem4f : I2CMSP432.oem4f (.text:I2CMSP432_close)
                  000098b2    00000006     display.aem4f : DisplayUart.oem4f (.text:DisplayUartMin_control)
                  000098b8    00000075     sysbios.aem4f : BIOS.obj (.text:xdc_runtime_System_formatNum__I)
                  0000992d    00000001     --HOLE-- [fill = 0]
                  0000992e    00000070     drivers_msp432p401x.aem4f : UARTMSP432.oem4f (.text:UARTMSP432_writeCancel)
                  0000999e    00000002                               : UARTMSP432.oem4f (.text:UARTMSP432_init)
                  000099a0    00000070     main_tirtos.obj (.text:main)
                  00009a10    00000070     sysbios.aem4f : BIOS.obj (.text:ti_sysbios_heaps_HeapMem_initPrimary__I)
                  00009a80    0000006c     msp432p4xx_driverlib.lib : i2c.o (.text:I2C_masterSendMultiByteFinish)
                  00009aec    00000004     release_pem4f.oem4f (.text:ti_sysbios_knl_Clock_TimerProxy_getMaxTicks__E)
                  00009af0    0000006c     sysbios.aem4f : BIOS.obj (.text:ti_sysbios_knl_Swi_restoreHwi__E)
                  00009b5c    00000068     drivers_msp432p401x.aem4f : GPIOMSP432.oem4f (.text:GPIO_hwiIntFxn)
                  00009bc4    00000068                               : PowerMSP432.oem4f (.text:PowerMSP432_getFreqs)
                  00009c2c    00000068     rtsv7M4_T_le_v4SPD16_eabi.lib : copy_decompress_lzss.c.obj (.text:decompress:lzss:__TI_decompress_lzss)
                  00009c94    00000068     drivers_msp432p401x.aem4f : I2CMSP432.oem4f (.text:initHw)
                  00009cfc    00000004     release_pem4f.oem4f (.text:ti_sysbios_knl_Clock_delete)
                  00009d00    00000066     sysbios.aem4f : BIOS.obj (.text:xdc_runtime_Core_deleteObject__I)
                  00009d66    00000002     rtsv7M4_T_le_v4SPD16_eabi.lib : _lock.c.obj (.text:_nop)
                  00009d68    00000064     sail.lib : bmi160.obj (.text:bmi160_init)
                  00009dcc    00000004     release_pem4f.oem4f (.text:ti_sysbios_knl_Semaphore_delete)
                  00009dd0    00000064     sysbios.aem4f : BIOS.obj (.text:pthread_exit)
                  00009e34    00000004     release_pem4f.oem4f (.text:ti_sysbios_knl_Task_delete)
                  00009e38    00000064     sysbios.aem4f : BIOS.obj (.text:ti_sysbios_family_arm_m3_Hwi_dispatchC__I)
                  00009e9c    00000060     drivers_msp432p401x.aem4f : GPIOMSP432.oem4f (.text:GPIO_setCallback)
                  00009efc    00000004     release_pem4f.oem4f (.text:xdc_runtime_System_Module_GateProxy_enter__E)
                  00009f00    00000060     sysbios.aem4f : BIOS.obj (.text:ti_sysbios_knl_Semaphore_post__E)
                  00009f60    00000060                   : BIOS.obj (.text:ti_sysbios_knl_Swi_run__I)
                  00009fc0    0000005e     msp432p4xx_driverlib.lib : pcm.o (.text:PCM_getCoreVoltageLevel)
                  0000a01e    0000005e     sail.lib : bmi160.obj (.text:bmi160_bmm150_mag_compensate_xyz)
                  0000a07c    0000005c     display.aem4f : Display.oem4f (.text:Display_doOpen)
                  0000a0d8    0000005c     sysbios.aem4f : BIOS.obj (.text:ti_sysbios_knl_Swi_schedule__I)
                  0000a134    00000004     release_pem4f.oem4f (.text:xdc_runtime_System_Module_GateProxy_leave__E)
                  0000a138    0000005c     sysbios.aem4f : BIOS.obj (.text:ti_sysbios_knl_Task_startCore__E)
                  0000a194    00000002     rtsv7M4_T_le_v4SPD16_eabi.lib : div0.asm.obj (.text)
                  0000a196    00000002     release_pem4f.oem4f (.text:ti_sysbios_BIOS_nullFunc__I)
                  0000a198    0000005c     sysbios.aem4f : BIOS.obj (.text:xdc_runtime_Startup_exec__E)
                  0000a1f4    0000005a     msp432p4xx_driverlib.lib : pcm.o (.text:PCM_getPowerMode)
                  0000a24e    00000002     --HOLE-- [fill = 0]
                  0000a250    00000058     boot.aem4f : boot.oem4f (.text)
                  0000a2a8    00000058     drivers_msp432p401x.aem4f : UARTMSP432.oem4f (.text:readIsrBinaryBlocking)
                  0000a300    00000058     sysbios.aem4f : m3_Hwi_asm_switch.obj (.text:ti_sysbios_family_arm_m3_Hwi_initStacks__E)
                  0000a358    00000056     drivers_msp432p401x.aem4f : I2CMSP432.oem4f (.text:completeTransfer)
                  0000a3ae    00000002     --HOLE-- [fill = 0]
                  0000a3b0    00000054     bmi160_support.obj (.text:BMI160_I2C_bus_read)
                  0000a404    00000054     msp432p4xx_driverlib.lib : pcm.o (.text:PCM_shutdownDevice)
                  0000a458    00000054     sail.lib : bmi160.obj (.text:bmi160_get_accel_power_mode_stat)
                  0000a4ac    00000054              : bmi160.obj (.text:bmi160_get_foc_rdy)
                  0000a500    00000054              : bmi160.obj (.text:bmi160_get_if_mode)
                  0000a554    00000054              : bmi160.obj (.text:bmi160_get_mag_manual_enable)
                  0000a5a8    00000054              : bmi160.obj (.text:bmi160_get_paging_enable)
                  0000a5fc    00000054              : bmi160.obj (.text:bmi160_get_target_page)
                  0000a650    00000054     release_pem4f.oem4f (.text:ti_sysbios_family_arm_m3_Hwi_create)
                  0000a6a4    00000004     --HOLE-- [fill = 0]
                  0000a6a8    00000054     sysbios.aem4f : BIOS.obj (.text:ti_sysbios_family_arm_msp432_Timer_initDevice__I)
                  0000a6fc    00000052     sail.lib : bmi160.obj (.text:xy1y2_to_xyz)
                  0000a74e    00000002     --HOLE-- [fill = 0]
                  0000a750    00000050     bmi160_support.obj (.text:BMI160_I2C_burst_read)
                  0000a7a0    00000050     dpl_msp432p401x.aem4f : ClockP_tirtos.oem4f (.text:ClockP_create)
                  0000a7f0    00000050     sail.lib : bmi160.obj (.text:bmi160_get_accel_offset_compensation_xaxis)
                  0000a840    00000050              : bmi160.obj (.text:bmi160_get_accel_offset_compensation_yaxis)
                  0000a890    00000050              : bmi160.obj (.text:bmi160_get_accel_offset_compensation_zaxis)
                  0000a8e0    00000050              : bmi160.obj (.text:bmi160_get_mag_power_mode_stat)
                  0000a930    00000050              : bmi160.obj (.text:bmi160_get_pullup_configuration)
                  0000a980    00000050     sysbios.aem4f : BIOS.obj (.text:ti_sysbios_family_arm_m3_Hwi_Module_startup__E)
                  0000a9d0    00000050     release_pem4f.oem4f (.text:ti_sysbios_knl_Task_create)
                  0000aa20    0000004c     dpl_msp432p401x.aem4f : PowerMSP432_tirtos.oem4f (.text:PowerMSP432_sleepPolicy)
                  0000aa6c    0000004c     rtsv7M4_T_le_v4SPD16_eabi.lib : cpy_tbl.c.obj (.text:copy_in)
                  0000aab8    0000004c     drivers_msp432p401x.aem4f : UARTMSP432.oem4f (.text:readIsrBinaryCallback)
                  0000ab04    00000004     --HOLE-- [fill = 0]
                  0000ab08    0000004c     sysbios.aem4f : BIOS.obj (.text:ti_sysbios_family_arm_msp432_Timer_postInit__I)
                  0000ab54    00000004     --HOLE-- [fill = 0]
                  0000ab58    0000004c                   : BIOS.obj (.text:ti_sysbios_family_arm_msp432_Timer_start__E)
                  0000aba4    00000004     --HOLE-- [fill = 0]
                  0000aba8    0000004c                   : BIOS.obj (.text:ti_sysbios_heaps_HeapMem_getStats__E)
                  0000abf4    00000004     --HOLE-- [fill = 0]
                  0000abf8    0000004c                   : BIOS.obj (.text:ti_sysbios_knl_Swi_runLoop__I)
                  0000ac44    00000004     --HOLE-- [fill = 0]
                  0000ac48    0000004c                   : BIOS.obj (.text:ti_sysbios_knl_Task_allBlockedFunction__I)
                  0000ac94    00000004     --HOLE-- [fill = 0]
                  0000ac98    0000004c                   : BIOS.obj (.text:ti_sysbios_knl_Task_schedule__I)
                  0000ace4    0000004a     display.aem4f : DisplayUart.oem4f (.text:DisplayUartMin_open)
                  0000ad2e    00000002     --HOLE-- [fill = 0]
                  0000ad30    00000048     bmi160_support.obj (.text:I2C_routine)
                  0000ad78    00000048     drivers_msp432p401x.aem4f : PowerMSP432.oem4f (.text:Power_releaseConstraint)
                  0000adc0    00000048     sail.lib : bmi160.obj (.text:bmi160_read_reg)
                  0000ae08    00000048              : bmi160.obj (.text:bmi160_write_reg)
                  0000ae50    00000048     sysbios.aem4f : BIOS.obj (.text:ti_sysbios_family_arm_m3_Hwi_disableInterrupt__E)
                  0000ae98    00000048                   : BIOS.obj (.text:ti_sysbios_family_arm_m3_Hwi_enableInterrupt__E)
                  0000aee0    00000048                   : BIOS.obj (.text:ti_sysbios_knl_Mailbox_Module_startup__E)
                  0000af28    00000048                   : BIOS.obj (.text:xdc_runtime_Core_assignParams__I)
                  0000af70    00000046     display.aem4f : DisplayUart.oem4f (.text:DisplayUartMin_vprintf)
                  0000afb6    00000046     drivers_msp432p401x.aem4f : RingBuf.oem4f (.text:RingBuf_put)
                  0000affc    00000044                               : I2C.oem4f (.text:I2C_init)
                  0000b040    00000044                               : UART.oem4f (.text:UART_init)
                  0000b084    00000044     sail.lib : bmi160.obj (.text:bmi160_fifo_data)
                  0000b0c8    00000044     drivers_msp432p401x.aem4f : I2CMSP432.oem4f (.text:perfChangeNotifyFxn)
                  0000b10c    00000044     rtsv7M4_T_le_v4SPD16_eabi.lib : fd_tou_t2.asm.obj (.text)
                  0000b150    00000044     sysbios.aem4f : BIOS.obj (.text:ti_sysbios_family_arm_m3_Hwi_getStackInfo__E)
                  0000b194    00000004     --HOLE-- [fill = 0]
                  0000b198    00000044                   : BIOS.obj (.text:ti_sysbios_knl_Swi_post__E)
                  0000b1dc    00000040     dpl_msp432p401x.aem4f : HwiP_tirtos.oem4f (.text:HwiP_create)
                  0000b21c    00000040     drivers_msp432p401x.aem4f : I2C.oem4f (.text:I2C_open)
                  0000b25c    00000040                               : RingBuf.oem4f (.text:RingBuf_get)
                  0000b29c    00000040                               : UARTMSP432.oem4f (.text:UARTMSP432_read)
                  0000b2dc    00000040                               : UART.oem4f (.text:UART_open)
                  0000b31c    00000040     sail.lib : bmi160.obj (.text:bmi160_set_command_register)
                  0000b35c    00000040              : bmi160.obj (.text:bmi160_set_fifo_wm)
                  0000b39c    00000040              : bmi160.obj (.text:bmi160_set_mag_read_addr)
                  0000b3dc    00000040              : bmi160.obj (.text:bmi160_set_mag_write_addr)
                  0000b41c    00000040              : bmi160.obj (.text:bmi160_set_mag_write_data)
                  0000b45c    00000040     drivers_msp432p401x.aem4f : UARTMSP432.oem4f (.text:perfChangeNotifyFxn)
                  0000b49c    00000040     rtsv7M4_T_le_v4SPD16_eabi.lib : u_divt2.asm.obj (.text)
                  0000b4dc    00000004     --HOLE-- [fill = 0]
                  0000b4e0    00000040     sysbios.aem4f : BIOS.obj (.text:ti_sysbios_family_arm_msp432_Timer_Module_startup__E)
                  0000b520    00000040                   : BIOS.obj (.text:ti_sysbios_family_arm_msp432_Timer_startup__E)
                  0000b560    00000040                   : BIOS.obj (.text:ti_sysbios_heaps_HeapMem_Instance_init__E)
                  0000b5a0    00000040                   : BIOS.obj (.text:ti_sysbios_knl_Clock_Instance_init__E)
                  0000b5e0    0000003c     dpl_msp432p401x.aem4f : SemaphoreP_tirtos.oem4f (.text:SemaphoreP_create)
                  0000b61c    00000004     --HOLE-- [fill = 0]
                  0000b620    0000003c     sysbios.aem4f : BIOS.obj (.text:ti_sysbios_family_arm_m3_Hwi_Instance_finalize__E)
                  0000b65c    00000004     --HOLE-- [fill = 0]
                  0000b660    0000003c                   : BIOS.obj (.text:ti_sysbios_family_arm_msp432_Seconds_Module_startup__E)
                  0000b69c    0000003c     release_pem4f.oem4f (.text:ti_sysbios_knl_Clock_create)
                  0000b6d8    0000003c     sysbios.aem4f : BIOS.obj (.text:ti_sysbios_knl_Swi_restore__E)
                  0000b714    00000004     --HOLE-- [fill = 0]
                  0000b718    0000003c                   : BIOS.obj (.text:usleep)
                  0000b754    00000038     drivers_msp432p401x.aem4f : PowerMSP432.oem4f (.text:Power_setConstraint)
                  0000b78c    00000038                               : PowerMSP432.oem4f (.text:notify)
                  0000b7c4    00000038     rtsv7M4_T_le_v4SPD16_eabi.lib : fs_tod_t2.asm.obj (.text)
                  0000b7fc    00000004     --HOLE-- [fill = 0]
                  0000b800    00000038     sysbios.aem4f : BIOS.obj (.text:xdc_runtime_System_atexit__E)
                  0000b838    00000036     drivers_msp432p401x.aem4f : UARTMSP432.oem4f (.text:UARTMSP432_readCancel)
                  0000b86e    00000002     --HOLE-- [fill = 0]
                  0000b870    00000034                               : GPIOMSP432.oem4f (.text:GPIO_clearInt)
                  0000b8a4    00000034                               : GPIOMSP432.oem4f (.text:GPIO_enableInt)
                  0000b8d8    00000034     release_pem4f.oem4f (.text:ti_sysbios_knl_Semaphore_create)
                  0000b90c    00000004     --HOLE-- [fill = 0]
                  0000b910    00000032     sysbios.aem4f : BIOS.obj (.text:ti_sysbios_hal_Hwi_initStack)
                  0000b942    00000006     display.aem4f : DisplayUart.oem4f (.text:DisplayUartMin_getType)
                  0000b948    00000032     sysbios.aem4f : BIOS.obj (.text:xdc_runtime_System_putchar__I)
                  0000b97a    00000002     --HOLE-- [fill = 0]
                  0000b97c    00000030     drivers_msp432p401x.aem4f : I2CMSP432.oem4f (.text:mapPin)
                  0000b9ac    00000030                               : UARTMSP432.oem4f (.text:mapPin)
                  0000b9dc    00000030     release_pem4f.oem4f (.text:ti_sysbios_BIOS_atExitFunc__I)
                  0000ba0c    00000030     release_pem4f.oem4f (.text:ti_sysbios_BIOS_startFunc__I)
                  0000ba3c    00000004     --HOLE-- [fill = 0]
                  0000ba40    00000030     sysbios.aem4f : BIOS.obj (.text:ti_sysbios_family_arm_m3_TaskSupport_start__E)
                  0000ba70    00000030     release_pem4f.oem4f (.text:ti_sysbios_gates_GateHwi_Object__create__S)
                  0000baa0    00000030     release_pem4f.oem4f (.text:ti_sysbios_gates_GateMutex_Object__create__S)
                  0000bad0    00000030     sysbios.aem4f : BIOS.obj (.text:ti_sysbios_gates_GateMutex_enter__E)
                  0000bb00    00000030     release_pem4f.oem4f (.text:ti_sysbios_heaps_HeapMem_Object__create__S)
                  0000bb30    00000030     sysbios.aem4f : BIOS.obj (.text:ti_sysbios_knl_Mailbox_postInit__I)
                  0000bb60    00000030     release_pem4f.oem4f (.text:ti_sysbios_knl_Semaphore_construct)
                  0000bb90    00000030     sysbios.aem4f : BIOS.obj (.text:ti_sysbios_knl_Semaphore_pendTimeout__I)
                  0000bbc0    00000030                   : BIOS.obj (.text:ti_sysbios_knl_Task_processVitalTaskFlag__I)
                  0000bbf0    00000030                   : BIOS.obj (.text:ti_sysbios_knl_Task_restore__E)
                  0000bc20    00000030                   : BIOS.obj (.text:ti_sysbios_knl_Task_unblockI__E)
                  0000bc50    00000030                   : BIOS.obj (.text:xdc_runtime_System_processAtExit__E)
                  0000bc80    0000002e                   : BIOS.obj (.text:pthread_setcancelstate)
                  0000bcae    0000002c     dpl_msp432p401x.aem4f : PowerMSP432_tirtos.oem4f (.text:PowerMSP432_updateFreqs)
                  0000bcda    00000002     --HOLE-- [fill = 0]
                  0000bcdc    0000002c     msp432p4xx_driverlib.lib : rtc_c.o (.text:RTC_C_holdClock)
                  0000bd08    0000002c     dpl_msp432p401x.aem4f : SemaphoreP_tirtos.oem4f (.text:SemaphoreP_createBinary)
                  0000bd34    00000004     --HOLE-- [fill = 0]
                  0000bd38    0000002c     sysbios.aem4f : BIOS.obj (.text:_pthread_cleanupFxn)
                  0000bd64    00000004     --HOLE-- [fill = 0]
                  0000bd68    0000002c                   : BIOS.obj (.text:_pthread_delete$43)
                  0000bd94    0000002c     release_pem4f.oem4f (.text:ti_sysbios_gates_GateHwi_Handle__label__S)
                  0000bdc0    0000002c     release_pem4f.oem4f (.text:ti_sysbios_gates_GateMutex_Handle__label__S)
                  0000bdec    0000002c     release_pem4f.oem4f (.text:ti_sysbios_heaps_HeapMem_Handle__label__S)
                  0000be18    0000002c     release_pem4f.oem4f (.text:ti_sysbios_knl_Clock_doTick__I)
                  0000be44    0000002c     release_pem4f.oem4f (.text:ti_sysbios_knl_Queue_construct)
                  0000be70    0000002a     display.aem4f : Display.oem4f (.text:Display_doPrintf)
                  0000be9a    00000006     drivers_msp432p401x.aem4f : I2CMSP432.oem4f (.text:I2CMSP432_control)
                  0000bea0    0000002a     sysbios.aem4f : BIOS.obj (.text:sem_init)
                  0000beca    00000002     --HOLE-- [fill = 0]
                  0000becc    00000028     msp432p4xx_driverlib.lib : pcm.o (.text:PCM_gotoLPM0)
                  0000bef4    00000028     drivers_msp432p401x.aem4f : PowerMSP432.oem4f (.text:Power_registerNotify)
                  0000bf1c    00000028     sail.lib : bmi160.obj (.text:bmi160_read_fifo_header_data)
                  0000bf44    00000028     drivers_msp432p401x.aem4f : PowerMSP432.oem4f (.text:disableFaultCounter)
                  0000bf6c    00000028                               : PowerMSP432.oem4f (.text:disableHFXT)
                  0000bf94    00000028                               : UARTMSP432.oem4f (.text:findBaudDividerIndex)
                  0000bfbc    00000028     sysbios.aem4f : m3_Hwi_asm.obj (.text:ti_sysbios_family_arm_m3_Hwi_excHandlerAsm__I)
                  0000bfe4    00000004     --HOLE-- [fill = 0]
                  0000bfe8    00000028                   : BIOS.obj (.text:ti_sysbios_knl_Clock_addI__E)
                  0000c010    00000028                   : BIOS.obj (.text:ti_sysbios_knl_Swi_Module_startup__E)
                  0000c038    00000026     drivers_msp432p401x.aem4f : List.oem4f (.text:List_put)
                  0000c05e    00000026                               : List.oem4f (.text:List_remove)
                  0000c084    00000026     sysbios.aem4f : m3_Hwi_asm.obj (.text:ti_sysbios_family_arm_m3_Hwi_pendSV__I)
                  0000c0aa    00000002     --HOLE-- [fill = 0]
                  0000c0ac    00000024     msp432p4xx_driverlib.lib : wdt_a.o (.text:WDT_A_holdTimer)
                  0000c0d0    00000024     sysbios.aem4f : BIOS.obj (.text:pthread_attr_init)
                  0000c0f4    00000024     release_pem4f.oem4f (.text:ti_sysbios_BIOS_registerRTSLock__I)
                  0000c118    00000024     release_pem4f.oem4f (.text:ti_sysbios_BIOS_removeRTSLock__I)
                  0000c13c    00000004     --HOLE-- [fill = 0]
                  0000c140    00000024     sysbios.aem4f : BIOS.obj (.text:ti_sysbios_family_arm_msp432_ClockFreqs_setFrequency__E)
                  0000c164    00000024     release_pem4f.oem4f (.text:ti_sysbios_gates_GateMutex_Object__delete__S)
                  0000c188    00000024     sysbios.aem4f : BIOS.obj (.text:ti_sysbios_knl_Clock_Module_startup__E)
                  0000c1ac    00000024     release_pem4f.oem4f (.text:ti_sysbios_knl_Clock_Object__delete__S)
                  0000c1d0    00000024     sysbios.aem4f : BIOS.obj (.text:ti_sysbios_knl_Clock_start__E)
                  0000c1f4    00000004     --HOLE-- [fill = 0]
                  0000c1f8    00000024                   : BIOS.obj (.text:ti_sysbios_knl_Semaphore_Instance_init__E)
                  0000c21c    00000024     release_pem4f.oem4f (.text:ti_sysbios_knl_Semaphore_Object__delete__S)
                  0000c240    00000024     sysbios.aem4f : BIOS.obj (.text:ti_sysbios_knl_Task_restoreHwi__E)
                  0000c264    00000004     --HOLE-- [fill = 0]
                  0000c268    00000024                   : BIOS.obj (.text:xdc_runtime_Error_policyMin__E)
                  0000c28c    00000020     msp432p4xx_driverlib.lib : cs.o (.text:CS_setExternalClockSourceFrequency)
                  0000c2ac    00000020     drivers_msp432p401x.aem4f : PowerMSP432.oem4f (.text:Power_unregisterNotify)
                  0000c2cc    00000020                               : RingBuf.oem4f (.text:RingBuf_peek)
                  0000c2ec    00000020     rtsv7M4_T_le_v4SPD16_eabi.lib : u_tofd_t2.asm.obj (.text)
                  0000c30c    00000020     release_pem4f.oem4f (.text:ti_sysbios_BIOS_rtsLock__I)
                  0000c32c    00000020     release_pem4f.oem4f (.text:ti_sysbios_family_arm_m3_Hwi_Object__delete__S)
                  0000c34c    00000020     release_pem4f.oem4f (.text:ti_sysbios_gates_GateHwi_Object__delete__S)
                  0000c36c    00000020     release_pem4f.oem4f (.text:ti_sysbios_heaps_HeapMem_Object__delete__S)
                  0000c38c    00000004     --HOLE-- [fill = 0]
                  0000c390    00000020     sysbios.aem4f : BIOS.obj (.text:ti_sysbios_knl_Idle_run__E)
                  0000c3b0    00000020     release_pem4f.oem4f (.text:ti_sysbios_knl_Semaphore_destruct)
                  0000c3d0    00000020     release_pem4f.oem4f (.text:ti_sysbios_knl_Task_Object__delete__S)
                  0000c3f0    0000001e     sysbios.aem4f : m3_Hwi_asm_switch.obj (.text:ti_sysbios_family_xxx_Hwi_switchAndRunFunc)
                  0000c40e    00000002     --HOLE-- [fill = 0]
                  0000c410    0000001c                   : BIOS.obj (.text:ti_sysbios_family_arm_m3_Hwi_excHandler__I)
                  0000c42c    00000004     --HOLE-- [fill = 0]
                  0000c430    0000001c                   : BIOS.obj (.text:ti_sysbios_gates_GateMutex_Instance_init__E)
                  0000c44c    00000004     --HOLE-- [fill = 0]
                  0000c450    0000001c                   : BIOS.obj (.text:ti_sysbios_knl_Clock_Instance_finalize__E)
                  0000c46c    0000001c     release_pem4f.oem4f (.text:ti_sysbios_knl_Queue_destruct)
                  0000c488    0000001c     sysbios.aem4f : BIOS.obj (.text:ti_sysbios_knl_Queue_put__E)
                  0000c4a4    00000004     --HOLE-- [fill = 0]
                  0000c4a8    0000001c                   : BIOS.obj (.text:ti_sysbios_knl_Task_enter__I)
                  0000c4c4    00000004     --HOLE-- [fill = 0]
                  0000c4c8    0000001c                   : BIOS.obj (.text:ti_sysbios_rts_ti_ReentSupport_getReent__F)
                  0000c4e4    00000004     --HOLE-- [fill = 0]
                  0000c4e8    0000001c                   : BIOS.obj (.text:xdc_runtime_Memory_valloc__E)
                  0000c504    00000004     --HOLE-- [fill = 0]
                  0000c508    0000001c                   : BIOS.obj (.text:xdc_runtime_System_abort__E)
                  0000c524    00000018     release_pem4f.oem4f (.text:.bootCodeSection:ti_sysbios_family_arm_msp432_init_Boot_init__I)
                  0000c53c    00000018     drivers_msp432p401x.aem4f : I2C.oem4f (.text:I2C_transfer)
                  0000c554    00000018     msp432p4xx_driverlib.lib : sysctl_a.o (.text:SysCtl_A_disableNMISource)
                  0000c56c    00000018                              : sysctl_a.o (.text:SysCtl_A_enableNMISource)
                  0000c584    00000018     drivers_msp432p401x.aem4f : UART.oem4f (.text:UART_Params_init)
                  0000c59c    00000018     rtsv7M4_T_le_v4SPD16_eabi.lib : args_main.c.obj (.text:_args_main)
                  0000c5b4    00000018     release_pem4f.oem4f (.text:ti_sysbios_BIOS_rtsUnlock__I)
                  0000c5cc    00000018     release_pem4f.oem4f (.text:ti_sysbios_family_arm_m3_Hwi_Module__startupDone__F)
                  0000c5e4    00000018     sysbios.aem4f : m3_TaskSupport_asm.obj (.text:ti_sysbios_family_arm_m3_TaskSupport_swap__E)
                  0000c5fc    00000018     release_pem4f.oem4f (.text:ti_sysbios_family_arm_msp432_Timer_Module__startupDone__F)
                  0000c614    00000004     --HOLE-- [fill = 0]
                  0000c618    00000018     sysbios.aem4f : BIOS.obj (.text:ti_sysbios_gates_GateMutex_leave__E)
                  0000c630    00000018                   : BIOS.obj (.text:ti_sysbios_knl_Task_sleepTimeout__I)
                  0000c648    00000018     release_pem4f.oem4f (.text:ti_sysbios_rts_ti_ReentSupport_getTlsAddr__I)
                  0000c660    00000018     sysbios.aem4f : BIOS.obj (.text:xdc_runtime_Error_init__E)
                  0000c678    00000018                   : BIOS.obj (.text:xdc_runtime_System_exit__E)
                  0000c690    00000016     display.aem4f : DisplayUart.oem4f (.text:DisplayUartMin_close)
                  0000c6a6    00000016     release_pem4f.oem4f (.text:ti_sysbios_BIOS_exitFunc__I)
                  0000c6bc    00000004     --HOLE-- [fill = 0]
                  0000c6c0    00000016     sysbios.aem4f : BIOS.obj (.text:ti_sysbios_knl_Task_unblock__E)
                  0000c6d6    00000002     --HOLE-- [fill = 0]
                  0000c6d8    00000014     msp432p4xx_driverlib.lib : pcm.o (.text:PCM_getPowerState)
                  0000c6ec    00000014     drivers_msp432p401x.aem4f : PowerMSP432.oem4f (.text:Power_idleFunc)
                  0000c700    00000014     bmi160_support.obj (.text:bmi160Callback)
                  0000c714    00000014     drivers_msp432p401x.aem4f : UARTMSP432.oem4f (.text:clearTXCPTIFG)
                  0000c728    00000014     sysbios.aem4f : BIOS.obj (.text:pthread_attr_setschedparam)
                  0000c73c    00000014     rtsv7M4_T_le_v4SPD16_eabi.lib : strlen.c.obj (.text:strlen)
                  0000c750    00000014     release_pem4f.oem4f (.text:ti_sysbios_family_arm_m3_Hwi_Object__get__S)
                  0000c764    00000004     --HOLE-- [fill = 0]
                  0000c768    00000014     sysbios.aem4f : BIOS.obj (.text:ti_sysbios_family_arm_m3_Hwi_switchFromBootStack__E)
                  0000c77c    00000014     release_pem4f.oem4f (.text:ti_sysbios_heaps_HeapMem_Object__get__S)
                  0000c790    00000014     release_pem4f.oem4f (.text:ti_sysbios_knl_Swi_Object__get__S)
                  0000c7a4    00000012     bmi160_support.obj (.text:BMI160_delay_msek)
                  0000c7b6    00000012     drivers_msp432p401x.aem4f : RingBuf.oem4f (.text:RingBuf_construct)
                  0000c7c8    00000012     dpl_msp432p401x.aem4f : SemaphoreP_tirtos.oem4f (.text:SemaphoreP_pend)
                  0000c7da    00000006     --HOLE-- [fill = 0]
                  0000c7e0    00000012     sysbios.aem4f : BIOS.obj (.text:_pthread_cleanup_pop)
                  0000c7f2    00000006     --HOLE-- [fill = 0]
                  0000c7f8    00000012                   : BIOS.obj (.text:_pthread_runStub$43)
                  0000c80a    00000006     --HOLE-- [fill = 0]
                  0000c810    00000012                   : BIOS.obj (.text:ti_sysbios_hal_Hwi_Module_startup__E)
                  0000c822    00000012     release_pem4f.oem4f (.text:xdc_runtime_Startup_exec__I)
                  0000c834    00000010     dpl_msp432p401x.aem4f : HwiP_tirtos.oem4f (.text:HwiP_Params_init)
                  0000c844    00000010     drivers_msp432p401x.aem4f : I2C.oem4f (.text:I2C_Params_init)
                  0000c854    00000010     msp432p4xx_driverlib.lib : pcm.o (.text:PCM_gotoLPM4)
                  0000c864    00000010                              : pcm.o (.text:PCM_setPowerMode)
                  0000c874    00000010                              : pcm.o (.text:PCM_setPowerState)
                  0000c884    00000010     drivers_msp432p401x.aem4f : PowerMSP432.oem4f (.text:PowerMSP432_getNumPerfLevels)
                  0000c894    00000010     msp432p4xx_driverlib.lib : sysctl_a.o (.text:SysCtl_A_getNMISourceStatus)
                  0000c8a4    00000010                              : sysctl.o (.text:SysCtl_getNMISourceStatus)
                  0000c8b4    00000010     drivers_msp432p401x.aem4f : UARTMSP432.oem4f (.text:readBlockingTimeout)
                  0000c8c4    00000004     --HOLE-- [fill = 0]
                  0000c8c8    00000010     sysbios.aem4f : BIOS.obj (.text:ti_sysbios_BIOS_exit__E)
                  0000c8d8    00000010                   : BIOS.obj (.text:ti_sysbios_BIOS_setCpuFreq__E)
                  0000c8e8    00000010                   : BIOS.obj (.text:ti_sysbios_BIOS_setThreadType__E)
                  0000c8f8    00000010                   : BIOS.obj (.text:ti_sysbios_BIOS_start__E)
                  0000c908    00000010                   : m3_TaskSupport_asm.obj (.text:ti_sysbios_family_arm_m3_TaskSupport_glue)
                  0000c918    00000010                   : BIOS.obj (.text:ti_sysbios_family_arm_msp432_init_Boot_disableWatchdog)
                  0000c928    00000010                   : BIOS.obj (.text:ti_sysbios_gates_GateMutex_Instance_finalize__E)
                  0000c938    00000010     release_pem4f.oem4f (.text:ti_sysbios_knl_Mailbox_Object__get__S)
                  0000c948    00000010     sysbios.aem4f : BIOS.obj (.text:ti_sysbios_knl_Semaphore_Instance_finalize__E)
                  0000c958    00000010                   : BIOS.obj (.text:ti_sysbios_knl_Swi_disable__E)
                  0000c968    00000010     release_pem4f.oem4f (.text:ti_sysbios_knl_Task_Object__get__S)
                  0000c978    00000010     sysbios.aem4f : BIOS.obj (.text:ti_sysbios_knl_Task_disable__E)
                  0000c988    00000010                   : BIOS.obj (.text:xdc_runtime_Gate_leaveSystem__E)
                  0000c998    00000010                   : BIOS.obj (.text:xdc_runtime_Memory_free__E)
                  0000c9a8    00000010                   : BIOS.obj (.text:xdc_runtime_SysCallback_abort__E)
                  0000c9b8    00000010                   : BIOS.obj (.text:xdc_runtime_SysCallback_exit__E)
                  0000c9c8    00000010                   : BIOS.obj (.text:xdc_runtime_SysCallback_putch__E)
                  0000c9d8    00000010                   : BIOS.obj (.text:xdc_runtime_SysCallback_ready__E)
                  0000c9e8    00000010                   : BIOS.obj (.text:xdc_runtime_System_vsnprintf__E)
                  0000c9f8    0000000e     rtsv7M4_T_le_v4SPD16_eabi.lib : copy_decompress_none.c.obj (.text:decompress:none:__TI_decompress_none)
                  0000ca06    00000002     --HOLE-- [fill = 0]
                  0000ca08    0000000e     sysbios.aem4f : BIOS.obj (.text:pthread_attr_setdetachstate)
                  0000ca16    00000002     --HOLE-- [fill = 0]
                  0000ca18    0000000e                   : BIOS.obj (.text:sem_wait)
                  0000ca26    00000002     --HOLE-- [fill = 0]
                  0000ca28    0000000e                   : BIOS.obj (.text:ti_sysbios_knl_Idle_loop__E)
                  0000ca36    00000002     --HOLE-- [fill = 0]
                  0000ca38    0000000e                   : BIOS.obj (.text:ti_sysbios_knl_Queue_empty__E)
                  0000ca46    0000000c     ti_drivers_config.obj (.text:Board_init)
                  0000ca52    0000000c     msp432p4xx_driverlib.lib : cpu.o (.text:CPU_cpsid)
                  0000ca5e    0000000c                              : cpu.o (.text:CPU_cpsie)
                  0000ca6a    0000000c     dpl_msp432p401x.aem4f : ClockP_tirtos.oem4f (.text:ClockP_delete)
                  0000ca76    0000000c                           : HwiP_tirtos.oem4f (.text:HwiP_delete)
                  0000ca82    00000002     --HOLE-- [fill = 0]
                  0000ca84    0000000c     drivers_msp432p401x.aem4f : PowerMSP432.oem4f (.text:Power_getConstraintMask)
                  0000ca90    0000000c                               : PowerMSP432.oem4f (.text:Power_getPerformanceLevel)
                  0000ca9c    0000000c     dpl_msp432p401x.aem4f : SemaphoreP_tirtos.oem4f (.text:SemaphoreP_delete)
                  0000caa8    0000000c     rtsv7M4_T_le_v4SPD16_eabi.lib : _lock.c.obj (.text:_register_lock)
                  0000cab4    0000000c                                   : _lock.c.obj (.text:_register_unlock)
                  0000cac0    0000000c                                   : copy_zero_init.c.obj (.text:decompress:ZI:__TI_zero_init)
                  0000cacc    00000004     --HOLE-- [fill = 0]
                  0000cad0    0000000c     sysbios.aem4f : BIOS.obj (.text:pthread_self)
                  0000cadc    0000000c     release_pem4f.oem4f (.text:ti_sysbios_family_arm_m3_Hwi_Params__init__S)
                  0000cae8    0000000c     sysbios.aem4f : BIOS.obj (.text:ti_sysbios_family_arm_m3_Hwi_disableFxn__E)
                  0000caf4    00000004     --HOLE-- [fill = 0]
                  0000caf8    0000000c                   : BIOS.obj (.text:ti_sysbios_family_arm_m3_TaskSupport_getStackAlignment__E)
                  0000cb04    00000004     --HOLE-- [fill = 0]
                  0000cb08    0000000c                   : BIOS.obj (.text:ti_sysbios_family_arm_msp432_Timer_getMaxTicks__E)
                  0000cb14    00000004     --HOLE-- [fill = 0]
                  0000cb18    0000000c                   : BIOS.obj (.text:ti_sysbios_gates_GateHwi_enter__E)
                  0000cb24    0000000c     release_pem4f.oem4f (.text:ti_sysbios_knl_Clock_Params__init__S)
                  0000cb30    0000000c     release_pem4f.oem4f (.text:ti_sysbios_knl_Queue_Object__get__S)
                  0000cb3c    0000000c     release_pem4f.oem4f (.text:ti_sysbios_knl_Semaphore_Params__init__S)
                  0000cb48    0000000c     release_pem4f.oem4f (.text:ti_sysbios_knl_Task_Params__init__S)
                  0000cb54    00000004     --HOLE-- [fill = 0]
                  0000cb58    0000000c     sysbios.aem4f : BIOS.obj (.text:ti_sysbios_knl_Task_self__E)
                  0000cb64    00000004     --HOLE-- [fill = 0]
                  0000cb68    0000000c                   : BIOS.obj (.text:ti_sysbios_rts_ti_ReentSupport_taskRegHook__I)
                  0000cb74    00000004     --HOLE-- [fill = 0]
                  0000cb78    0000000c                   : BIOS.obj (.text:xdc_runtime_Gate_enterSystem__E)
                  0000cb84    00000004     --HOLE-- [fill = 0]
                  0000cb88    0000000c                   : BIOS.obj (.text:xdc_runtime_Startup_rtsDone__E)
                  0000cb94    0000000a     dpl_msp432p401x.aem4f : ClockP_tirtos.oem4f (.text:ClockP_Params_init)
                  0000cb9e    0000000a     drivers_msp432p401x.aem4f : UART.oem4f (.text:UART_close)
                  0000cba8    0000000a                               : UART.oem4f (.text:UART_control)
                  0000cbb2    0000000a                               : UART.oem4f (.text:UART_write)
                  0000cbbc    00000004     --HOLE-- [fill = 0]
                  0000cbc0    0000000a     sysbios.aem4f : BIOS.obj (.text:sem_post)
                  0000cbca    0000000a     release_pem4f.oem4f (.text:xdc_runtime_IHeap_alloc)
                  0000cbd4    0000000a     release_pem4f.oem4f (.text:xdc_runtime_IHeap_free)
                  0000cbde    00000008     dpl_msp432p401x.aem4f : SemaphoreP_tirtos.oem4f (.text:SemaphoreP_Params_init)
                  0000cbe6    00000008     drivers_msp432p401x.aem4f : I2CMSP432.oem4f (.text:blockingTransferCallback)
                  0000cbee    00000002     --HOLE-- [fill = 0]
                  0000cbf0    00000008     sysbios.aem4f : BIOS.obj (.text:pthread_attr_setstacksize)
                  0000cbf8    00000008     drivers_msp432p401x.aem4f : UARTMSP432.oem4f (.text:readSemCallback)
                  0000cc00    00000008     sysbios.aem4f : BIOS.obj (.text:ti_sysbios_family_arm_m3_Hwi_doSwiRestore__I)
                  0000cc08    00000008                   : BIOS.obj (.text:ti_sysbios_family_arm_m3_Hwi_startup__E)
                  0000cc10    00000008     drivers_msp432p401x.aem4f : UARTMSP432.oem4f (.text:txcptEnabledStatus)
                  0000cc18    00000008                               : UARTMSP432.oem4f (.text:writeSemCallback)
                  0000cc20    00000006     sysbios.aem4f : BIOS.obj (.text:ti_sysbios_family_arm_m3_Hwi_doTaskRestore__I)
                  0000cc26    00000002     --HOLE-- [fill = 0]
                  0000cc28    00000006                   : BIOS.obj (.text:ti_sysbios_family_arm_m3_Hwi_restoreFxn__E)
                  0000cc2e    00000002     --HOLE-- [fill = 0]
                  0000cc30    00000006                   : BIOS.obj (.text:ti_sysbios_gates_GateHwi_leave__E)
                  0000cc36    00000002     --HOLE-- [fill = 0]
                  0000cc38    00000006                   : BIOS.obj (.text:ti_sysbios_heaps_HeapMem_isBlocking__E)
                  0000cc3e    00000002     --HOLE-- [fill = 0]
                  0000cc40    00000006                   : BIOS.obj (.text:ti_sysbios_knl_Clock_stop__E)
                  0000cc46    00000002     --HOLE-- [fill = 0]
                  0000cc48    00000006                   : BIOS.obj (.text:ti_sysbios_knl_Queue_Instance_init__E)
                  0000cc4e    00000002     --HOLE-- [fill = 0]
                  0000cc50    00000006                   : BIOS.obj (.text:ti_sysbios_knl_Swi_startup__E)
                  0000cc56    00000002     --HOLE-- [fill = 0]
                  0000cc58    00000006                   : BIOS.obj (.text:xdc_runtime_System_Module_startup__E)
                  0000cc5e    00000002     --HOLE-- [fill = 0]
                  0000cc60    00000004                   : BIOS.obj (.text:__aeabi_errno_addr)
                  0000cc64    00000004     --HOLE-- [fill = 0]
                  0000cc68    00000004                   : BIOS.obj (.text:pthread_attr_destroy)
                  0000cc6c    00000004     --HOLE-- [fill = 0]
                  0000cc70    00000004                   : BIOS.obj (.text:ti_sysbios_gates_GateHwi_query__E)
                  0000cc74    00000004     --HOLE-- [fill = 0]
                  0000cc78    00000004                   : BIOS.obj (.text:ti_sysbios_gates_GateMutex_query__E)
                  0000cc7c    00000004     --HOLE-- [fill = 0]
                  0000cc80    00000004                   : BIOS.obj (.text:ti_sysbios_knl_Clock_setTimeout__E)
                  0000cc84    00000004     --HOLE-- [fill = 0]
                  0000cc88    00000004                   : BIOS.obj (.text:ti_sysbios_knl_Task_startup__E)
                  0000cc8c    00000004     --HOLE-- [fill = 0]
                  0000cc90    00000004                   : BIOS.obj (.text:xdc_runtime_SysCallback_defaultReady)
                  0000cc94    00000004     --HOLE-- [fill = 0]
                  0000cc98    00000002                   : BIOS.obj (.text:ti_sysbios_BIOS_linkedWithIncorrectBootLibrary__E)
                  0000cc9a    00000006     --HOLE-- [fill = 0]
                  0000cca0    00000002                   : BIOS.obj (.text:ti_sysbios_gates_GateHwi_Instance_init__E)
                  0000cca2    00000006     --HOLE-- [fill = 0]
                  0000cca8    00000002                   : BIOS.obj (.text:ti_sysbios_knl_Clock_logTick__E)
                  0000ccaa    00000006     --HOLE-- [fill = 0]
                  0000ccb0    00000002                   : BIOS.obj (.text:xdc_runtime_SysCallback_defaultAbort)
                  0000ccb2    00000006     --HOLE-- [fill = 0]
                  0000ccb8    00000002                   : BIOS.obj (.text:xdc_runtime_SysCallback_defaultExit)
                  0000ccba    00000006     --HOLE-- [fill = 0]
                  0000ccc0    00000002                   : BIOS.obj (.text:xdc_runtime_SysCallback_defaultPutch)
                  0000ccc2    00000006     --HOLE-- [fill = 0]
                  0000ccc8    00000002                   : BIOS.obj (.text:xdc_runtime_System_abortSpin__E)
                  0000ccca    00000006     --HOLE-- [fill = 0]
                  0000ccd0    00000002                   : BIOS.obj (.text:xdc_runtime_System_exitSpin__E)

.const     0    0000ccd4    000005d8     
                  0000ccd4    00000040     ti_drivers_config.obj (.const:uartMSP432Baudrates)
                  0000cd14    0000003c     release_pem4f.oem4f (.const:ti_sysbios_knl_Task_Object__PARAMS__C)
                  0000cd50    00000038     ti_drivers_config.obj (.const:PowerMSP432_config)
                  0000cd88    00000030     release_pem4f.oem4f (.const:ti_sysbios_family_arm_m3_Hwi_Object__PARAMS__C)
                  0000cdb8    0000002c     ti_drivers_config.obj (.const:uartMSP432HWAttrs)
                  0000cde4    00000028     drivers_msp432p401x.aem4f : UARTMSP432.oem4f (.const:UARTMSP432_fxnTable)
                  0000ce0c    00000028     release_pem4f.oem4f (.const:ti_sysbios_heaps_HeapMem_Module__FXNS__C)
                  0000ce34    00000024     drivers_msp432p401x.aem4f : UART.oem4f (.const:UART_defaultParams)
                  0000ce58    00000024     release_pem4f.oem4f (.const:ti_sysbios_gates_GateHwi_Module__FXNS__C)
                  0000ce7c    00000024     release_pem4f.oem4f (.const:ti_sysbios_gates_GateMutex_Module__FXNS__C)
                  0000cea0    00000024     release_pem4f.oem4f (.const:ti_sysbios_heaps_HeapMem_Object__PARAMS__C)
                  0000cec4    00000024     release_pem4f.oem4f (.const:ti_sysbios_knl_Clock_Object__PARAMS__C)
                  0000cee8    00000024     release_pem4f.oem4f (.const:ti_sysbios_knl_Semaphore_Object__PARAMS__C)
                  0000cf0c    00000024     release_pem4f.oem4f (.const:xdc_runtime_Startup_sfxnTab__A)
                  0000cf30    00000020     display.aem4f : DisplayUart.oem4f (.const:DisplayUartMin_fxnTable)
                  0000cf50    00000020     drivers_msp432p401x.aem4f : UARTMSP432.oem4f (.const:staticFxnTable)
                  0000cf70    00000020     release_pem4f.oem4f (.const:ti_sysbios_family_arm_m3_Hwi_Object__DESC__C)
                  0000cf90    00000020     release_pem4f.oem4f (.const:ti_sysbios_gates_GateHwi_Object__DESC__C)
                  0000cfb0    00000020     release_pem4f.oem4f (.const:ti_sysbios_gates_GateMutex_Object__DESC__C)
                  0000cfd0    00000020     release_pem4f.oem4f (.const:ti_sysbios_heaps_HeapMem_Object__DESC__C)
                  0000cff0    00000020     release_pem4f.oem4f (.const:ti_sysbios_knl_Clock_Object__DESC__C)
                  0000d010    00000020     release_pem4f.oem4f (.const:ti_sysbios_knl_Queue_Object__DESC__C)
                  0000d030    00000020     release_pem4f.oem4f (.const:ti_sysbios_knl_Semaphore_Object__DESC__C)
                  0000d050    00000020     release_pem4f.oem4f (.const:ti_sysbios_knl_Task_Object__DESC__C)
                  0000d070    00000018     drivers_msp432p401x.aem4f : I2CMSP432.oem4f (.const:I2CMSP432_fxnTable)
                  0000d088    00000018     release_pem4f.oem4f (.const:ti_sysbios_gates_GateHwi_Object__PARAMS__C)
                  0000d0a0    00000018     release_pem4f.oem4f (.const:ti_sysbios_gates_GateMutex_Object__PARAMS__C)
                  0000d0b8    00000018     release_pem4f.oem4f (.const:ti_sysbios_knl_Queue_Object__PARAMS__C)
                  0000d0d0    00000018     release_pem4f.oem4f (.const:ti_sysbios_knl_Task_hooks__A)
                  0000d0e8    00000014     ti_drivers_config.obj (.const:GPIOMSP432_config)
                  0000d0fc    00000014     ti_drivers_config.obj (.const:displayUartHWAttrs)
                  0000d110    00000014     ti_drivers_config.obj (.const:i2cMSP432HWAttrs)
                  0000d124    00000012     release_pem4f.oem4f (.const:xdc_runtime_Startup_sfxnRts__A)
                  0000d136    00000002     release_pem4f.oem4f (.const:ti_sysbios_family_arm_m3_Hwi_Module__id__C)
                  0000d138    00000010     drivers_msp432p401x.aem4f : I2C.oem4f (.const:I2C_defaultParams)
                  0000d148    0000000c     ti_drivers_config.obj (.const:Display_config)
                  0000d154    0000000c     ti_drivers_config.obj (.const:I2C_config)
                  0000d160    0000000c     ti_drivers_config.obj (.const:UART_config)
                  0000d16c    0000000c     drivers_msp432p401x.aem4f : I2CMSP432.oem4f (.const:bitRates)
                  0000d178    0000000c     release_pem4f.oem4f (.const:xdc_runtime_Startup_firstFxns__A)
                  0000d184    00000008     release_pem4f.oem4f (.const:ti_sysbios_knl_Idle_funcList__A)
                  0000d18c    00000008     release_pem4f.oem4f (.const:ti_sysbios_knl_Idle_funcList__C)
                  0000d194    00000008     release_pem4f.oem4f (.const:ti_sysbios_knl_Task_hooks__C)
                  0000d19c    00000008     release_pem4f.oem4f (.const:xdc_runtime_Startup_firstFxns__C)
                  0000d1a4    00000008     release_pem4f.oem4f (.const:xdc_runtime_Startup_lastFxns__C)
                  0000d1ac    00000006     sail.lib : bmi160.obj (.const:$P$T0$2)
                  0000d1b2    00000006     drivers_msp432p401x.aem4f : GPIOMSP432.oem4f (.const:.string:interruptType)
                  0000d1b8    00000006                               : GPIOMSP432.oem4f (.const:.string:portInterruptIds)
                  0000d1be    00000005                               : UARTMSP432.oem4f (.const:.string:parityTypes)
                  0000d1c3    00000001     display.aem4f : Display.oem4f (.const:Display_defaultParams)
                  0000d1c4    00000004     drivers_msp432p401x.aem4f : UARTMSP432.oem4f (.const:stopBits)
                  0000d1c8    00000004     release_pem4f.oem4f (.const:ti_sysbios_family_arm_m3_Hwi_E_alreadyDefined__C)
                  0000d1cc    00000004     release_pem4f.oem4f (.const:ti_sysbios_family_arm_m3_Hwi_E_badIntNum__C)
                  0000d1d0    00000004     release_pem4f.oem4f (.const:ti_sysbios_family_arm_m3_Hwi_NUM_INTERRUPTS__C)
                  0000d1d4    00000004     release_pem4f.oem4f (.const:ti_sysbios_family_arm_m3_Hwi_Object__count__C)
                  0000d1d8    00000004     release_pem4f.oem4f (.const:ti_sysbios_family_arm_m3_Hwi_ccr__C)
                  0000d1dc    00000004     release_pem4f.oem4f (.const:ti_sysbios_family_arm_m3_Hwi_excHandlerFunc__C)
                  0000d1e0    00000004     release_pem4f.oem4f (.const:ti_sysbios_family_arm_m3_Hwi_nullIsrFunc__C)
                  0000d1e4    00000004     release_pem4f.oem4f (.const:ti_sysbios_family_arm_m3_Hwi_priGroup__C)
                  0000d1e8    00000004     release_pem4f.oem4f (.const:ti_sysbios_family_arm_m3_Hwi_swiDisable__C)
                  0000d1ec    00000004     release_pem4f.oem4f (.const:ti_sysbios_family_arm_m3_Hwi_swiRestore__C)
                  0000d1f0    00000004     release_pem4f.oem4f (.const:ti_sysbios_family_arm_m3_TaskSupport_stackAlignment__C)
                  0000d1f4    00000004     release_pem4f.oem4f (.const:ti_sysbios_family_arm_msp432_Timer_numTimerDevices__C)
                  0000d1f8    00000004     release_pem4f.oem4f (.const:ti_sysbios_family_arm_msp432_Timer_startupNeeded__C)
                  0000d1fc    00000004     release_pem4f.oem4f (.const:ti_sysbios_gates_GateMutex_Instance_State_sem__O)
                  0000d200    00000004     release_pem4f.oem4f (.const:ti_sysbios_heaps_HeapMem_E_memory__C)
                  0000d204    00000004     release_pem4f.oem4f (.const:ti_sysbios_heaps_HeapMem_Module__gateObj__C)
                  0000d208    00000004     release_pem4f.oem4f (.const:ti_sysbios_heaps_HeapMem_Object__count__C)
                  0000d20c    00000004     release_pem4f.oem4f (.const:ti_sysbios_heaps_HeapMem_primaryHeapBaseAddr__C)
                  0000d210    00000004     release_pem4f.oem4f (.const:ti_sysbios_heaps_HeapMem_primaryHeapEndAddr__C)
                  0000d214    00000004     release_pem4f.oem4f (.const:ti_sysbios_heaps_HeapMem_reqAlign__C)
                  0000d218    00000004     release_pem4f.oem4f (.const:ti_sysbios_knl_Clock_Module_State_clockQ__O)
                  0000d21c    00000004     release_pem4f.oem4f (.const:ti_sysbios_knl_Clock_tickPeriod__C)
                  0000d220    00000004     release_pem4f.oem4f (.const:ti_sysbios_knl_Mailbox_Instance_State_freeQue__O)
                  0000d224    00000004     release_pem4f.oem4f (.const:ti_sysbios_knl_Mailbox_Object__count__C)
                  0000d228    00000004     release_pem4f.oem4f (.const:ti_sysbios_knl_Mailbox_maxTypeAlign__C)
                  0000d22c    00000004     release_pem4f.oem4f (.const:ti_sysbios_knl_Semaphore_Instance_State_pendQ__O)
                  0000d230    00000004     release_pem4f.oem4f (.const:ti_sysbios_knl_Swi_Object__count__C)
                  0000d234    00000004     release_pem4f.oem4f (.const:ti_sysbios_knl_Task_Module_State_inactiveQ__O)
                  0000d238    00000004     release_pem4f.oem4f (.const:ti_sysbios_knl_Task_Object__count__C)
                  0000d23c    00000004     release_pem4f.oem4f (.const:ti_sysbios_knl_Task_Object__heap__C)
                  0000d240    00000004     release_pem4f.oem4f (.const:ti_sysbios_knl_Task_allBlockedFunc__C)
                  0000d244    00000004     release_pem4f.oem4f (.const:ti_sysbios_knl_Task_defaultStackHeap__C)
                  0000d248    00000004     release_pem4f.oem4f (.const:ti_sysbios_knl_Task_defaultStackSize__C)
                  0000d24c    00000004     release_pem4f.oem4f (.const:ti_sysbios_knl_Task_numConstructedTasks__C)
                  0000d250    00000004     release_pem4f.oem4f (.const:xdc_runtime_Error_E_memory__C)
                  0000d254    00000004     release_pem4f.oem4f (.const:xdc_runtime_Error_policyFxn__C)
                  0000d258    00000004     release_pem4f.oem4f (.const:xdc_runtime_IGateProvider_Interface__BASE__C)
                  0000d25c    00000004     release_pem4f.oem4f (.const:xdc_runtime_IHeap_Interface__BASE__C)
                  0000d260    00000004     release_pem4f.oem4f (.const:xdc_runtime_IModule_Interface__BASE__C)
                  0000d264    00000004     release_pem4f.oem4f (.const:xdc_runtime_Memory_defaultHeapInstance__C)
                  0000d268    00000004     release_pem4f.oem4f (.const:xdc_runtime_Startup_execImpl__C)
                  0000d26c    00000004     release_pem4f.oem4f (.const:xdc_runtime_Startup_maxPasses__C)
                  0000d270    00000004     release_pem4f.oem4f (.const:xdc_runtime_Startup_sfxnRts__C)
                  0000d274    00000004     release_pem4f.oem4f (.const:xdc_runtime_Startup_sfxnTab__C)
                  0000d278    00000004     release_pem4f.oem4f (.const:xdc_runtime_SysCallback_abortFxn__C)
                  0000d27c    00000004     release_pem4f.oem4f (.const:xdc_runtime_SysCallback_exitFxn__C)
                  0000d280    00000004     release_pem4f.oem4f (.const:xdc_runtime_SysCallback_putchFxn__C)
                  0000d284    00000004     release_pem4f.oem4f (.const:xdc_runtime_SysCallback_readyFxn__C)
                  0000d288    00000004     release_pem4f.oem4f (.const:xdc_runtime_System_Module__gateObj__C)
                  0000d28c    00000004     release_pem4f.oem4f (.const:xdc_runtime_System_abortFxn__C)
                  0000d290    00000004     release_pem4f.oem4f (.const:xdc_runtime_System_exitFxn__C)
                  0000d294    00000004     release_pem4f.oem4f (.const:xdc_runtime_System_extendFxn__C)
                  0000d298    00000004     release_pem4f.oem4f (.const:xdc_runtime_System_maxAtexitHandlers__C)
                  0000d29c    00000003     ti_drivers_config.obj (.const)
                  0000d29f    00000001     release_pem4f.oem4f (.const:xdc_runtime_Error_policy__C)
                  0000d2a0    00000002     release_pem4f.oem4f (.const:ti_sysbios_family_arm_msp432_init_Boot_bypassHFXT__C)
                  0000d2a2    00000002     release_pem4f.oem4f (.const:ti_sysbios_family_arm_msp432_init_Boot_bypassLFXT__C)
                  0000d2a4    00000002     release_pem4f.oem4f (.const:ti_sysbios_family_arm_msp432_init_Boot_enableHFXT__C)
                  0000d2a6    00000002     release_pem4f.oem4f (.const:ti_sysbios_family_arm_msp432_init_Boot_enableLFXT__C)
                  0000d2a8    00000002     release_pem4f.oem4f (.const:ti_sysbios_heaps_HeapMem_Module__id__C)
                  0000d2aa    00000002     release_pem4f.oem4f (.const:xdc_runtime_Memory_Module__id__C)

.cinit     0    0000d2b0    00000240     
                  0000d2b0    00000217     (.cinit..data.load) [load image, compression = lzss]
                  0000d4c7    00000001     --HOLE-- [fill = 0]
                  0000d4c8    0000000c     (__TI_handler_table)
                  0000d4d4    00000004     --HOLE-- [fill = 0]
                  0000d4d8    00000008     (.cinit..bss.load) [load image, compression = zero_init]
                  0000d4e0    00000010     (__TI_cinit_table)

.init_array 
*          0    00000000    00000000     UNINITIALIZED

.bss       0    20008140    000019b9     UNINITIALIZED
                  20008140    00000e4c     (.common:header_data)
                  20008f8c    00000400     ti_drivers_config.obj (.bss:displayUARTBuffer)
                  2000938c    00000004     drivers_msp432p401x.aem4f : GPIOMSP432.oem4f (.bss)
                  20009390    00000200     release_pem4f.oem4f (.bss:taskStackSection)
                  20009590    00000200     sail.lib : bmi160.obj (.bss:v_fifo_data_u8)
                  20009790    00000140     (.common:ti_sysbios_family_arm_m3_Hwi_dispatchTable)
                  200098d0    00000080     (.common:uartMSP432Objects)
                  20009950    00000050     (.common:i2cMSP432Objects)
                  200099a0    00000040     (.common:yas537_data)
                  200099e0    00000030     drivers_msp432p401x.aem4f : GPIOMSP432.oem4f (.bss:gpioCallbackInfo)
                  20009a10    00000020     ti_drivers_config.obj (.bss:uartMSP432RingBuffer0)
                  20009a30    0000001c     (.common:bmi160Sem)
                  20009a4c    0000001c     (.common:displaySem)
                  20009a68    00000014     (.common:s_bmi160)
                  20009a7c    00000010     (.common:i2cParams)
                  20009a8c    00000010     (.common:mag_trim)
                  20009a9c    0000000c     (.common:displayUartObject)
                  20009aa8    0000000c     (.common:fifo_vector_xyz)
                  20009ab4    0000000c     (.common:processed_data)
                  20009ac0    00000008     msp432p4xx_driverlib.lib : cs.o (.bss)
                  20009ac8    00000008     (.common:mag_data)
                  20009ad0    00000004     (.common:ClockP_tickPeriod)
                  20009ad4    00000004     (.common:cbTask)
                  20009ad8    00000004     (.common:dispTask)
                  20009adc    00000004     (.common:display)
                  20009ae0    00000004     (.common:gyr_setting)
                  20009ae4    00000004     (.common:i2c)
                  20009ae8    00000004     (.common:p_bmi160)
                  20009aec    00000004     (.common:ti_sysbios_knl_Task_Instance_State_0_hookEnv__A)
                  20009af0    00000002     (.common:gyro_off_x)
                  20009af2    00000002     (.common:gyro_off_y)
                  20009af4    00000002     (.common:gyro_off_z)
                  20009af6    00000001     (.common:accel_off_x)
                  20009af7    00000001     (.common:accel_off_y)
                  20009af8    00000001     (.common:accel_off_z)

.data      0    20009afc    0000062b     UNINITIALIZED
                  20009afc    00000140     drivers_msp432p401x.aem4f : PowerMSP432.oem4f (.data:PowerMSP432_perfLevels)
                  20009c3c    00000088     sysbios.aem4f : BIOS.obj (.data:$O1$$)
                  20009cc4    00000080     release_pem4f.oem4f (.data:ti_sysbios_knl_Swi_Module_State_0_readyQ__A)
                  20009d44    00000080     release_pem4f.oem4f (.data:ti_sysbios_knl_Task_Module_State_0_readyQ__A)
                  20009dc4    00000054     release_pem4f.oem4f (.data:ti_sysbios_gates_GateMutex_Object__table__V)
                  20009e18    0000004c     release_pem4f.oem4f (.data:ti_sysbios_knl_Task_Object__table__V)
                  20009e64    00000044     release_pem4f.oem4f (.data:ti_sysbios_family_arm_msp432_Timer_Object__table__V)
                  20009ea8    00000044     release_pem4f.oem4f (.data:ti_sysbios_knl_Task_Module__state__V)
                  20009eec    00000034     release_pem4f.oem4f (.data:ti_sysbios_family_arm_m3_Hwi_Module__state__V)
                  20009f20    00000030     release_pem4f.oem4f (.data:ti_sysbios_knl_Swi_Object__table__V)
                  20009f50    0000002c     drivers_msp432p401x.aem4f : PowerMSP432.oem4f (.data:PowerMSP432_module)
                  20009f7c    0000002c     release_pem4f.oem4f (.data:ti_sysbios_knl_Clock_Module__state__V)
                  20009fa8    00000024     release_pem4f.oem4f (.data:ti_sysbios_BIOS_Module__state__V)
                  20009fcc    00000020     release_pem4f.oem4f (.data:ti_sysbios_family_arm_msp432_Timer_Module_State_0_device__A)
                  20009fec    00000020     release_pem4f.oem4f (.data:xdc_runtime_Error_IgnoreBlock)
                  2000a00c    0000001c     release_pem4f.oem4f (.data:ti_sysbios_knl_Swi_Module__state__V)
                  2000a028    00000018     release_pem4f.oem4f (.data:ti_sysbios_family_arm_m3_Hwi_Object__table__V)
                  2000a040    00000018     release_pem4f.oem4f (.data:ti_sysbios_heaps_HeapMem_Object__table__V)
                  2000a058    00000010     release_pem4f.oem4f (.data:ti_sysbios_family_arm_msp432_Timer_Module_State_0_handles__A)
                  2000a068    0000000c     bmi160_support.obj (.data:magxyz)
                  2000a074    0000000c     release_pem4f.oem4f (.data:ti_sysbios_family_arm_msp432_ClockFreqs_Module__state__V)
                  2000a080    0000000c     release_pem4f.oem4f (.data:ti_sysbios_family_arm_msp432_Timer_Module__state__V)
                  2000a08c    00000008     rtsv7M4_T_le_v4SPD16_eabi.lib : _lock.c.obj (.data:$O1$$)
                  2000a094    00000008     release_pem4f.oem4f (.data:ti_sysbios_family_arm_m3_Hwi_Module__root__V)
                  2000a09c    00000008     release_pem4f.oem4f (.data:ti_sysbios_gates_GateHwi_Module__root__V)
                  2000a0a4    00000008     release_pem4f.oem4f (.data:ti_sysbios_gates_GateMutex_Module__root__V)
                  2000a0ac    00000008     release_pem4f.oem4f (.data:ti_sysbios_heaps_HeapMem_Module__root__V)
                  2000a0b4    00000008     release_pem4f.oem4f (.data:ti_sysbios_knl_Clock_Module__root__V)
                  2000a0bc    00000008     release_pem4f.oem4f (.data:ti_sysbios_knl_Queue_Module__root__V)
                  2000a0c4    00000008     release_pem4f.oem4f (.data:ti_sysbios_knl_Semaphore_Module__root__V)
                  2000a0cc    00000008     release_pem4f.oem4f (.data:ti_sysbios_knl_Task_Module__root__V)
                  2000a0d4    00000008     release_pem4f.oem4f (.data:xdc_runtime_Startup_Module__state__V)
                  2000a0dc    00000008     release_pem4f.oem4f (.data:xdc_runtime_System_Module_State_0_atexitHandlers__A)
                  2000a0e4    00000008     release_pem4f.oem4f (.data:xdc_runtime_System_Module__state__V)
                  2000a0ec    00000006     bmi160_support.obj (.data:accelxyz)
                  2000a0f2    00000006     bmi160_support.obj (.data:gyroxyz)
                  2000a0f8    00000004     bmi160_support.obj (.data)
                  2000a0fc    00000004     ti_drivers_config.obj (.data:gpioCallbackFunctions)
                  2000a100    00000004     ti_drivers_config.obj (.data:gpioPinConfigs)
                  2000a104    00000004     rtsv7M4_T_le_v4SPD16_eabi.lib : stkdepth_vars.c.obj (.data)
                  2000a108    00000004     release_pem4f.oem4f (.data:ti_sysbios_family_arm_m3_Hwi_Module_State_0_excContext__A)
                  2000a10c    00000004     release_pem4f.oem4f (.data:ti_sysbios_family_arm_m3_Hwi_Module_State_0_excStack__A)
                  2000a110    00000004     release_pem4f.oem4f (.data:ti_sysbios_gates_GateHwi_Object__table__V)
                  2000a114    00000004     release_pem4f.oem4f (.data:ti_sysbios_knl_Task_Module_State_0_idleTask__A)
                  2000a118    00000004     release_pem4f.oem4f (.data:ti_sysbios_rts_ti_ReentSupport_Module__state__V)
                  2000a11c    00000004     release_pem4f.oem4f (.data:xdc_runtime_Memory_Module__state__V)
                  2000a120    00000002     drivers_msp432p401x.aem4f : GPIOMSP432.oem4f (.data)
                  2000a122    00000002     release_pem4f.oem4f (.data:ti_sysbios_family_arm_m3_Hwi_Module_State_0_excActive__A)
                  2000a124    00000001     drivers_msp432p401x.aem4f : I2C.oem4f (.data)
                  2000a125    00000001                               : UART.oem4f (.data)
                  2000a126    00000001     sail.lib : bmi160.obj (.data)

.priheap   0    20000140    00008000     UNINITIALIZED
                  20000140    00008000     --HOLE--

.stack     0    2000fc00    00000400     UNINITIALIZED
                  2000fc00    00000400     --HOLE--

.bootVecs 
*          0    00000000    00000008     DSECT
                  00000000    00000008     boot.aem4f : boot.oem4f (.bootVecs)

.resetVecs 
*          0    00000000    0000003c     
                  00000000    0000003c     release_pem4f.oem4f (.resetVecs)

.vecs      0    20000000    00000140     NOLOAD SECTION
                  20000000    00000140     release_pem4f.oem4f (.vecs)

xdc.meta   0    00000000    000000fe     COPY SECTION
                  00000000    000000fe     release_pem4f.oem4f (xdc.meta)

xdc.noload 
*          0    00000000    00000000     COPY SECTION

__llvm_prf_cnts 
*          0    20000000    00000000     UNINITIALIZED

.binit     0    00000000    00000000     

MODULE SUMMARY

       Module                       code    ro data   rw data
[...]
0000ca9d  SemaphoreP_delete                                               
0000caa9  _register_lock                                                  
0000cab5  _register_unlock                                                
0000cac1  __TI_zero_init                                                  
0000cad1  pthread_self                                                    
0000cadd  ti_sysbios_family_arm_m3_Hwi_Params__init__S                    
0000cadd  ti_sysbios_hal_Hwi_HwiProxy_Params__init__S                     
0000cae9  ti_sysbios_family_arm_m3_Hwi_disableFxn__E                      
0000cae9  ti_sysbios_hal_Hwi_HwiProxy_disable__E                          
0000caf9  ti_sysbios_family_arm_m3_TaskSupport_getStackAlignment__E       
0000caf9  ti_sysbios_knl_Task_SupportProxy_getStackAlignment__E           
0000cb09  ti_sysbios_family_arm_msp432_Timer_getMaxTicks__E               
0000cb19  ti_sysbios_gates_GateHwi_enter__E                               
0000cb25  ti_sysbios_knl_Clock_Params__init__S                            
0000cb31  ti_sysbios_knl_Queue_Object__get__S                             
0000cb3d  ti_sysbios_knl_Semaphore_Params__init__S                        
0000cb49  ti_sysbios_knl_Task_Params__init__S                             
0000cb59  ti_sysbios_knl_Task_self__E                                     
0000cb69  ti_sysbios_rts_ti_ReentSupport_taskRegHook__I                   
0000cb79  xdc_runtime_Gate_enterSystem__E                                 
0000cb89  xdc_runtime_Startup_rtsDone__E                                  
0000cb95  ClockP_Params_init                                              
0000cb9f  UART_close                                                      
0000cba9  UART_control                                                    
0000cbb3  UART_write                                                      
0000cbc1  sem_post                                                        
0000cbcb  xdc_runtime_Memory_HeapProxy_alloc__E                           
0000cbd5  xdc_runtime_Memory_HeapProxy_free__E                            
0000cbdf  SemaphoreP_Params_init                                          
0000cbf1  pthread_attr_setstacksize                                       
0000cc01  ti_sysbios_family_arm_m3_Hwi_doSwiRestore__I                    
0000cc09  ti_sysbios_family_arm_m3_Hwi_startup__E                         
0000cc09  ti_sysbios_hal_Hwi_HwiProxy_startup__E                          
0000cc09  ti_sysbios_hal_Hwi_startup__E                                   
0000cc21  ti_sysbios_family_arm_m3_Hwi_doTaskRestore__I                   
0000cc29  HwiP_restore                                                    
0000cc29  ti_sysbios_family_arm_m3_Hwi_restoreFxn__E                      
0000cc29  ti_sysbios_hal_Hwi_HwiProxy_restore__E                          
0000cc31  ti_sysbios_gates_GateHwi_leave__E                               
0000cc39  ti_sysbios_heaps_HeapMem_isBlocking__E                          
0000cc41  ti_sysbios_knl_Clock_stop__E                                    
0000cc49  ti_sysbios_knl_Queue_Instance_init__E                           
0000cc51  ti_sysbios_knl_Swi_startup__E                                   
0000cc59  xdc_runtime_System_Module_startup__E                            
0000cc61  __aeabi_errno_addr                                              
0000cc69  pthread_attr_destroy                                            
0000cc71  ti_sysbios_gates_GateHwi_query__E                               
0000cc71  xdc_runtime_Main_Module_GateProxy_query__E                      
0000cc71  xdc_runtime_System_Module_GateProxy_query__E                    
0000cc79  ti_sysbios_BIOS_RtsGateProxy_query__E                           
0000cc79  ti_sysbios_gates_GateMutex_query__E                             
0000cc79  ti_sysbios_heaps_HeapMem_Module_GateProxy_query__E              
0000cc81  ti_sysbios_knl_Clock_setTimeout__E                              
0000cc89  ti_sysbios_knl_Task_startup__E                                  
0000cc91  xdc_runtime_SysCallback_defaultReady                            
0000cc99  ti_sysbios_BIOS_linkedWithIncorrectBootLibrary__E               
0000cca1  ti_sysbios_gates_GateHwi_Instance_init__E                       
0000cca9  ti_sysbios_knl_Clock_logTick__E                                 
0000ccb1  xdc_runtime_SysCallback_defaultAbort                            
0000ccb9  xdc_runtime_SysCallback_defaultExit                             
0000ccc1  xdc_runtime_SysCallback_defaultPutch                            
0000ccc9  xdc_runtime_System_abortSpin__E                                 
0000ccd1  xdc_runtime_System_exitSpin__E                                  
0000cd14  ti_sysbios_knl_Task_Object__PARAMS__C                           
0000cd50  PowerMSP432_config                                              
0000cd88  ti_sysbios_family_arm_m3_Hwi_Object__PARAMS__C                  
0000cde4  UARTMSP432_fxnTable                                             
0000ce0c  ti_sysbios_heaps_HeapMem_Module__FXNS__C                        
0000ce34  UART_defaultParams                                              
0000ce58  ti_sysbios_gates_GateHwi_Module__FXNS__C                        
0000ce7c  ti_sysbios_gates_GateMutex_Module__FXNS__C                      
0000cea0  ti_sysbios_heaps_HeapMem_Object__PARAMS__C                      
0000cec4  ti_sysbios_knl_Clock_Object__PARAMS__C                          
0000cee8  ti_sysbios_knl_Semaphore_Object__PARAMS__C                      
0000cf0c  xdc_runtime_Startup_sfxnTab__A                                  
0000cf30  DisplayUartMin_fxnTable                                         
0000cf70  ti_sysbios_family_arm_m3_Hwi_Object__DESC__C                    
0000cf90  ti_sysbios_gates_GateHwi_Object__DESC__C                        
0000cfb0  ti_sysbios_gates_GateMutex_Object__DESC__C                      
0000cfd0  ti_sysbios_heaps_HeapMem_Object__DESC__C                        
0000cff0  ti_sysbios_knl_Clock_Object__DESC__C                            
0000d010  ti_sysbios_knl_Queue_Object__DESC__C                            
0000d030  ti_sysbios_knl_Semaphore_Object__DESC__C                        
0000d050  ti_sysbios_knl_Task_Object__DESC__C                             
0000d070  I2CMSP432_fxnTable                                              
0000d088  ti_sysbios_gates_GateHwi_Object__PARAMS__C                      
0000d0a0  ti_sysbios_gates_GateMutex_Object__PARAMS__C                    
0000d0b8  ti_sysbios_knl_Queue_Object__PARAMS__C                          
0000d0d0  ti_sysbios_knl_Task_hooks__A                                    
0000d0e8  GPIOMSP432_config                                               
0000d0fc  displayUartHWAttrs                                              
0000d110  i2cMSP432HWAttrs                                                
0000d124  xdc_runtime_Startup_sfxnRts__A                                  
0000d136  ti_sysbios_family_arm_m3_Hwi_Module__id__C                      
0000d138  I2C_defaultParams                                               
0000d148  Display_config                                                  
0000d154  I2C_config                                                      
0000d160  UART_config                                                     
0000d178  xdc_runtime_Startup_firstFxns__A                                
0000d184  ti_sysbios_knl_Idle_funcList__A                                 
0000d18c  ti_sysbios_knl_Idle_funcList__C                                 
0000d194  ti_sysbios_knl_Task_hooks__C                                    
0000d19c  xdc_runtime_Startup_firstFxns__C                                
0000d1a4  xdc_runtime_Startup_lastFxns__C                                 
0000d1c3  Display_defaultParams                                           
0000d1c8  ti_sysbios_family_arm_m3_Hwi_E_alreadyDefined__C                
0000d1cc  ti_sysbios_family_arm_m3_Hwi_E_badIntNum__C                     
0000d1d0  ti_sysbios_family_arm_m3_Hwi_NUM_INTERRUPTS__C                  
0000d1d4  ti_sysbios_family_arm_m3_Hwi_Object__count__C                   
0000d1d8  ti_sysbios_family_arm_m3_Hwi_ccr__C                             
0000d1dc  ti_sysbios_family_arm_m3_Hwi_excHandlerFunc__C                  
0000d1e0  ti_sysbios_family_arm_m3_Hwi_nullIsrFunc__C                     
0000d1e4  ti_sysbios_family_arm_m3_Hwi_priGroup__C                        
0000d1e8  ti_sysbios_family_arm_m3_Hwi_swiDisable__C                      
0000d1ec  ti_sysbios_family_arm_m3_Hwi_swiRestore__C                      
0000d1f0  ti_sysbios_family_arm_m3_TaskSupport_stackAlignment__C          
0000d1f4  ti_sysbios_family_arm_msp432_Timer_numTimerDevices__C           
0000d1f8  ti_sysbios_family_arm_msp432_Timer_startupNeeded__C             
0000d1fc  ti_sysbios_gates_GateMutex_Instance_State_sem__O                
0000d200  ti_sysbios_heaps_HeapMem_E_memory__C                            
0000d204  ti_sysbios_heaps_HeapMem_Module__gateObj__C                     
0000d208  ti_sysbios_heaps_HeapMem_Object__count__C                       
0000d20c  ti_sysbios_heaps_HeapMem_primaryHeapBaseAddr__C                 
0000d210  ti_sysbios_heaps_HeapMem_primaryHeapEndAddr__C                  
0000d214  ti_sysbios_heaps_HeapMem_reqAlign__C                            
0000d218  ti_sysbios_knl_Clock_Module_State_clockQ__O                     
0000d21c  ti_sysbios_knl_Clock_tickPeriod__C                              
0000d220  ti_sysbios_knl_Mailbox_Instance_State_freeQue__O                
0000d224  ti_sysbios_knl_Mailbox_Object__count__C                         
0000d228  ti_sysbios_knl_Mailbox_maxTypeAlign__C                          
0000d22c  ti_sysbios_knl_Semaphore_Instance_State_pendQ__O                
0000d230  ti_sysbios_knl_Swi_Object__count__C                             
0000d234  ti_sysbios_knl_Task_Module_State_inactiveQ__O                   
0000d238  ti_sysbios_knl_Task_Object__count__C                            
0000d23c  ti_sysbios_knl_Task_Object__heap__C                             
0000d240  ti_sysbios_knl_Task_allBlockedFunc__C                           
0000d244  ti_sysbios_knl_Task_defaultStackHeap__C                         
0000d248  ti_sysbios_knl_Task_defaultStackSize__C                         
0000d24c  ti_sysbios_knl_Task_numConstructedTasks__C                      
0000d250  xdc_runtime_Error_E_memory__C                                   
0000d254  xdc_runtime_Error_policyFxn__C                                  
0000d258  xdc_runtime_IGateProvider_Interface__BASE__C                    
0000d25c  xdc_runtime_IHeap_Interface__BASE__C                            
0000d260  xdc_runtime_IModule_Interface__BASE__C                          
0000d264  xdc_runtime_Memory_defaultHeapInstance__C                       
0000d268  xdc_runtime_Startup_execImpl__C                                 
0000d26c  xdc_runtime_Startup_maxPasses__C                                
0000d270  xdc_runtime_Startup_sfxnRts__C                                  
0000d274  xdc_runtime_Startup_sfxnTab__C                                  
0000d278  xdc_runtime_SysCallback_abortFxn__C                             
0000d27c  xdc_runtime_SysCallback_exitFxn__C                              
0000d280  xdc_runtime_SysCallback_putchFxn__C                             
0000d284  xdc_runtime_SysCallback_readyFxn__C                             
0000d288  xdc_runtime_System_Module__gateObj__C                           
0000d28c  xdc_runtime_System_abortFxn__C                                  
0000d290  xdc_runtime_System_exitFxn__C                                   
0000d294  xdc_runtime_System_extendFxn__C                                 
0000d298  xdc_runtime_System_maxAtexitHandlers__C                         
0000d29c  Display_count                                                   
0000d29d  I2C_count                                                       
0000d29e  UART_count                                                      
0000d29f  xdc_runtime_Error_policy__C                                     
0000d2a0  ti_sysbios_family_arm_msp432_init_Boot_bypassHFXT__C            
0000d2a2  ti_sysbios_family_arm_msp432_init_Boot_bypassLFXT__C            
0000d2a4  ti_sysbios_family_arm_msp432_init_Boot_enableHFXT__C            
0000d2a6  ti_sysbios_family_arm_msp432_init_Boot_enableLFXT__C            
0000d2a8  ti_sysbios_heaps_HeapMem_Module__id__C                          
0000d2aa  xdc_runtime_Memory_Module__id__C                                
0000d2b0  __TI_static_base__                                              
0000d4c8  __TI_Handler_Table_Base                                         
0000d4d4  __TI_Handler_Table_Limit                                        
0000d4e0  __TI_CINIT_Base                                                 
0000d4f0  __TI_CINIT_Limit                                                
20000000  __start___llvm_prf_cnts                                         
20000000  __stop___llvm_prf_cnts                                          
20000000  ti_sysbios_family_arm_m3_Hwi_ramVectors                         
20000140  __primary_heap_start__                                          
20008140  __primary_heap_end__                                            
20008140  header_data                                                     
20009390  ti_sysbios_knl_Task_Instance_State_0_stack__A                   
20009790  ti_sysbios_family_arm_m3_Hwi_dispatchTable                      
200098d0  uartMSP432Objects                                               
20009950  i2cMSP432Objects                                                
200099a0  yas537_data                                                     
20009a30  bmi160Sem                                                       
20009a4c  displaySem                                                      
20009a68  s_bmi160                                                        
20009a7c  i2cParams                                                       
20009a8c  mag_trim                                                        
20009a9c  displayUartObject                                               
20009aa8  fifo_vector_xyz                                                 
20009ab4  processed_data                                                  
20009ac8  mag_data                                                        
20009ad0  ClockP_tickPeriod                                               
20009ad4  cbTask                                                          
20009ad8  dispTask                                                        
20009adc  display                                                         
20009ae0  gyr_setting                                                     
20009ae4  i2c                                                             
20009ae8  p_bmi160                                                        
20009aec  ti_sysbios_knl_Task_Instance_State_0_hookEnv__A                 
20009af0  gyro_off_x                                                      
20009af2  gyro_off_y                                                      
20009af4  gyro_off_z                                                      
20009af6  accel_off_x                                                     
20009af7  accel_off_y                                                     
20009af8  accel_off_z                                                     
20009afc  PowerMSP432_perfLevels                                          
20009cc4  ti_sysbios_knl_Swi_Module_State_0_readyQ__A                     
20009d44  ti_sysbios_knl_Task_Module_State_0_readyQ__A                    
20009dc4  ti_sysbios_gates_GateMutex_Object__table__V                     
20009e18  ti_sysbios_knl_Task_Object__table__V                            
20009e64  ti_sysbios_family_arm_msp432_Timer_Object__table__V             
20009ea8  ti_sysbios_knl_Task_Module__state__V                            
20009eec  ti_sysbios_family_arm_m3_Hwi_Module__state__V                   
20009f20  ti_sysbios_knl_Swi_Object__table__V                             
20009f50  PowerMSP432_module                                              
20009f7c  ti_sysbios_knl_Clock_Module__state__V                           
20009fa8  ti_sysbios_BIOS_Module__state__V                                
20009fcc  ti_sysbios_family_arm_msp432_Timer_Module_State_0_device__A     
20009fec  xdc_runtime_Error_IgnoreBlock                                   
2000a00c  ti_sysbios_knl_Swi_Module__state__V                             
2000a028  ti_sysbios_family_arm_m3_Hwi_Object__table__V                   
2000a040  ti_sysbios_heaps_HeapMem_Object__table__V                       
2000a058  ti_sysbios_family_arm_msp432_Timer_Module_State_0_handles__A    
2000a068  magxyz                                                          
2000a074  ti_sysbios_family_arm_msp432_ClockFreqs_Module__state__V        
2000a080  ti_sysbios_family_arm_msp432_Timer_Module__state__V             
2000a08c  _lock                                                           
2000a090  _unlock                                                         
2000a094  ti_sysbios_family_arm_m3_Hwi_Module__root__V                    
2000a09c  ti_sysbios_gates_GateHwi_Module__root__V                        
2000a0a4  ti_sysbios_gates_GateMutex_Module__root__V                      
2000a0ac  ti_sysbios_heaps_HeapMem_Module__root__V                        
2000a0b4  ti_sysbios_knl_Clock_Module__root__V                            
2000a0bc  ti_sysbios_knl_Queue_Module__root__V                            
2000a0c4  ti_sysbios_knl_Semaphore_Module__root__V                        
2000a0cc  ti_sysbios_knl_Task_Module__root__V                             
2000a0d4  xdc_runtime_Startup_Module__state__V                            
2000a0dc  xdc_runtime_System_Module_State_0_atexitHandlers__A             
2000a0e4  xdc_runtime_System_Module__state__V                             
2000a0ec  accelxyz                                                        
2000a0f2  gyroxyz                                                         
2000a0fc  gpioCallbackFunctions                                           
2000a100  gpioPinConfigs                                                  
2000a104  main_func_sp                                                    
2000a108  ti_sysbios_family_arm_m3_Hwi_Module_State_0_excContext__A       
2000a10c  ti_sysbios_family_arm_m3_Hwi_Module_State_0_excStack__A         
2000a110  ti_sysbios_gates_GateHwi_Object__table__V                       
2000a114  ti_sysbios_knl_Task_Module_State_0_idleTask__A                  
2000a118  ti_sysbios_rts_ti_ReentSupport_Module__state__V                 
2000a11c  xdc_runtime_Memory_Module__state__V                             
2000a122  ti_sysbios_family_arm_m3_Hwi_Module_State_0_excActive__A        
2000a126  V_bmm150_maual_auto_condition_u8                                
2000fc00  __stack                                                         
20010000  __STACK_END                                                     
4000480c  WDTCTL_SYM                                                      
e000e000  ti_sysbios_family_arm_m3_Hwi_nvic                               
ffffffff  __TI_pprof_out_hndl                                             
ffffffff  __TI_prof_data_size                                             
ffffffff  __TI_prof_data_start                                            
ffffffff  __binit__                                                       
ffffffff  __c_args__                                                      
ffffffff  binit                                                           
UNDEFED   SHT$$INIT_ARRAY$$Base                                           
UNDEFED   SHT$$INIT_ARRAY$$Limit                                          

[696 symbols]
